Microchip MPLAB XC8 Compiler V2.36

Linker command line:

-W-3 --edf=C:\Program Files\Microchip\xc8\v2.36\pic\dat\en_msgs.txt -cn \
  -h+dist/default/production\EEPROM_USART_Long_Int_To_EEPROM.X.production.sym \
  --cmf=dist/default/production\EEPROM_USART_Long_Int_To_EEPROM.X.production.cmf \
  -z -Q18F45K20 -oC:\Users\Usmaan\AppData\Local\Temp\xcAsbvc.4 \
  --defsym=__MPLAB_BUILD=1 \
  -Mdist/default/production/EEPROM_USART_Long_Int_To_EEPROM.X.production.map \
  --md=C:\Users\Usmaan\AppData\Local\Temp\xcAsbvc.dat -E1 -ver=XC8 Compiler \
  --acfsm=1493 -ACODE=00h-07FFFh -ACONST=00h-07FFFh \
  -ASMALLCONST=0600h-06FFhx122 -AMEDIUMCONST=0600h-07FFFh -ACOMRAM=01h-05Fh \
  -AABS1=00h-05FFh -ABIGRAM=01h-05FFh -ARAM=060h-0FFh,0100h-01FFhx5 \
  -ABANK0=060h-0FFh -ABANK1=0100h-01FFh -ABANK2=0200h-02FFh \
  -ABANK3=0300h-03FFh -ABANK4=0400h-04FFh -ABANK5=0500h-05FFh \
  -ASFR=0F60h-0FFFh -ABIGSFR=0F60h-0FFFh -ACONFIG=0300000h-030000Dh \
  -AIDLOC=0200000h-0200007h -AEEDATA=0F00000h-0F000FFh -peeprom_data=EEDATA \
  -preset_vec=00h,intcode,intcodelo,powerup,init -pramtop=0600h \
  -psmallconst=SMALLCONST -pmediumconst=MEDIUMCONST -pconst=CONST \
  -AFARRAM=00h-00h \
  -prdata=COMRAM,nvrram=COMRAM,nvbit=COMRAM,rbss=COMRAM,rbit=COMRAM \
  -pfarbss=FARRAM,fardata=FARRAM,nvFARRAM=FARRAM \
  -pintsave_regs=BIGRAM,bigbss=BIGRAM,bigdata=BIGRAM -pbss=RAM \
  -pidata=CODE,irdata=CODE,ibigdata=CODE,ifardata=CODE -prparam=COMRAM \
  C:\Users\Usmaan\AppData\Local\Temp\xcAsbvc.o \
  dist/default/production\EEPROM_USART_Long_Int_To_EEPROM.X.production.o 

Object code version is 3.11

Machine type is 18F45K20



                Name                               Link     Load   Length Selector   Space Scale
C:\Users\Usmaan\AppData\Local\Temp\xcAsbvc.o
                idloc                            200000   200000        8        0       5
                config                           300000   300000        E        0       4
                init                                  0        0        4        0       0
dist/default/production\EEPROM_USART_Long_Int_To_EEPROM.X.production.o
                idloc                            200000   200000        8        0       5
                config                           300000   300000        E        0       4
                smallconst                          600      600       40      300       0
                text33                             18BA     18BA        A      320       0
                text32                             18B0     18B0        A      320       0
                text31                             18A6     18A6        A      320       0
                text30                             1716     1716       40      320       0
                text29                             189C     189C        A      320       0
                text28                             17C8     17C8       30      320       0
                text27                             188E     188E        E      320       0
                text26                             1826     1826       2A      320       0
                text25                             187A     187A       14      320       0
                text24                             164A     164A       48      320       0
                text23                             1850     1850       16      320       0
                text22                             14FA     14FA       5E      320       0
                text21                             142E     142E       6A      320       0
                text20                             1790     1790       38      320       0
                text19                             15AA     15AA       52      320       0
                text18                              B4E      B4E      19E      320       0
                text17                             1866     1866       14      320       0
                text16                             137E     137E       B0      320       0
                text15                             18CC     18CC        2      C66       0
                text14                             11F2     11F2       CA      320       0
                text13                             15FC     15FC       4E      320       0
                text12                              CEC      CEC      198      320       0
                text11                              F74      F74       DE      320       0
                text10                              E84      E84       F0      320       0
                text9                              1122     1122       D0      320       0
                text8                              1692     1692       44      320       0
                text7                              12BC     12BC       C2      320       0
                text6                               94E      94E      200      320       0
                text5                               640      640      30E      320       0
                text4                              1498     1498       62      320       0
                text3                              1558     1558       52      320       0
                text2                              16D6     16D6       40      320       0
                text1                              17F8     17F8       2E      320       0
                text0                              1052     1052       D0      320       0
                cstackCOMRAM                          1        1       5D        1       1
                cstackBANK0                          C1       C1       17       60       1
                dataBANK0                            D8       D8        7       60       1
                bssBANK0                             60       60       61       60       1
                bssCOMRAM                            5E       5E        2        1       1
                cinit                              1756     1756       3A      320       0
                nvBANK0                              DF       DF        6       60       1
                idataBANK0                         18C4     18C4        7      320       0

TOTAL           Name                               Link     Load   Length     Space
        CLASS   CODE           
                init                                  0        0        4         0
                text33                             18BA     18BA        A         0
                text32                             18B0     18B0        A         0
                text31                             18A6     18A6        A         0
                text30                             1716     1716       40         0
                text29                             189C     189C        A         0
                text28                             17C8     17C8       30         0
                text27                             188E     188E        E         0
                text26                             1826     1826       2A         0
                text25                             187A     187A       14         0
                text24                             164A     164A       48         0
                text23                             1850     1850       16         0
                text22                             14FA     14FA       5E         0
                text21                             142E     142E       6A         0
                text20                             1790     1790       38         0
                text19                             15AA     15AA       52         0
                text18                              B4E      B4E      19E         0
                text17                             1866     1866       14         0
                text16                             137E     137E       B0         0
                text15                             18CC     18CC        2         0
                text14                             11F2     11F2       CA         0
                text13                             15FC     15FC       4E         0
                text12                              CEC      CEC      198         0
                text11                              F74      F74       DE         0
                text10                              E84      E84       F0         0
                text9                              1122     1122       D0         0
                text8                              1692     1692       44         0
                text7                              12BC     12BC       C2         0
                text6                               94E      94E      200         0
                text5                               640      640      30E         0
                text4                              1498     1498       62         0
                text3                              1558     1558       52         0
                text2                              16D6     16D6       40         0
                text1                              17F8     17F8       2E         0
                text0                              1052     1052       D0         0
                cinit                              1756     1756       3A         0
                idataBANK0                         18C4     18C4        7         0

        CLASS   CONST          

        CLASS   SMALLCONST     
                smallconst                          600      600       40         0

        CLASS   MEDIUMCONST    

        CLASS   COMRAM         
                cstackCOMRAM                          1        1       5D         1
                bssCOMRAM                            5E       5E        2         1

        CLASS   ABS1           

        CLASS   BIGRAM         

        CLASS   RAM            

        CLASS   BANK0          
                cstackBANK0                          C1       C1       17         1
                dataBANK0                            D8       D8        7         1
                bssBANK0                             60       60       61         1
                nvBANK0                              DF       DF        6         1

        CLASS   BANK1          

        CLASS   BANK2          

        CLASS   BANK3          

        CLASS   BANK4          

        CLASS   BANK5          

        CLASS   SFR            

        CLASS   BIGSFR         

        CLASS   CONFIG         
                config                           300000   300000        E         4

        CLASS   IDLOC          
                idloc                            200000   200000        8         5

        CLASS   EEDATA         

        CLASS   FARRAM         

        CLASS   HEAP           

        CLASS   STACK          



SEGMENTS        Name                           Load    Length   Top    Selector   Space  Class

                reset_vec                      000000  000004  000004         0       0  CODE    
                cstackCOMRAM                   000001  00005F  000060         1       1  COMRAM  
                bssBANK0                       000060  000085  0000E5        60       1  BANK0   
                smallconst                     000600  000040  000640       300       0  SMALLCON
                text5                          000640  00128B  0018CB       320       0  CODE    
                text15                         0018CC  000002  0018CE       C66       0  CODE    


UNUSED ADDRESS RANGES

        Name                Unused          Largest block    Delta
        BANK0            0000E5-0000FF               1B
        BANK1            000100-0001FF              100
        BANK2            000200-0002FF              100
        BANK3            000300-0003FF              100
        BANK4            000400-0004FF              100
        BANK5            000500-0005FF              100
        BIGRAM           0000E5-0005FF              51B
        BIGSFR           000F60-000FFF               A0
        CODE             000004-0005FF              5FC
                         0018CB-0018CB                1
                         0018CE-007FFF             6732
        CONST            000004-0005FF              5FC
                         0018CB-0018CB                1
                         0018CE-007FFF             6732
        EEDATA           F00000-F000FF              100
        MEDIUMCONST      0018CB-0018CB                1
                         0018CE-007FFF             6732
        RAM              0000E5-0005FF              100
        SFR              000F60-000FFF               A0
        SMALLCONST       0018CB-0018CB                1
                         0018CE-007FFF              100

                                  Symbol Table

?___lmul                                       cstackCOMRAM 000001
?___lodiv                                      cstackCOMRAM 000001
?___lomod                                      cstackCOMRAM 000001
?_atol                                         cstackCOMRAM 00000D
?_isdigit                                      cstackCOMRAM 000001
?_isspace                                      cstackCOMRAM 000001
?_pad                                          cstackCOMRAM 000011
?_readLongFromEEPROM                           cstackCOMRAM 000002
?_sprintf                                      cstackBANK0  0000C1
?_stoa                                         cstackCOMRAM 00000A
?_strlen                                       cstackCOMRAM 000001
?_strncmp                                      cstackCOMRAM 000001
?_utoa                                         cstackCOMRAM 00001C
?_vfpfcnvrt                                    cstackCOMRAM 00003C
?_vfprintf                                     cstackCOMRAM 000054
DATAEE_ReadByte@bAdd                           cstackCOMRAM 000001
DATAEE_WriteByte@GIEBitValue                   cstackCOMRAM 000003
DATAEE_WriteByte@bAdd                          cstackCOMRAM 000002
DATAEE_WriteByte@bData                         cstackCOMRAM 000001
EUSART_SetErrorHandler@interruptHandler        cstackCOMRAM 000001
EUSART_SetFramingErrorHandler@interruptHandler cstackCOMRAM 000001
EUSART_SetOverrunErrorHandler@interruptHandler cstackCOMRAM 000001
EUSART_Write@txData                            cstackCOMRAM 000001
USART_String_Receive@buffer                    cstackCOMRAM 000001
USART_String_Receive@data                      cstackCOMRAM 000004
USART_String_Receive@i                         cstackCOMRAM 000005
USART_String_Receive@len                       cstackCOMRAM 000003
USART_String_Transmit@string                   cstackCOMRAM 000002
_ANSEL                                         (abs)        000F7E
_ANSELH                                        (abs)        000F7F
_ASCII_Conversion                              bssBANK0     00006F
_BAUDCON                                       (abs)        000FB8
_DATAEE_ReadByte                               text17       001866
_DATAEE_WriteByte                              text2        0016D6
_EEADR                                         (abs)        000FA9
_EECON1bits                                    (abs)        000FA6
_EECON2                                        (abs)        000FA7
_EEDATA                                        (abs)        000FA8
_EUSART_DefaultErrorHandler                    (abs)        000000
_EUSART_DefaultFramingErrorHandler             (abs)        000000
_EUSART_DefaultOverrunErrorHandler             (abs)        000000
_EUSART_ErrorHandler                           nvBANK0      0000DF
_EUSART_FramingErrorHandler                    nvBANK0      0000E3
_EUSART_Initialize                             text30       001716
_EUSART_OverrunErrorHandler                    nvBANK0      0000E1
_EUSART_Read                                   text26       001826
_EUSART_SetErrorHandler                        text33       0018BA
_EUSART_SetFramingErrorHandler                 text32       0018B0
_EUSART_SetOverrunErrorHandler                 text31       0018A6
_EUSART_Write                                  text23       001850
_EUSART_is_rx_ready                            text25       00187A
_Entered_Value                                 bssBANK0     000064
_INTCON2bits                                   (abs)        000FF1
_INTCONbits                                    (abs)        000FF2
_LATA                                          (abs)        000F89
_LATB                                          (abs)        000F8A
_LATC                                          (abs)        000F8B
_LATD                                          (abs)        000F8C
_LATE                                          (abs)        000F8D
_OSCCON                                        (abs)        000FD3
_OSCILLATOR_Initialize                         text29       00189C
_OSCTUNE                                       (abs)        000F9B
_PIN_MANAGER_Initialize                        text28       0017C8
_PIR1bits                                      (abs)        000F9E
_PIR2bits                                      (abs)        000FA1
_RCREG                                         (abs)        000FAE
_RCSTA                                         (abs)        000FAB
_RCSTAbits                                     (abs)        000FAB
_SPBRG                                         (abs)        000FAF
_SPBRGH                                        (abs)        000FB0
_SYSTEM_Initialize                             text27       00188E
_TABLAT                                        (abs)        000FF5
_TBLPTRH                                       (abs)        000FF7
_TBLPTRL                                       (abs)        000FF6
_TBLPTRU                                       (abs)        000FF8
_TRISA                                         (abs)        000F92
_TRISB                                         (abs)        000F93
_TRISC                                         (abs)        000F94
_TRISD                                         (abs)        000F95
_TRISE                                         (abs)        000F96
_TXREG                                         (abs)        000FAD
_TXSTA                                         (abs)        000FAC
_TXSTAbits                                     (abs)        000FAC
_USART_String_Receive                          text24       00164A
_USART_String_Transmit                         text22       0014FA
_WPUB                                          (abs)        000F7C
__HRAM                                         (abs)        000000
__Habs1                                        abs1         000000
__Hbank0                                       bank0        000000
__Hbank1                                       bank1        000000
__Hbank2                                       bank2        000000
__Hbank3                                       bank3        000000
__Hbank4                                       bank4        000000
__Hbank5                                       bank5        000000
__Hbigbss                                      bigbss       000000
__Hbigdata                                     bigdata      000000
__Hbigram                                      bigram       000000
__Hbigsfr                                      bigsfr       000000
__Hbss                                         bss          000000
__HbssBANK0                                    bssBANK0     000000
__HbssCOMRAM                                   bssCOMRAM    000000
__Hcinit                                       cinit        000000
__Hclrtext                                     clrtext      000000
__Hcomram                                      comram       000000
__Hconfig                                      config       30000E
__Hconst                                       const        000000
__HcstackBANK0                                 cstackBANK0  000000
__HcstackCOMRAM                                cstackCOMRAM 000000
__Hdata                                        data         000000
__HdataBANK0                                   dataBANK0    000000
__Heeprom_data                                 eeprom_data  000000
__Hfarbss                                      farbss       000000
__Hfardata                                     fardata      000000
__Hheap                                        heap         000000
__Hibigdata                                    ibigdata     000000
__Hidata                                       idata        000000
__HidataBANK0                                  idataBANK0   000000
__Hidloc                                       idloc        200008
__Hifardata                                    ifardata     000000
__Hinit                                        init         000004
__Hintcode                                     intcode      000000
__Hintcode_body                                intcode_body 000000
__Hintcodelo                                   intcodelo    000000
__Hintentry                                    intentry     000000
__Hintret                                      intret       000000
__Hintsave_regs                                intsave_regs 000000
__Hirdata                                      irdata       000000
__Hmediumconst                                 mediumconst  000000
__HnvBANK0                                     nvBANK0      000000
__HnvFARRAM                                    nvFARRAM     000000
__Hnvbit                                       nvbit        000000
__Hnvrram                                      nvrram       000000
__Hparam                                       rparam       000000
__Hpowerup                                     powerup      000000
__Hram                                         ram          000000
__Hramtop                                      ramtop       000600
__Hrbit                                        rbit         000000
__Hrbss                                        rbss         000000
__Hrdata                                       rdata        000000
__Hreset_vec                                   reset_vec    000000
__Hrparam                                      rparam       000000
__Hsfr                                         sfr          000000
__Hsmallconst                                  smallconst   000640
__Hspace_0                                     (abs)        0018CE
__Hspace_1                                     (abs)        0000E5
__Hspace_2                                     (abs)        000000
__Hspace_4                                     (abs)        60000E
__Hstack                                       stack        000000
__Hstruct                                      struct       000000
__Htemp                                        temp         000000
__Htext                                        text         000000
__Htext0                                       text0        000000
__Htext1                                       text1        000000
__Htext10                                      text10       000000
__Htext11                                      text11       000000
__Htext12                                      text12       000000
__Htext13                                      text13       000000
__Htext14                                      text14       000000
__Htext15                                      text15       000000
__Htext16                                      text16       000000
__Htext17                                      text17       000000
__Htext18                                      text18       000000
__Htext19                                      text19       000000
__Htext2                                       text2        000000
__Htext20                                      text20       000000
__Htext21                                      text21       000000
__Htext22                                      text22       000000
__Htext23                                      text23       000000
__Htext24                                      text24       000000
__Htext25                                      text25       000000
__Htext26                                      text26       000000
__Htext27                                      text27       000000
__Htext28                                      text28       000000
__Htext29                                      text29       000000
__Htext3                                       text3        000000
__Htext30                                      text30       000000
__Htext31                                      text31       000000
__Htext32                                      text32       000000
__Htext33                                      text33       000000
__Htext4                                       text4        000000
__Htext5                                       text5        000000
__Htext6                                       text6        000000
__Htext7                                       text7        000000
__Htext8                                       text8        000000
__Htext9                                       text9        000000
__LRAM                                         (abs)        000001
__Labs1                                        abs1         000000
__Lbank0                                       bank0        000000
__Lbank1                                       bank1        000000
__Lbank2                                       bank2        000000
__Lbank3                                       bank3        000000
__Lbank4                                       bank4        000000
__Lbank5                                       bank5        000000
__Lbigbss                                      bigbss       000000
__Lbigdata                                     bigdata      000000
__Lbigram                                      bigram       000000
__Lbigsfr                                      bigsfr       000000
__Lbss                                         bss          000000
__LbssBANK0                                    bssBANK0     000000
__LbssCOMRAM                                   bssCOMRAM    000000
__Lcinit                                       cinit        000000
__Lclrtext                                     clrtext      000000
__Lcomram                                      comram       000000
__Lconfig                                      config       000000
__Lconst                                       const        000000
__LcstackBANK0                                 cstackBANK0  000000
__LcstackCOMRAM                                cstackCOMRAM 000000
__Ldata                                        data         000000
__LdataBANK0                                   dataBANK0    000000
__Leeprom_data                                 eeprom_data  000000
__Lfarbss                                      farbss       000000
__Lfardata                                     fardata      000000
__Lheap                                        heap         000000
__Libigdata                                    ibigdata     000000
__Lidata                                       idata        000000
__LidataBANK0                                  idataBANK0   000000
__Lidloc                                       idloc        000000
__Lifardata                                    ifardata     000000
__Linit                                        init         000000
__Lintcode                                     intcode      000000
__Lintcode_body                                intcode_body 000000
__Lintcodelo                                   intcodelo    000000
__Lintentry                                    intentry     000000
__Lintret                                      intret       000000
__Lintsave_regs                                intsave_regs 000000
__Lirdata                                      irdata       000000
__Lmediumconst                                 mediumconst  000000
__LnvBANK0                                     nvBANK0      000000
__LnvFARRAM                                    nvFARRAM     000000
__Lnvbit                                       nvbit        000000
__Lnvrram                                      nvrram       000000
__Lparam                                       rparam       000000
__Lpowerup                                     powerup      000000
__Lram                                         ram          000000
__Lramtop                                      ramtop       000600
__Lrbit                                        rbit         000000
__Lrbss                                        rbss         000000
__Lrdata                                       rdata        000000
__Lreset_vec                                   reset_vec    000000
__Lrparam                                      rparam       000000
__Lsfr                                         sfr          000000
__Lsmallconst                                  smallconst   000600
__Lspace_0                                     (abs)        000000
__Lspace_1                                     (abs)        000000
__Lspace_2                                     (abs)        000000
__Lspace_4                                     (abs)        000000
__Lstack                                       stack        000000
__Lstruct                                      struct       000000
__Ltemp                                        temp         000000
__Ltext                                        text         000000
__Ltext0                                       text0        000000
__Ltext1                                       text1        000000
__Ltext10                                      text10       000000
__Ltext11                                      text11       000000
__Ltext12                                      text12       000000
__Ltext13                                      text13       000000
__Ltext14                                      text14       000000
__Ltext15                                      text15       000000
__Ltext16                                      text16       000000
__Ltext17                                      text17       000000
__Ltext18                                      text18       000000
__Ltext19                                      text19       000000
__Ltext2                                       text2        000000
__Ltext20                                      text20       000000
__Ltext21                                      text21       000000
__Ltext22                                      text22       000000
__Ltext23                                      text23       000000
__Ltext24                                      text24       000000
__Ltext25                                      text25       000000
__Ltext26                                      text26       000000
__Ltext27                                      text27       000000
__Ltext28                                      text28       000000
__Ltext29                                      text29       000000
__Ltext3                                       text3        000000
__Ltext30                                      text30       000000
__Ltext31                                      text31       000000
__Ltext32                                      text32       000000
__Ltext33                                      text33       000000
__Ltext4                                       text4        000000
__Ltext5                                       text5        000000
__Ltext6                                       text6        000000
__Ltext7                                       text7        000000
__Ltext8                                       text8        000000
__Ltext9                                       text9        000000
__S0                                           (abs)        0018CE
__S1                                           (abs)        0000E5
__S4                                           (abs)        000000
__S5                                           (abs)        000000
___heap_hi                                     (abs)        000000
___heap_lo                                     (abs)        000000
___inthi_sp                                    stack        000000
___intlo_sp                                    stack        000000
___lmul                                        text21       00142E
___lmul@multiplicand                           cstackCOMRAM 000005
___lmul@multiplier                             cstackCOMRAM 000001
___lmul@product                                cstackCOMRAM 000009
___lodiv                                       text10       000E84
___lodiv@counter                               cstackCOMRAM 000019
___lodiv@dividend                              cstackCOMRAM 000001
___lodiv@divisor                               cstackCOMRAM 000009
___lodiv@quotient                              cstackCOMRAM 000011
___lomod                                       text9        001122
___lomod@counter                               cstackCOMRAM 000011
___lomod@dividend                              cstackCOMRAM 000001
___lomod@divisor                               cstackCOMRAM 000009
___param_bank                                  (abs)        000000
___rparam_used                                 (abs)        000001
___sp                                          stack        000000
__accesstop                                    (abs)        000060
__activetblptr                                 (abs)        000002
__end_of_DATAEE_ReadByte                       text17       00187A
__end_of_DATAEE_WriteByte                      text2        001716
__end_of_EUSART_Initialize                     text30       001756
__end_of_EUSART_Read                           text26       001850
__end_of_EUSART_SetErrorHandler                text33       0018C4
__end_of_EUSART_SetFramingErrorHandler         text32       0018BA
__end_of_EUSART_SetOverrunErrorHandler         text31       0018B0
__end_of_EUSART_Write                          text23       001866
__end_of_EUSART_is_rx_ready                    text25       00188E
__end_of_OSCILLATOR_Initialize                 text29       0018A6
__end_of_PIN_MANAGER_Initialize                text28       0017F8
__end_of_SYSTEM_Initialize                     text27       00189C
__end_of_USART_String_Receive                  text24       001692
__end_of_USART_String_Transmit                 text22       001558
__end_of___lmul                                text21       001498
__end_of___lodiv                               text10       000F74
__end_of___lomod                               text9        0011F2
__end_of__initialization                       cinit        001786
__end_of_atol                                  text18       000CEC
__end_of_fputc                                 text14       0012BC
__end_of_fputs                                 text8        0016D6
__end_of_isdigit                               text20       0017C8
__end_of_isspace                               text19       0015FC
__end_of_main                                  text0        001122
__end_of_pad                                   text7        00137E
__end_of_putch                                 text15       0018CE
__end_of_readLongFromEEPROM                    text16       00142E
__end_of_sprintf                               text3        0015AA
__end_of_stoa                                  text12       000E84
__end_of_strlen                                text13       00164A
__end_of_strncmp                               text11       001052
__end_of_utoa                                  text6        000B4E
__end_of_vfpfcnvrt                             text5        00094E
__end_of_vfprintf                              text4        0014FA
__end_of_writeLongIntoEEPROM                   text1        001826
__initialization                               cinit        001756
__mediumconst                                  mediumconst  000000
__pbssBANK0                                    bssBANK0     000060
__pbssCOMRAM                                   bssCOMRAM    00005E
__pcinit                                       cinit        001756
__pcstackBANK0                                 cstackBANK0  0000C1
__pcstackCOMRAM                                cstackCOMRAM 000001
__pdataBANK0                                   dataBANK0    0000D8
__pidataBANK0                                  idataBANK0   0018C4
__pnvBANK0                                     nvBANK0      0000DF
__psmallconst                                  smallconst   000600
__ptext0                                       text0        001052
__ptext1                                       text1        0017F8
__ptext10                                      text10       000E84
__ptext11                                      text11       000F74
__ptext12                                      text12       000CEC
__ptext13                                      text13       0015FC
__ptext14                                      text14       0011F2
__ptext15                                      text15       0018CC
__ptext16                                      text16       00137E
__ptext17                                      text17       001866
__ptext18                                      text18       000B4E
__ptext19                                      text19       0015AA
__ptext2                                       text2        0016D6
__ptext20                                      text20       001790
__ptext21                                      text21       00142E
__ptext22                                      text22       0014FA
__ptext23                                      text23       001850
__ptext24                                      text24       00164A
__ptext25                                      text25       00187A
__ptext26                                      text26       001826
__ptext27                                      text27       00188E
__ptext28                                      text28       0017C8
__ptext29                                      text29       00189C
__ptext3                                       text3        001558
__ptext30                                      text30       001716
__ptext31                                      text31       0018A6
__ptext32                                      text32       0018B0
__ptext33                                      text33       0018BA
__ptext4                                       text4        001498
__ptext5                                       text5        000640
__ptext6                                       text6        00094E
__ptext7                                       text7        0012BC
__ptext8                                       text8        001692
__ptext9                                       text9        001122
__ramtop                                       ramtop       000600
__smallconst                                   smallconst   000600
_atol                                          text18       000B4E
_dbuf                                          bssBANK0     0000A1
_eusartRxLastError                             bssBANK0     00006E
_flags                                         bssCOMRAM    00005E
_fputc                                         text14       0011F2
_fputs                                         text8        001692
_isdigit                                       text20       001790
_isspace                                       text19       0015AA
_isspace$1099                                  cstackCOMRAM 000007
_main                                          text0        001052
_nout                                          bssBANK0     000068
_number                                        bssBANK0     000060
_pad                                           text7        0012BC
_prec                                          bssBANK0     00006C
_putch                                         text15       0018CC
_readLongFromEEPROM                            text16       00137E
_sprintf                                       text3        001558
_stoa                                          text12       000CEC
_strlen                                        text13       0015FC
_strncmp                                       text11       000F74
_utoa                                          text6        00094E
_vfpfcnvrt                                     text5        000640
_vfpfcnvrt$1214                                cstackCOMRAM 00004A
_vfprintf                                      text4        001498
_width                                         bssBANK0     00006A
_writeLongIntoEEPROM                           text1        0017F8
atol@n                                         cstackCOMRAM 000018
atol@neg                                       cstackCOMRAM 000016
atol@s                                         cstackCOMRAM 00000D
end_of_initialization                          cinit        001786
fputc@c                                        cstackCOMRAM 000001
fputc@fp                                       cstackCOMRAM 000003
fputs@c                                        cstackCOMRAM 00000E
fputs@fp                                       cstackCOMRAM 00000C
fputs@i                                        cstackCOMRAM 00000F
fputs@s                                        cstackCOMRAM 00000A
intlevel0                                      text         000000
intlevel1                                      text         000000
intlevel2                                      text         000000
intlevel3                                      text         000000
isa$std                                        (abs)        000001
isa$xinst                                      (abs)        000000
isdigit@c                                      cstackCOMRAM 000001
isspace@c                                      cstackCOMRAM 000001
pad@buf                                        cstackCOMRAM 000013
pad@fp                                         cstackCOMRAM 000011
pad@i                                          cstackCOMRAM 000018
pad@p                                          cstackCOMRAM 000015
pad@w                                          cstackCOMRAM 00001A
readLongFromEEPROM@address                     cstackCOMRAM 000002
sprintf@ap                                     cstackBANK0  0000CB
sprintf@f                                      cstackBANK0  0000CD
sprintf@fmt                                    cstackBANK0  0000C3
sprintf@s                                      cstackBANK0  0000C1
stackhi                                        (abs)        000000
stacklo                                        (abs)        000000
start                                          init         000000
start_initialization                           cinit        001756
stoa@F1142                                     dataBANK0    0000D8
stoa@cp                                        cstackCOMRAM 00001A
stoa@fp                                        cstackCOMRAM 00000A
stoa@i                                         cstackCOMRAM 000016
stoa@l                                         cstackCOMRAM 00001E
stoa@nuls                                      cstackCOMRAM 00000F
stoa@p                                         cstackCOMRAM 00001C
stoa@s                                         cstackCOMRAM 00000C
stoa@w                                         cstackCOMRAM 000018
strlen@a                                       cstackCOMRAM 000003
strlen@s                                       cstackCOMRAM 000001
strncmp@_l                                     cstackCOMRAM 000001
strncmp@_r                                     cstackCOMRAM 000003
strncmp@l                                      cstackCOMRAM 000008
strncmp@n                                      cstackCOMRAM 000005
strncmp@r                                      cstackCOMRAM 00000A
utoa@d                                         cstackCOMRAM 00001E
utoa@fp                                        cstackCOMRAM 00001C
utoa@i                                         cstackCOMRAM 00003A
utoa@n                                         cstackCOMRAM 000032
utoa@p                                         cstackCOMRAM 00002E
utoa@w                                         cstackCOMRAM 000030
vfpfcnvrt@ap                                   cstackCOMRAM 000040
vfpfcnvrt@cp                                   cstackCOMRAM 000048
vfpfcnvrt@fmt                                  cstackCOMRAM 00003E
vfpfcnvrt@fp                                   cstackCOMRAM 00003C
vfpfcnvrt@llu                                  cstackCOMRAM 00004C
vfprintf@ap                                    cstackCOMRAM 000058
vfprintf@cfmt                                  cstackCOMRAM 00005A
vfprintf@fmt                                   cstackCOMRAM 000056
vfprintf@fp                                    cstackCOMRAM 000054
writeLongIntoEEPROM@address                    cstackCOMRAM 000004
writeLongIntoEEPROM@number                     cstackCOMRAM 000006


MODULE INFORMATION

Module		Function		Class		Link	Load	Size
C:\Program Files\Microchip\xc8\v2.36\pic\sources\c99\common\putch.c
		_putch         		CODE           	18CC	0000	2

C:\Program Files\Microchip\xc8\v2.36\pic\sources\c99\common\putch.c estimated size: 2

C:\Program Files\Microchip\xc8\v2.36\pic\sources\c99\common\lomod.c
		___lomod       		CODE           	1122	0000	208

C:\Program Files\Microchip\xc8\v2.36\pic\sources\c99\common\lomod.c estimated size: 208

C:\Program Files\Microchip\xc8\v2.36\pic\sources\c99\common\nf_fputs.c
		_fputs         		CODE           	1692	0000	68

C:\Program Files\Microchip\xc8\v2.36\pic\sources\c99\common\nf_fputs.c estimated size: 68

C:\Program Files\Microchip\xc8\v2.36\pic\sources\c99\common\strncmp.c
		_strncmp       		CODE           	0F74	0000	222

C:\Program Files\Microchip\xc8\v2.36\pic\sources\c99\common\strncmp.c estimated size: 222

C:\Program Files\Microchip\xc8\v2.36\pic\sources\c99\common\Umul32.c
		___lmul        		CODE           	142E	0000	106

C:\Program Files\Microchip\xc8\v2.36\pic\sources\c99\common\Umul32.c estimated size: 106

C:\Program Files\Microchip\xc8\v2.36\pic\sources\c99\common\nf_sprintf.c
		_sprintf       		CODE           	1558	0000	82

C:\Program Files\Microchip\xc8\v2.36\pic\sources\c99\common\nf_sprintf.c estimated size: 82

C:\Program Files\Microchip\xc8\v2.36\pic\sources\c99\common\isspace.c
		_isspace       		CODE           	15AA	0000	82

C:\Program Files\Microchip\xc8\v2.36\pic\sources\c99\common\isspace.c estimated size: 82

mcc_generated_files/pin_manager.c
		_PIN_MANAGER_Initialize		CODE           	17C8	0000	48

mcc_generated_files/pin_manager.c estimated size: 48

C:\Program Files\Microchip\xc8\v2.36\pic\sources\c99\common\strlen.c
		_strlen        		CODE           	15FC	0000	78

C:\Program Files\Microchip\xc8\v2.36\pic\sources\c99\common\strlen.c estimated size: 78

C:\Program Files\Microchip\xc8\v2.36\pic\sources\c99\common\lodiv.c
		___lodiv       		CODE           	0E84	0000	240

C:\Program Files\Microchip\xc8\v2.36\pic\sources\c99\common\lodiv.c estimated size: 240

C:\Program Files\Microchip\xc8\v2.36\pic\sources\c99\common\nf_fputc.c
		_fputc         		CODE           	11F2	0000	202

C:\Program Files\Microchip\xc8\v2.36\pic\sources\c99\common\nf_fputc.c estimated size: 202

C:\Program Files\Microchip\xc8\v2.36\pic\sources\c99\common\isdigit.c
		_isdigit       		CODE           	1790	0000	56

C:\Program Files\Microchip\xc8\v2.36\pic\sources\c99\common\isdigit.c estimated size: 56

C:\Program Files\Microchip\xc8\v2.36\pic\sources\c99\common\doprnt.c
		_vfpfcnvrt     		CODE           	0640	0000	782
		_pad           		CODE           	12BC	0000	194
		_vfprintf      		CODE           	1498	0000	98
		_stoa          		CODE           	0CEC	0000	408
		_utoa          		CODE           	094E	0000	512

C:\Program Files\Microchip\xc8\v2.36\pic\sources\c99\common\doprnt.c estimated size: 1994

C:\Program Files\Microchip\xc8\v2.36\pic\sources\c99\common\atol.c
		_atol          		CODE           	0B4E	0000	414

C:\Program Files\Microchip\xc8\v2.36\pic\sources\c99\common\atol.c estimated size: 414

shared
		__initialization		CODE           	1756	0000	48

shared estimated size: 48

mcc_generated_files/mcc.c
		_OSCILLATOR_Initialize		CODE           	189C	0000	10
		_SYSTEM_Initialize		CODE           	188E	0000	14

mcc_generated_files/mcc.c estimated size: 24

mcc_generated_files/memory.c
		_DATAEE_WriteByte		CODE           	16D6	0000	64
		_DATAEE_ReadByte		CODE           	1866	0000	20

mcc_generated_files/memory.c estimated size: 84

mcc_generated_files/eusart.c
		_EUSART_Read   		CODE           	1826	0000	42
		_EUSART_Write  		CODE           	1850	0000	22
		_EUSART_Initialize		CODE           	1716	0000	64
		_EUSART_SetFramingErrorHandler		CODE           	18B0	0000	10
		_EUSART_SetErrorHandler		CODE           	18BA	0000	10
		_EUSART_SetOverrunErrorHandler		CODE           	18A6	0000	10
		_EUSART_is_rx_ready		CODE           	187A	0000	20

mcc_generated_files/eusart.c estimated size: 178

main.c
		_USART_String_Transmit		CODE           	14FA	0000	94
		_main          		CODE           	1052	0000	208
		_readLongFromEEPROM		CODE           	137E	0000	176
		_writeLongIntoEEPROM		CODE           	17F8	0000	46
		_USART_String_Receive		CODE           	164A	0000	72

main.c estimated size: 596

