Microchip MPLAB XC8 Compiler V2.36

Linker command line:

-W-3 --edf=C:\Program Files\Microchip\xc8\v2.36\pic\dat\en_msgs.txt -cn \
  -h+dist/default/production\EEPROM_3_Preserving_EEPROM.X.production.sym \
  --cmf=dist/default/production\EEPROM_3_Preserving_EEPROM.X.production.cmf \
  -z -Q18F45K20 -oC:\Users\Usmaan\AppData\Local\Temp\xcAsk64.4 \
  --defsym=__MPLAB_BUILD=1 \
  -Mdist/default/production/EEPROM_3_Preserving_EEPROM.X.production.map \
  --md=C:\Users\Usmaan\AppData\Local\Temp\xcAsk64.dat -E1 -ver=XC8 Compiler \
  --acfsm=1493 -ACODE=00h-07FFFh -ACONST=00h-07FFFh \
  -ASMALLCONST=0600h-06FFhx122 -AMEDIUMCONST=0600h-07FFFh -ACOMRAM=01h-05Fh \
  -AABS1=00h-05FFh -ABIGRAM=01h-05FFh -ARAM=060h-0FFh,0100h-01FFhx5 \
  -ABANK0=060h-0FFh -ABANK1=0100h-01FFh -ABANK2=0200h-02FFh \
  -ABANK3=0300h-03FFh -ABANK4=0400h-04FFh -ABANK5=0500h-05FFh \
  -ASFR=0F60h-0FFFh -ABIGSFR=0F60h-0FFFh -ACONFIG=0300000h-030000Dh \
  -AIDLOC=0200000h-0200007h -AEEDATA=0F00000h-0F000FFh -peeprom_data=EEDATA \
  -preset_vec=00h,intcode,intcodelo,powerup,init -pramtop=0600h \
  -psmallconst=SMALLCONST -pmediumconst=MEDIUMCONST -pconst=CONST \
  -AFARRAM=00h-00h \
  -prdata=COMRAM,nvrram=COMRAM,nvbit=COMRAM,rbss=COMRAM,rbit=COMRAM \
  -pfarbss=FARRAM,fardata=FARRAM,nvFARRAM=FARRAM \
  -pintsave_regs=BIGRAM,bigbss=BIGRAM,bigdata=BIGRAM -pbss=RAM \
  -pidata=CODE,irdata=CODE,ibigdata=CODE,ifardata=CODE -prparam=COMRAM \
  C:\Users\Usmaan\AppData\Local\Temp\xcAsk64.o \
  dist/default/production\EEPROM_3_Preserving_EEPROM.X.production.o 

Object code version is 3.11

Machine type is 18F45K20



                Name                               Link     Load   Length Selector   Space Scale
C:\Users\Usmaan\AppData\Local\Temp\xcAsk64.o
                idloc                            200000   200000        8        0       5
                config                           300000   300000        E        0       4
                init                                  0        0        4        0       0
dist/default/production\EEPROM_3_Preserving_EEPROM.X.production.o
                idloc                            200000   200000        8        0       5
                config                           300000   300000        E        0       4
                smallconst                          600      600       5E      300       0
                text13                              7D6      7D6       28      32F       0
                text12                              86A      86A        A      32F       0
                text11                              860      860        A      32F       0
                text10                              856      856        A      32F       0
                text9                               702      702       3E      32F       0
                text8                               84C      84C        A      32F       0
                text7                               7A6      7A6       30      32F       0
                text6                               83E      83E        E      32F       0
                text5                               82A      82A       14      32F       0
                text4                               6C2      6C2       40      32F       0
                text3                               814      814       16      32F       0
                text2                               740      740       36      32F       0
                text1                               65E      65E       64      32F       0
                text0                               776      776       30      32F       0
                cstackCOMRAM                         35       35        9        1       1
                bssCOMRAM                             1        1       34        1       1
                cinit                               7FE      7FE       16      32F       0
                nvCOMRAM                             3E       3E        6        1       1

TOTAL           Name                               Link     Load   Length     Space
        CLASS   CODE           
                init                                  0        0        4         0
                text13                              7D6      7D6       28         0
                text12                              86A      86A        A         0
                text11                              860      860        A         0
                text10                              856      856        A         0
                text9                               702      702       3E         0
                text8                               84C      84C        A         0
                text7                               7A6      7A6       30         0
                text6                               83E      83E        E         0
                text5                               82A      82A       14         0
                text4                               6C2      6C2       40         0
                text3                               814      814       16         0
                text2                               740      740       36         0
                text1                               65E      65E       64         0
                text0                               776      776       30         0
                cinit                               7FE      7FE       16         0

        CLASS   CONST          

        CLASS   SMALLCONST     
                smallconst                          600      600       5E         0

        CLASS   MEDIUMCONST    

        CLASS   COMRAM         
                cstackCOMRAM                         35       35        9         1
                bssCOMRAM                             1        1       34         1
                nvCOMRAM                             3E       3E        6         1

        CLASS   ABS1           

        CLASS   BIGRAM         

        CLASS   RAM            

        CLASS   BANK0          

        CLASS   BANK1          

        CLASS   BANK2          

        CLASS   BANK3          

        CLASS   BANK4          

        CLASS   BANK5          

        CLASS   SFR            

        CLASS   BIGSFR         

        CLASS   CONFIG         
                config                           300000   300000        E         4

        CLASS   IDLOC          
                idloc                            200000   200000        8         5

        CLASS   EEDATA         

        CLASS   FARRAM         

        CLASS   HEAP           

        CLASS   STACK          



SEGMENTS        Name                           Load    Length   Top    Selector   Space  Class

                reset_vec                      000000  000004  000004         0       0  CODE    
                bssCOMRAM                      000001  000043  000044         1       1  COMRAM  
                smallconst                     000600  00005E  00065E       300       0  SMALLCON
                text1                          00065E  000216  000874       32F       0  CODE    


UNUSED ADDRESS RANGES

        Name                Unused          Largest block    Delta
        BANK0            000060-0000FF               A0
        BANK1            000100-0001FF              100
        BANK2            000200-0002FF              100
        BANK3            000300-0003FF              100
        BANK4            000400-0004FF              100
        BANK5            000500-0005FF              100
        BIGRAM           000044-0005FF              5BC
        BIGSFR           000F60-000FFF               A0
        CODE             000004-0005FF              5FC
                         000874-007FFF             778C
        COMRAM           000044-00005F               1C
        CONST            000004-0005FF              5FC
                         000874-007FFF             778C
        EEDATA           F00000-F000FF              100
        MEDIUMCONST      000874-007FFF             778C
        RAM              000060-0005FF              100
        SFR              000F60-000FFF               A0
        SMALLCONST       000874-007FFF              100

                                  Symbol Table

DATAEE_ReadByte@bAdd                           cstackCOMRAM 000035
DATAEE_WriteByte@GIEBitValue                   cstackCOMRAM 000037
DATAEE_WriteByte@bAdd                          cstackCOMRAM 000036
DATAEE_WriteByte@bData                         cstackCOMRAM 000035
EUSART_SetErrorHandler@interruptHandler        cstackCOMRAM 000035
EUSART_SetFramingErrorHandler@interruptHandler cstackCOMRAM 000035
EUSART_SetOverrunErrorHandler@interruptHandler cstackCOMRAM 000035
EUSART_Write@txData                            cstackCOMRAM 000035
USART_String_Transmit@string                   cstackCOMRAM 000036
Update_EEPROM@address                          cstackCOMRAM 000038
Update_EEPROM@data                             cstackCOMRAM 00003A
_ANSEL                                         (abs)        000F7E
_ANSELH                                        (abs)        000F7F
_ASCII_Conversion                              bssCOMRAM    000001
_BAUDCON                                       (abs)        000FB8
_DATAEE_ReadByte                               text5        00082A
_DATAEE_WriteByte                              text4        0006C2
_EEADR                                         (abs)        000FA9
_EECON1bits                                    (abs)        000FA6
_EECON2                                        (abs)        000FA7
_EEDATA                                        (abs)        000FA8
_EUSART_DefaultErrorHandler                    (abs)        000000
_EUSART_DefaultFramingErrorHandler             (abs)        000000
_EUSART_DefaultOverrunErrorHandler             (abs)        000000
_EUSART_ErrorHandler                           nvCOMRAM     00003E
_EUSART_FramingErrorHandler                    nvCOMRAM     000042
_EUSART_Initialize                             text9        000702
_EUSART_OverrunErrorHandler                    nvCOMRAM     000040
_EUSART_Read                                   text13       0007D6
_EUSART_SetErrorHandler                        text12       00086A
_EUSART_SetFramingErrorHandler                 text11       000860
_EUSART_SetOverrunErrorHandler                 text10       000856
_EUSART_Write                                  text3        000814
_INTCON2bits                                   (abs)        000FF1
_INTCONbits                                    (abs)        000FF2
_LATA                                          (abs)        000F89
_LATB                                          (abs)        000F8A
_LATC                                          (abs)        000F8B
_LATD                                          (abs)        000F8C
_LATE                                          (abs)        000F8D
_OSCCON                                        (abs)        000FD3
_OSCILLATOR_Initialize                         text8        00084C
_OSCTUNE                                       (abs)        000F9B
_PIN_MANAGER_Initialize                        text7        0007A6
_PIR1bits                                      (abs)        000F9E
_PIR2bits                                      (abs)        000FA1
_RAM                                           bssCOMRAM    000033
_RCREG                                         (abs)        000FAE
_RCSTA                                         (abs)        000FAB
_RCSTAbits                                     (abs)        000FAB
_SPBRG                                         (abs)        000FAF
_SPBRGH                                        (abs)        000FB0
_SYSTEM_Initialize                             text6        00083E
_TABLAT                                        (abs)        000FF5
_TBLPTRH                                       (abs)        000FF7
_TBLPTRL                                       (abs)        000FF6
_TBLPTRU                                       (abs)        000FF8
_TRISA                                         (abs)        000F92
_TRISB                                         (abs)        000F93
_TRISC                                         (abs)        000F94
_TRISD                                         (abs)        000F95
_TRISE                                         (abs)        000F96
_TXREG                                         (abs)        000FAD
_TXSTA                                         (abs)        000FAC
_TXSTAbits                                     (abs)        000FAC
_USART_String_Transmit                         text2        000740
_Update_EEPROM                                 text1        00065E
_WPUB                                          (abs)        000F7C
__HRAM                                         (abs)        000000
__Habs1                                        abs1         000000
__Hbank0                                       bank0        000000
__Hbank1                                       bank1        000000
__Hbank2                                       bank2        000000
__Hbank3                                       bank3        000000
__Hbank4                                       bank4        000000
__Hbank5                                       bank5        000000
__Hbigbss                                      bigbss       000000
__Hbigdata                                     bigdata      000000
__Hbigram                                      bigram       000000
__Hbigsfr                                      bigsfr       000000
__Hbss                                         bss          000000
__HbssCOMRAM                                   bssCOMRAM    000000
__Hcinit                                       cinit        000000
__Hclrtext                                     clrtext      000000
__Hcomram                                      comram       000000
__Hconfig                                      config       30000E
__Hconst                                       const        000000
__HcstackCOMRAM                                cstackCOMRAM 000000
__Hdata                                        data         000000
__Heeprom_data                                 eeprom_data  000000
__Hfarbss                                      farbss       000000
__Hfardata                                     fardata      000000
__Hheap                                        heap         000000
__Hibigdata                                    ibigdata     000000
__Hidata                                       idata        000000
__Hidloc                                       idloc        200008
__Hifardata                                    ifardata     000000
__Hinit                                        init         000004
__Hintcode                                     intcode      000000
__Hintcode_body                                intcode_body 000000
__Hintcodelo                                   intcodelo    000000
__Hintentry                                    intentry     000000
__Hintret                                      intret       000000
__Hintsave_regs                                intsave_regs 000000
__Hirdata                                      irdata       000000
__Hmediumconst                                 mediumconst  000000
__HnvCOMRAM                                    nvCOMRAM     000000
__HnvFARRAM                                    nvFARRAM     000000
__Hnvbit                                       nvbit        000000
__Hnvrram                                      nvrram       000000
__Hparam                                       rparam       000000
__Hpowerup                                     powerup      000000
__Hram                                         ram          000000
__Hramtop                                      ramtop       000600
__Hrbit                                        rbit         000000
__Hrbss                                        rbss         000000
__Hrdata                                       rdata        000000
__Hreset_vec                                   reset_vec    000000
__Hrparam                                      rparam       000000
__Hsfr                                         sfr          000000
__Hsmallconst                                  smallconst   00065E
__Hspace_0                                     (abs)        000874
__Hspace_1                                     (abs)        000044
__Hspace_2                                     (abs)        000000
__Hspace_4                                     (abs)        60000E
__Hstack                                       stack        000000
__Hstruct                                      struct       000000
__Htemp                                        temp         000000
__Htext                                        text         000000
__Htext0                                       text0        000000
__Htext1                                       text1        000000
__Htext10                                      text10       000000
__Htext11                                      text11       000000
__Htext12                                      text12       000000
__Htext13                                      text13       000000
__Htext2                                       text2        000000
__Htext3                                       text3        000000
__Htext4                                       text4        000000
__Htext5                                       text5        000000
__Htext6                                       text6        000000
__Htext7                                       text7        000000
__Htext8                                       text8        000000
__Htext9                                       text9        000000
__LRAM                                         (abs)        000001
__Labs1                                        abs1         000000
__Lbank0                                       bank0        000000
__Lbank1                                       bank1        000000
__Lbank2                                       bank2        000000
__Lbank3                                       bank3        000000
__Lbank4                                       bank4        000000
__Lbank5                                       bank5        000000
__Lbigbss                                      bigbss       000000
__Lbigdata                                     bigdata      000000
__Lbigram                                      bigram       000000
__Lbigsfr                                      bigsfr       000000
__Lbss                                         bss          000000
__LbssCOMRAM                                   bssCOMRAM    000000
__Lcinit                                       cinit        000000
__Lclrtext                                     clrtext      000000
__Lcomram                                      comram       000000
__Lconfig                                      config       000000
__Lconst                                       const        000000
__LcstackCOMRAM                                cstackCOMRAM 000000
__Ldata                                        data         000000
__Leeprom_data                                 eeprom_data  000000
__Lfarbss                                      farbss       000000
__Lfardata                                     fardata      000000
__Lheap                                        heap         000000
__Libigdata                                    ibigdata     000000
__Lidata                                       idata        000000
__Lidloc                                       idloc        000000
__Lifardata                                    ifardata     000000
__Linit                                        init         000000
__Lintcode                                     intcode      000000
__Lintcode_body                                intcode_body 000000
__Lintcodelo                                   intcodelo    000000
__Lintentry                                    intentry     000000
__Lintret                                      intret       000000
__Lintsave_regs                                intsave_regs 000000
__Lirdata                                      irdata       000000
__Lmediumconst                                 mediumconst  000000
__LnvCOMRAM                                    nvCOMRAM     000000
__LnvFARRAM                                    nvFARRAM     000000
__Lnvbit                                       nvbit        000000
__Lnvrram                                      nvrram       000000
__Lparam                                       rparam       000000
__Lpowerup                                     powerup      000000
__Lram                                         ram          000000
__Lramtop                                      ramtop       000600
__Lrbit                                        rbit         000000
__Lrbss                                        rbss         000000
__Lrdata                                       rdata        000000
__Lreset_vec                                   reset_vec    000000
__Lrparam                                      rparam       000000
__Lsfr                                         sfr          000000
__Lsmallconst                                  smallconst   000600
__Lspace_0                                     (abs)        000000
__Lspace_1                                     (abs)        000000
__Lspace_2                                     (abs)        000000
__Lspace_4                                     (abs)        000000
__Lstack                                       stack        000000
__Lstruct                                      struct       000000
__Ltemp                                        temp         000000
__Ltext                                        text         000000
__Ltext0                                       text0        000000
__Ltext1                                       text1        000000
__Ltext10                                      text10       000000
__Ltext11                                      text11       000000
__Ltext12                                      text12       000000
__Ltext13                                      text13       000000
__Ltext2                                       text2        000000
__Ltext3                                       text3        000000
__Ltext4                                       text4        000000
__Ltext5                                       text5        000000
__Ltext6                                       text6        000000
__Ltext7                                       text7        000000
__Ltext8                                       text8        000000
__Ltext9                                       text9        000000
__S0                                           (abs)        000874
__S1                                           (abs)        000044
__S4                                           (abs)        000000
__S5                                           (abs)        000000
___heap_hi                                     (abs)        000000
___heap_lo                                     (abs)        000000
___inthi_sp                                    stack        000000
___intlo_sp                                    stack        000000
___param_bank                                  (abs)        000000
___rparam_used                                 (abs)        000001
___sp                                          stack        000000
__accesstop                                    (abs)        000060
__activetblptr                                 (abs)        000002
__end_of_DATAEE_ReadByte                       text5        00083E
__end_of_DATAEE_WriteByte                      text4        000702
__end_of_EUSART_Initialize                     text9        000740
__end_of_EUSART_Read                           text13       0007FE
__end_of_EUSART_SetErrorHandler                text12       000874
__end_of_EUSART_SetFramingErrorHandler         text11       00086A
__end_of_EUSART_SetOverrunErrorHandler         text10       000860
__end_of_EUSART_Write                          text3        00082A
__end_of_OSCILLATOR_Initialize                 text8        000856
__end_of_PIN_MANAGER_Initialize                text7        0007D6
__end_of_SYSTEM_Initialize                     text6        00084C
__end_of_USART_String_Transmit                 text2        000776
__end_of_Update_EEPROM                         text1        0006C2
__end_of__initialization                       cinit        00080A
__end_of_main                                  text0        0007A6
__initialization                               cinit        0007FE
__mediumconst                                  mediumconst  000000
__pbssCOMRAM                                   bssCOMRAM    000001
__pcinit                                       cinit        0007FE
__pcstackCOMRAM                                cstackCOMRAM 000035
__pnvCOMRAM                                    nvCOMRAM     00003E
__psmallconst                                  smallconst   000600
__ptext0                                       text0        000776
__ptext1                                       text1        00065E
__ptext10                                      text10       000856
__ptext11                                      text11       000860
__ptext12                                      text12       00086A
__ptext13                                      text13       0007D6
__ptext2                                       text2        000740
__ptext3                                       text3        000814
__ptext4                                       text4        0006C2
__ptext5                                       text5        00082A
__ptext6                                       text6        00083E
__ptext7                                       text7        0007A6
__ptext8                                       text8        00084C
__ptext9                                       text9        000702
__ramtop                                       ramtop       000600
__smallconst                                   smallconst   000600
_eusartRxLastError                             bssCOMRAM    000034
_main                                          text0        000776
end_of_initialization                          cinit        00080A
intlevel0                                      text         000000
intlevel1                                      text         000000
intlevel2                                      text         000000
intlevel3                                      text         000000
isa$std                                        (abs)        000001
isa$xinst                                      (abs)        000000
stackhi                                        (abs)        000000
stacklo                                        (abs)        000000
start                                          init         000000
start_initialization                           cinit        0007FE


MODULE INFORMATION

Module		Function		Class		Link	Load	Size
mcc_generated_files/pin_manager.c
		_PIN_MANAGER_Initialize		CODE           	07A6	0000	48

mcc_generated_files/pin_manager.c estimated size: 48

shared
		__initialization		CODE           	07FE	0000	12

shared estimated size: 12

mcc_generated_files/mcc.c
		_OSCILLATOR_Initialize		CODE           	084C	0000	10
		_SYSTEM_Initialize		CODE           	083E	0000	14

mcc_generated_files/mcc.c estimated size: 24

mcc_generated_files/memory.c
		_DATAEE_WriteByte		CODE           	06C2	0000	64
		_DATAEE_ReadByte		CODE           	082A	0000	20

mcc_generated_files/memory.c estimated size: 84

mcc_generated_files/eusart.c
		_EUSART_Read   		CODE           	07D6	0000	40
		_EUSART_Write  		CODE           	0814	0000	22
		_EUSART_Initialize		CODE           	0702	0000	62
		_EUSART_SetFramingErrorHandler		CODE           	0860	0000	10
		_EUSART_SetErrorHandler		CODE           	086A	0000	10
		_EUSART_SetOverrunErrorHandler		CODE           	0856	0000	10

mcc_generated_files/eusart.c estimated size: 154

main.c
		_Update_EEPROM 		CODE           	065E	0000	100
		_USART_String_Transmit		CODE           	0740	0000	54
		_main          		CODE           	0776	0000	48

main.c estimated size: 202

