Microchip MPLAB XC8 Compiler V2.36

Linker command line:

-W-3 --edf=C:\Program Files\Microchip\xc8\v2.36\pic\dat\en_msgs.txt -cn \
  -h+dist/default/production\USART_Signed_Long_Int_To_EEPROM.X.production.sym \
  --cmf=dist/default/production\USART_Signed_Long_Int_To_EEPROM.X.production.cmf \
  -z -Q18F45K20 -oC:\Users\Usmaan\AppData\Local\Temp\xcAs94o.4 \
  --defsym=__MPLAB_BUILD=1 \
  -Mdist/default/production/USART_Signed_Long_Int_To_EEPROM.X.production.map \
  --md=C:\Users\Usmaan\AppData\Local\Temp\xcAs94o.dat -E1 -ver=XC8 Compiler \
  --acfsm=1493 -ACODE=00h-07FFFh -ACONST=00h-07FFFh \
  -ASMALLCONST=0600h-06FFhx122 -AMEDIUMCONST=0600h-07FFFh -ACOMRAM=01h-05Fh \
  -AABS1=00h-05FFh -ABIGRAM=01h-05FFh -ARAM=060h-0FFh,0100h-01FFhx5 \
  -ABANK0=060h-0FFh -ABANK1=0100h-01FFh -ABANK2=0200h-02FFh \
  -ABANK3=0300h-03FFh -ABANK4=0400h-04FFh -ABANK5=0500h-05FFh \
  -ASFR=0F60h-0FFFh -ABIGSFR=0F60h-0FFFh -ACONFIG=0300000h-030000Dh \
  -AIDLOC=0200000h-0200007h -AEEDATA=0F00000h-0F000FFh -peeprom_data=EEDATA \
  -preset_vec=00h,intcode,intcodelo,powerup,init -pramtop=0600h \
  -psmallconst=SMALLCONST -pmediumconst=MEDIUMCONST -pconst=CONST \
  -AFARRAM=00h-00h \
  -prdata=COMRAM,nvrram=COMRAM,nvbit=COMRAM,rbss=COMRAM,rbit=COMRAM \
  -pfarbss=FARRAM,fardata=FARRAM,nvFARRAM=FARRAM \
  -pintsave_regs=BIGRAM,bigbss=BIGRAM,bigdata=BIGRAM -pbss=RAM \
  -pidata=CODE,irdata=CODE,ibigdata=CODE,ifardata=CODE -prparam=COMRAM \
  C:\Users\Usmaan\AppData\Local\Temp\xcAs94o.o \
  dist/default/production\USART_Signed_Long_Int_To_EEPROM.X.production.o 

Object code version is 3.11

Machine type is 18F45K20



                Name                               Link     Load   Length Selector   Space Scale
C:\Users\Usmaan\AppData\Local\Temp\xcAs94o.o
                idloc                            200000   200000        8        0       5
                config                           300000   300000        E        0       4
                init                                  0        0        4        0       0
dist/default/production\USART_Signed_Long_Int_To_EEPROM.X.production.o
                idloc                            200000   200000        8        0       5
                config                           300000   300000        E        0       4
                smallconst                          600      600       42      300       0
                text34                             1B90     1B90        A      321       0
                text33                             1B86     1B86        A      321       0
                text32                             1B7C     1B7C        A      321       0
                text31                             19F0     19F0       40      321       0
                text30                             1B72     1B72        A      321       0
                text29                             1A9E     1A9E       30      321       0
                text28                             1B64     1B64        E      321       0
                text27                             1AFC     1AFC       2A      321       0
                text26                             1B50     1B50       14      321       0
                text25                             18E4     18E4       48      321       0
                text24                             1B26     1B26       16      321       0
                text23                             1794     1794       5E      321       0
                text22                             16C8     16C8       6A      321       0
                text21                             1A30     1A30       38      321       0
                text20                             1844     1844       52      321       0
                text19                              CB4      CB4      19E      321       0
                text18                             1B3C     1B3C       14      321       0
                text17                             1618     1618       B0      321       0
                text16                              FEE      FEE      188      321       0
                text15                             1176     1176      164      321       0
                text14                             19B0     19B0       40      321       0
                text13                             1BA2     1BA2        2      DD1       0
                text12                             1488     1488       CA      321       0
                text11                             192C     192C       44      321       0
                text10                             1896     1896       4E      321       0
                text9                              1552     1552       C6      321       0
                text8                               9D2      9D2      2E2      321       0
                text7                               E52      E52      19C      321       0
                text6                              12DA     12DA       DE      321       0
                text5                               642      642      390      321       0
                text4                              1732     1732       62      321       0
                text3                              17F2     17F2       52      321       0
                text2                              1970     1970       40      321       0
                text1                              1ACE     1ACE       2E      321       0
                text0                              13B8     13B8       D0      321       0
                cstackCOMRAM                          1        1       5F        1       1
                cstackBANK0                          C3       C3       21       60       1
                dataBANK0                            E4       E4        7       60       1
                bssBANK0                             60       60       63       60       1
                cinit                              1A68     1A68       36      321       0
                nvBANK0                              EB       EB        6       60       1
                idataBANK0                         1B9A     1B9A        7      321       0

TOTAL           Name                               Link     Load   Length     Space
        CLASS   CODE           
                init                                  0        0        4         0
                text34                             1B90     1B90        A         0
                text33                             1B86     1B86        A         0
                text32                             1B7C     1B7C        A         0
                text31                             19F0     19F0       40         0
                text30                             1B72     1B72        A         0
                text29                             1A9E     1A9E       30         0
                text28                             1B64     1B64        E         0
                text27                             1AFC     1AFC       2A         0
                text26                             1B50     1B50       14         0
                text25                             18E4     18E4       48         0
                text24                             1B26     1B26       16         0
                text23                             1794     1794       5E         0
                text22                             16C8     16C8       6A         0
                text21                             1A30     1A30       38         0
                text20                             1844     1844       52         0
                text19                              CB4      CB4      19E         0
                text18                             1B3C     1B3C       14         0
                text17                             1618     1618       B0         0
                text16                              FEE      FEE      188         0
                text15                             1176     1176      164         0
                text14                             19B0     19B0       40         0
                text13                             1BA2     1BA2        2         0
                text12                             1488     1488       CA         0
                text11                             192C     192C       44         0
                text10                             1896     1896       4E         0
                text9                              1552     1552       C6         0
                text8                               9D2      9D2      2E2         0
                text7                               E52      E52      19C         0
                text6                              12DA     12DA       DE         0
                text5                               642      642      390         0
                text4                              1732     1732       62         0
                text3                              17F2     17F2       52         0
                text2                              1970     1970       40         0
                text1                              1ACE     1ACE       2E         0
                text0                              13B8     13B8       D0         0
                cinit                              1A68     1A68       36         0
                idataBANK0                         1B9A     1B9A        7         0

        CLASS   CONST          

        CLASS   SMALLCONST     
                smallconst                          600      600       42         0

        CLASS   MEDIUMCONST    

        CLASS   COMRAM         
                cstackCOMRAM                          1        1       5F         1

        CLASS   ABS1           

        CLASS   BIGRAM         

        CLASS   RAM            

        CLASS   BANK0          
                cstackBANK0                          C3       C3       21         1
                dataBANK0                            E4       E4        7         1
                bssBANK0                             60       60       63         1
                nvBANK0                              EB       EB        6         1

        CLASS   BANK1          

        CLASS   BANK2          

        CLASS   BANK3          

        CLASS   BANK4          

        CLASS   BANK5          

        CLASS   SFR            

        CLASS   BIGSFR         

        CLASS   CONFIG         
                config                           300000   300000        E         4

        CLASS   IDLOC          
                idloc                            200000   200000        8         5

        CLASS   EEDATA         

        CLASS   FARRAM         

        CLASS   HEAP           

        CLASS   STACK          



SEGMENTS        Name                           Load    Length   Top    Selector   Space  Class

                reset_vec                      000000  000004  000004         0       0  CODE    
                cstackCOMRAM                   000001  00005F  000060         1       1  COMRAM  
                bssBANK0                       000060  000091  0000F1        60       1  BANK0   
                smallconst                     000600  000042  000642       300       0  SMALLCON
                text5                          000642  00155F  001BA1       321       0  CODE    
                text13                         001BA2  000002  001BA4       DD1       0  CODE    


UNUSED ADDRESS RANGES

        Name                Unused          Largest block    Delta
        BANK0            0000F1-0000FF                F
        BANK1            000100-0001FF              100
        BANK2            000200-0002FF              100
        BANK3            000300-0003FF              100
        BANK4            000400-0004FF              100
        BANK5            000500-0005FF              100
        BIGRAM           0000F1-0005FF              50F
        BIGSFR           000F60-000FFF               A0
        CODE             000004-0005FF              5FC
                         001BA1-001BA1                1
                         001BA4-007FFF             645C
        CONST            000004-0005FF              5FC
                         001BA1-001BA1                1
                         001BA4-007FFF             645C
        EEDATA           F00000-F000FF              100
        MEDIUMCONST      001BA1-001BA1                1
                         001BA4-007FFF             645C
        RAM              0000F1-0005FF              100
        SFR              000F60-000FFF               A0
        SMALLCONST       001BA1-001BA1                1
                         001BA4-007FFF              100

                                  Symbol Table

?___aodiv                                      cstackCOMRAM 000001
?___aomod                                      cstackCOMRAM 000001
?___lmul                                       cstackCOMRAM 000001
?_abs                                          cstackCOMRAM 000013
?_atol                                         cstackCOMRAM 00000D
?_dtoa                                         cstackCOMRAM 00001C
?_isdigit                                      cstackCOMRAM 000001
?_isspace                                      cstackCOMRAM 000001
?_pad                                          cstackCOMRAM 000011
?_readLongFromEEPROM                           cstackCOMRAM 000002
?_sprintf                                      cstackBANK0  0000CB
?_stoa                                         cstackCOMRAM 00000A
?_strlen                                       cstackCOMRAM 000001
?_strncmp                                      cstackCOMRAM 000001
?_vfpfcnvrt                                    cstackCOMRAM 000040
?_vfprintf                                     cstackBANK0  0000C3
DATAEE_ReadByte@bAdd                           cstackCOMRAM 000001
DATAEE_WriteByte@GIEBitValue                   cstackCOMRAM 000003
DATAEE_WriteByte@bAdd                          cstackCOMRAM 000002
DATAEE_WriteByte@bData                         cstackCOMRAM 000001
EUSART_SetErrorHandler@interruptHandler        cstackCOMRAM 000001
EUSART_SetFramingErrorHandler@interruptHandler cstackCOMRAM 000001
EUSART_SetOverrunErrorHandler@interruptHandler cstackCOMRAM 000001
EUSART_Write@txData                            cstackCOMRAM 000001
USART_String_Receive@buffer                    cstackCOMRAM 000001
USART_String_Receive@data                      cstackCOMRAM 000004
USART_String_Receive@i                         cstackCOMRAM 000005
USART_String_Receive@len                       cstackCOMRAM 000003
USART_String_Transmit@string                   cstackCOMRAM 000002
_ANSEL                                         (abs)        000F7E
_ANSELH                                        (abs)        000F7F
_ASCII_Conversion                              bssBANK0     000071
_BAUDCON                                       (abs)        000FB8
_DATAEE_ReadByte                               text18       001B3C
_DATAEE_WriteByte                              text2        001970
_EEADR                                         (abs)        000FA9
_EECON1bits                                    (abs)        000FA6
_EECON2                                        (abs)        000FA7
_EEDATA                                        (abs)        000FA8
_EUSART_DefaultErrorHandler                    (abs)        000000
_EUSART_DefaultFramingErrorHandler             (abs)        000000
_EUSART_DefaultOverrunErrorHandler             (abs)        000000
_EUSART_ErrorHandler                           nvBANK0      0000EB
_EUSART_FramingErrorHandler                    nvBANK0      0000EF
_EUSART_Initialize                             text31       0019F0
_EUSART_OverrunErrorHandler                    nvBANK0      0000ED
_EUSART_Read                                   text27       001AFC
_EUSART_SetErrorHandler                        text34       001B90
_EUSART_SetFramingErrorHandler                 text33       001B86
_EUSART_SetOverrunErrorHandler                 text32       001B7C
_EUSART_Write                                  text24       001B26
_EUSART_is_rx_ready                            text26       001B50
_Entered_Value                                 bssBANK0     000064
_INTCON2bits                                   (abs)        000FF1
_INTCONbits                                    (abs)        000FF2
_LATA                                          (abs)        000F89
_LATB                                          (abs)        000F8A
_LATC                                          (abs)        000F8B
_LATD                                          (abs)        000F8C
_LATE                                          (abs)        000F8D
_OSCCON                                        (abs)        000FD3
_OSCILLATOR_Initialize                         text30       001B72
_OSCTUNE                                       (abs)        000F9B
_PIN_MANAGER_Initialize                        text29       001A9E
_PIR1bits                                      (abs)        000F9E
_PIR2bits                                      (abs)        000FA1
_RCREG                                         (abs)        000FAE
_RCSTA                                         (abs)        000FAB
_RCSTAbits                                     (abs)        000FAB
_SPBRG                                         (abs)        000FAF
_SPBRGH                                        (abs)        000FB0
_SYSTEM_Initialize                             text28       001B64
_TABLAT                                        (abs)        000FF5
_TBLPTRH                                       (abs)        000FF7
_TBLPTRL                                       (abs)        000FF6
_TBLPTRU                                       (abs)        000FF8
_TRISA                                         (abs)        000F92
_TRISB                                         (abs)        000F93
_TRISC                                         (abs)        000F94
_TRISD                                         (abs)        000F95
_TRISE                                         (abs)        000F96
_TXREG                                         (abs)        000FAD
_TXSTA                                         (abs)        000FAC
_TXSTAbits                                     (abs)        000FAC
_USART_String_Receive                          text25       0018E4
_USART_String_Transmit                         text23       001794
_WPUB                                          (abs)        000F7C
__HRAM                                         (abs)        000000
__Habs1                                        abs1         000000
__Hbank0                                       bank0        000000
__Hbank1                                       bank1        000000
__Hbank2                                       bank2        000000
__Hbank3                                       bank3        000000
__Hbank4                                       bank4        000000
__Hbank5                                       bank5        000000
__Hbigbss                                      bigbss       000000
__Hbigdata                                     bigdata      000000
__Hbigram                                      bigram       000000
__Hbigsfr                                      bigsfr       000000
__Hbss                                         bss          000000
__HbssBANK0                                    bssBANK0     000000
__Hcinit                                       cinit        000000
__Hclrtext                                     clrtext      000000
__Hcomram                                      comram       000000
__Hconfig                                      config       30000E
__Hconst                                       const        000000
__HcstackBANK0                                 cstackBANK0  000000
__HcstackCOMRAM                                cstackCOMRAM 000000
__Hdata                                        data         000000
__HdataBANK0                                   dataBANK0    000000
__Heeprom_data                                 eeprom_data  000000
__Hfarbss                                      farbss       000000
__Hfardata                                     fardata      000000
__Hheap                                        heap         000000
__Hibigdata                                    ibigdata     000000
__Hidata                                       idata        000000
__HidataBANK0                                  idataBANK0   000000
__Hidloc                                       idloc        200008
__Hifardata                                    ifardata     000000
__Hinit                                        init         000004
__Hintcode                                     intcode      000000
__Hintcode_body                                intcode_body 000000
__Hintcodelo                                   intcodelo    000000
__Hintentry                                    intentry     000000
__Hintret                                      intret       000000
__Hintsave_regs                                intsave_regs 000000
__Hirdata                                      irdata       000000
__Hmediumconst                                 mediumconst  000000
__HnvBANK0                                     nvBANK0      000000
__HnvFARRAM                                    nvFARRAM     000000
__Hnvbit                                       nvbit        000000
__Hnvrram                                      nvrram       000000
__Hparam                                       rparam       000000
__Hpowerup                                     powerup      000000
__Hram                                         ram          000000
__Hramtop                                      ramtop       000600
__Hrbit                                        rbit         000000
__Hrbss                                        rbss         000000
__Hrdata                                       rdata        000000
__Hreset_vec                                   reset_vec    000000
__Hrparam                                      rparam       000000
__Hsfr                                         sfr          000000
__Hsmallconst                                  smallconst   000642
__Hspace_0                                     (abs)        001BA4
__Hspace_1                                     (abs)        0000F1
__Hspace_2                                     (abs)        000000
__Hspace_4                                     (abs)        60000E
__Hstack                                       stack        000000
__Hstruct                                      struct       000000
__Htemp                                        temp         000000
__Htext                                        text         000000
__Htext0                                       text0        000000
__Htext1                                       text1        000000
__Htext10                                      text10       000000
__Htext11                                      text11       000000
__Htext12                                      text12       000000
__Htext13                                      text13       000000
__Htext14                                      text14       000000
__Htext15                                      text15       000000
__Htext16                                      text16       000000
__Htext17                                      text17       000000
__Htext18                                      text18       000000
__Htext19                                      text19       000000
__Htext2                                       text2        000000
__Htext20                                      text20       000000
__Htext21                                      text21       000000
__Htext22                                      text22       000000
__Htext23                                      text23       000000
__Htext24                                      text24       000000
__Htext25                                      text25       000000
__Htext26                                      text26       000000
__Htext27                                      text27       000000
__Htext28                                      text28       000000
__Htext29                                      text29       000000
__Htext3                                       text3        000000
__Htext30                                      text30       000000
__Htext31                                      text31       000000
__Htext32                                      text32       000000
__Htext33                                      text33       000000
__Htext34                                      text34       000000
__Htext4                                       text4        000000
__Htext5                                       text5        000000
__Htext6                                       text6        000000
__Htext7                                       text7        000000
__Htext8                                       text8        000000
__Htext9                                       text9        000000
__LRAM                                         (abs)        000001
__Labs1                                        abs1         000000
__Lbank0                                       bank0        000000
__Lbank1                                       bank1        000000
__Lbank2                                       bank2        000000
__Lbank3                                       bank3        000000
__Lbank4                                       bank4        000000
__Lbank5                                       bank5        000000
__Lbigbss                                      bigbss       000000
__Lbigdata                                     bigdata      000000
__Lbigram                                      bigram       000000
__Lbigsfr                                      bigsfr       000000
__Lbss                                         bss          000000
__LbssBANK0                                    bssBANK0     000000
__Lcinit                                       cinit        000000
__Lclrtext                                     clrtext      000000
__Lcomram                                      comram       000000
__Lconfig                                      config       000000
__Lconst                                       const        000000
__LcstackBANK0                                 cstackBANK0  000000
__LcstackCOMRAM                                cstackCOMRAM 000000
__Ldata                                        data         000000
__LdataBANK0                                   dataBANK0    000000
__Leeprom_data                                 eeprom_data  000000
__Lfarbss                                      farbss       000000
__Lfardata                                     fardata      000000
__Lheap                                        heap         000000
__Libigdata                                    ibigdata     000000
__Lidata                                       idata        000000
__LidataBANK0                                  idataBANK0   000000
__Lidloc                                       idloc        000000
__Lifardata                                    ifardata     000000
__Linit                                        init         000000
__Lintcode                                     intcode      000000
__Lintcode_body                                intcode_body 000000
__Lintcodelo                                   intcodelo    000000
__Lintentry                                    intentry     000000
__Lintret                                      intret       000000
__Lintsave_regs                                intsave_regs 000000
__Lirdata                                      irdata       000000
__Lmediumconst                                 mediumconst  000000
__LnvBANK0                                     nvBANK0      000000
__LnvFARRAM                                    nvFARRAM     000000
__Lnvbit                                       nvbit        000000
__Lnvrram                                      nvrram       000000
__Lparam                                       rparam       000000
__Lpowerup                                     powerup      000000
__Lram                                         ram          000000
__Lramtop                                      ramtop       000600
__Lrbit                                        rbit         000000
__Lrbss                                        rbss         000000
__Lrdata                                       rdata        000000
__Lreset_vec                                   reset_vec    000000
__Lrparam                                      rparam       000000
__Lsfr                                         sfr          000000
__Lsmallconst                                  smallconst   000600
__Lspace_0                                     (abs)        000000
__Lspace_1                                     (abs)        000000
__Lspace_2                                     (abs)        000000
__Lspace_4                                     (abs)        000000
__Lstack                                       stack        000000
__Lstruct                                      struct       000000
__Ltemp                                        temp         000000
__Ltext                                        text         000000
__Ltext0                                       text0        000000
__Ltext1                                       text1        000000
__Ltext10                                      text10       000000
__Ltext11                                      text11       000000
__Ltext12                                      text12       000000
__Ltext13                                      text13       000000
__Ltext14                                      text14       000000
__Ltext15                                      text15       000000
__Ltext16                                      text16       000000
__Ltext17                                      text17       000000
__Ltext18                                      text18       000000
__Ltext19                                      text19       000000
__Ltext2                                       text2        000000
__Ltext20                                      text20       000000
__Ltext21                                      text21       000000
__Ltext22                                      text22       000000
__Ltext23                                      text23       000000
__Ltext24                                      text24       000000
__Ltext25                                      text25       000000
__Ltext26                                      text26       000000
__Ltext27                                      text27       000000
__Ltext28                                      text28       000000
__Ltext29                                      text29       000000
__Ltext3                                       text3        000000
__Ltext30                                      text30       000000
__Ltext31                                      text31       000000
__Ltext32                                      text32       000000
__Ltext33                                      text33       000000
__Ltext34                                      text34       000000
__Ltext4                                       text4        000000
__Ltext5                                       text5        000000
__Ltext6                                       text6        000000
__Ltext7                                       text7        000000
__Ltext8                                       text8        000000
__Ltext9                                       text9        000000
__S0                                           (abs)        001BA4
__S1                                           (abs)        0000F1
__S4                                           (abs)        000000
__S5                                           (abs)        000000
___aodiv                                       text16       000FEE
___aodiv@counter                               cstackCOMRAM 000011
___aodiv@dividend                              cstackCOMRAM 000001
___aodiv@divisor                               cstackCOMRAM 000009
___aodiv@quotient                              cstackCOMRAM 000013
___aodiv@sign                                  cstackCOMRAM 000012
___aomod                                       text15       001176
___aomod@counter                               cstackCOMRAM 000011
___aomod@dividend                              cstackCOMRAM 000001
___aomod@divisor                               cstackCOMRAM 000009
___aomod@sign                                  cstackCOMRAM 000012
___heap_hi                                     (abs)        000000
___heap_lo                                     (abs)        000000
___inthi_sp                                    stack        000000
___intlo_sp                                    stack        000000
___lmul                                        text22       0016C8
___lmul@multiplicand                           cstackCOMRAM 000005
___lmul@multiplier                             cstackCOMRAM 000001
___lmul@product                                cstackCOMRAM 000009
___param_bank                                  (abs)        000000
___rparam_used                                 (abs)        000001
___sp                                          stack        000000
__accesstop                                    (abs)        000060
__activetblptr                                 (abs)        000002
__end_of_DATAEE_ReadByte                       text18       001B50
__end_of_DATAEE_WriteByte                      text2        0019B0
__end_of_EUSART_Initialize                     text31       001A30
__end_of_EUSART_Read                           text27       001B26
__end_of_EUSART_SetErrorHandler                text34       001B9A
__end_of_EUSART_SetFramingErrorHandler         text33       001B90
__end_of_EUSART_SetOverrunErrorHandler         text32       001B86
__end_of_EUSART_Write                          text24       001B3C
__end_of_EUSART_is_rx_ready                    text26       001B64
__end_of_OSCILLATOR_Initialize                 text30       001B7C
__end_of_PIN_MANAGER_Initialize                text29       001ACE
__end_of_SYSTEM_Initialize                     text28       001B72
__end_of_USART_String_Receive                  text25       00192C
__end_of_USART_String_Transmit                 text23       0017F2
__end_of___aodiv                               text16       001176
__end_of___aomod                               text15       0012DA
__end_of___lmul                                text22       001732
__end_of__initialization                       cinit        001A94
__end_of_abs                                   text14       0019F0
__end_of_atol                                  text19       000E52
__end_of_dtoa                                  text8        000CB4
__end_of_fputc                                 text12       001552
__end_of_fputs                                 text11       001970
__end_of_isdigit                               text21       001A68
__end_of_isspace                               text20       001896
__end_of_main                                  text0        001488
__end_of_pad                                   text9        001618
__end_of_putch                                 text13       001BA4
__end_of_readLongFromEEPROM                    text17       0016C8
__end_of_sprintf                               text3        001844
__end_of_stoa                                  text7        000FEE
__end_of_strlen                                text10       0018E4
__end_of_strncmp                               text6        0013B8
__end_of_vfpfcnvrt                             text5        0009D2
__end_of_vfprintf                              text4        001794
__end_of_writeLongIntoEEPROM                   text1        001AFC
__initialization                               cinit        001A68
__mediumconst                                  mediumconst  000000
__pbssBANK0                                    bssBANK0     000060
__pcinit                                       cinit        001A68
__pcstackBANK0                                 cstackBANK0  0000C3
__pcstackCOMRAM                                cstackCOMRAM 000001
__pdataBANK0                                   dataBANK0    0000E4
__pidataBANK0                                  idataBANK0   001B9A
__pnvBANK0                                     nvBANK0      0000EB
__psmallconst                                  smallconst   000600
__ptext0                                       text0        0013B8
__ptext1                                       text1        001ACE
__ptext10                                      text10       001896
__ptext11                                      text11       00192C
__ptext12                                      text12       001488
__ptext13                                      text13       001BA2
__ptext14                                      text14       0019B0
__ptext15                                      text15       001176
__ptext16                                      text16       000FEE
__ptext17                                      text17       001618
__ptext18                                      text18       001B3C
__ptext19                                      text19       000CB4
__ptext2                                       text2        001970
__ptext20                                      text20       001844
__ptext21                                      text21       001A30
__ptext22                                      text22       0016C8
__ptext23                                      text23       001794
__ptext24                                      text24       001B26
__ptext25                                      text25       0018E4
__ptext26                                      text26       001B50
__ptext27                                      text27       001AFC
__ptext28                                      text28       001B64
__ptext29                                      text29       001A9E
__ptext3                                       text3        0017F2
__ptext30                                      text30       001B72
__ptext31                                      text31       0019F0
__ptext32                                      text32       001B7C
__ptext33                                      text33       001B86
__ptext34                                      text34       001B90
__ptext4                                       text4        001732
__ptext5                                       text5        000642
__ptext6                                       text6        0012DA
__ptext7                                       text7        000E52
__ptext8                                       text8        0009D2
__ptext9                                       text9        001552
__ramtop                                       ramtop       000600
__smallconst                                   smallconst   000600
_abs                                           text14       0019B0
_atol                                          text19       000CB4
_dbuf                                          bssBANK0     0000A3
_dtoa                                          text8        0009D2
_dtoa$1192                                     cstackCOMRAM 00002E
_eusartRxLastError                             bssBANK0     000070
_flags                                         bssBANK0     00006E
_fputc                                         text12       001488
_fputs                                         text11       00192C
_isdigit                                       text21       001A30
_isspace                                       text20       001844
_isspace$1099                                  cstackCOMRAM 000007
_main                                          text0        0013B8
_nout                                          bssBANK0     000068
_number                                        bssBANK0     000060
_pad                                           text9        001552
_prec                                          bssBANK0     00006C
_putch                                         text13       001BA2
_readLongFromEEPROM                            text17       001618
_sprintf                                       text3        0017F2
_stoa                                          text7        000E52
_strlen                                        text10       001896
_strncmp                                       text6        0012DA
_vfpfcnvrt                                     text5        000642
_vfpfcnvrt$1227                                cstackCOMRAM 000056
_vfprintf                                      text4        001732
_width                                         bssBANK0     00006A
_writeLongIntoEEPROM                           text1        001ACE
abs@a                                          cstackCOMRAM 000013
atol@n                                         cstackCOMRAM 000018
atol@neg                                       cstackCOMRAM 000016
atol@s                                         cstackCOMRAM 00000D
dtoa@d                                         cstackCOMRAM 00001E
dtoa@fp                                        cstackCOMRAM 00001C
dtoa@i                                         cstackCOMRAM 00003E
dtoa@n                                         cstackCOMRAM 000036
dtoa@p                                         cstackCOMRAM 000030
dtoa@s                                         cstackCOMRAM 000034
dtoa@w                                         cstackCOMRAM 000032
end_of_initialization                          cinit        001A94
fputc@c                                        cstackCOMRAM 000001
fputc@fp                                       cstackCOMRAM 000003
fputs@c                                        cstackCOMRAM 00000E
fputs@fp                                       cstackCOMRAM 00000C
fputs@i                                        cstackCOMRAM 00000F
fputs@s                                        cstackCOMRAM 00000A
intlevel0                                      text         000000
intlevel1                                      text         000000
intlevel2                                      text         000000
intlevel3                                      text         000000
isa$std                                        (abs)        000001
isa$xinst                                      (abs)        000000
isdigit@c                                      cstackCOMRAM 000001
isspace@c                                      cstackCOMRAM 000001
pad@buf                                        cstackCOMRAM 000013
pad@fp                                         cstackCOMRAM 000011
pad@i                                          cstackCOMRAM 000018
pad@p                                          cstackCOMRAM 000015
pad@w                                          cstackCOMRAM 00001A
readLongFromEEPROM@address                     cstackCOMRAM 000002
sprintf@ap                                     cstackBANK0  0000D5
sprintf@f                                      cstackBANK0  0000D7
sprintf@fmt                                    cstackBANK0  0000CD
sprintf@s                                      cstackBANK0  0000CB
stackhi                                        (abs)        000000
stacklo                                        (abs)        000000
start                                          init         000000
start_initialization                           cinit        001A68
stoa@F1150                                     dataBANK0    0000E4
stoa@cp                                        cstackCOMRAM 00001A
stoa@fp                                        cstackCOMRAM 00000A
stoa@i                                         cstackCOMRAM 000016
stoa@l                                         cstackCOMRAM 00001E
stoa@nuls                                      cstackCOMRAM 00000F
stoa@p                                         cstackCOMRAM 00001C
stoa@s                                         cstackCOMRAM 00000C
stoa@w                                         cstackCOMRAM 000018
strlen@a                                       cstackCOMRAM 000003
strlen@s                                       cstackCOMRAM 000001
strncmp@_l                                     cstackCOMRAM 000001
strncmp@_r                                     cstackCOMRAM 000003
strncmp@l                                      cstackCOMRAM 000008
strncmp@n                                      cstackCOMRAM 000005
strncmp@r                                      cstackCOMRAM 00000A
vfpfcnvrt@ap                                   cstackCOMRAM 000044
vfpfcnvrt@cp                                   cstackCOMRAM 000054
vfpfcnvrt@fmt                                  cstackCOMRAM 000042
vfpfcnvrt@fp                                   cstackCOMRAM 000040
vfpfcnvrt@ll                                   cstackCOMRAM 000058
vfprintf@ap                                    cstackBANK0  0000C7
vfprintf@cfmt                                  cstackBANK0  0000C9
vfprintf@fmt                                   cstackBANK0  0000C5
vfprintf@fp                                    cstackBANK0  0000C3
writeLongIntoEEPROM@address                    cstackCOMRAM 000004
writeLongIntoEEPROM@number                     cstackCOMRAM 000006


MODULE INFORMATION

Module		Function		Class		Link	Load	Size
C:\Program Files\Microchip\xc8\v2.36\pic\sources\c99\common\putch.c
		_putch         		CODE           	1BA2	0000	2

C:\Program Files\Microchip\xc8\v2.36\pic\sources\c99\common\putch.c estimated size: 2

C:\Program Files\Microchip\xc8\v2.36\pic\sources\c99\common\nf_fputs.c
		_fputs         		CODE           	192C	0000	68

C:\Program Files\Microchip\xc8\v2.36\pic\sources\c99\common\nf_fputs.c estimated size: 68

C:\Program Files\Microchip\xc8\v2.36\pic\sources\c99\common\aomod.c
		___aomod       		CODE           	1176	0000	356

C:\Program Files\Microchip\xc8\v2.36\pic\sources\c99\common\aomod.c estimated size: 356

C:\Program Files\Microchip\xc8\v2.36\pic\sources\c99\common\strncmp.c
		_strncmp       		CODE           	12DA	0000	222

C:\Program Files\Microchip\xc8\v2.36\pic\sources\c99\common\strncmp.c estimated size: 222

C:\Program Files\Microchip\xc8\v2.36\pic\sources\c99\common\Umul32.c
		___lmul        		CODE           	16C8	0000	106

C:\Program Files\Microchip\xc8\v2.36\pic\sources\c99\common\Umul32.c estimated size: 106

C:\Program Files\Microchip\xc8\v2.36\pic\sources\c99\common\nf_sprintf.c
		_sprintf       		CODE           	17F2	0000	82

C:\Program Files\Microchip\xc8\v2.36\pic\sources\c99\common\nf_sprintf.c estimated size: 82

C:\Program Files\Microchip\xc8\v2.36\pic\sources\c99\common\isspace.c
		_isspace       		CODE           	1844	0000	82

C:\Program Files\Microchip\xc8\v2.36\pic\sources\c99\common\isspace.c estimated size: 82

mcc_generated_files/pin_manager.c
		_PIN_MANAGER_Initialize		CODE           	1A9E	0000	48

mcc_generated_files/pin_manager.c estimated size: 48

C:\Program Files\Microchip\xc8\v2.36\pic\sources\c99\common\strlen.c
		_strlen        		CODE           	1896	0000	78

C:\Program Files\Microchip\xc8\v2.36\pic\sources\c99\common\strlen.c estimated size: 78

C:\Program Files\Microchip\xc8\v2.36\pic\sources\c99\common\aodiv.c
		___aodiv       		CODE           	0FEE	0000	392

C:\Program Files\Microchip\xc8\v2.36\pic\sources\c99\common\aodiv.c estimated size: 392

C:\Program Files\Microchip\xc8\v2.36\pic\sources\c99\common\nf_fputc.c
		_fputc         		CODE           	1488	0000	202

C:\Program Files\Microchip\xc8\v2.36\pic\sources\c99\common\nf_fputc.c estimated size: 202

C:\Program Files\Microchip\xc8\v2.36\pic\sources\c99\common\isdigit.c
		_isdigit       		CODE           	1A30	0000	56

C:\Program Files\Microchip\xc8\v2.36\pic\sources\c99\common\isdigit.c estimated size: 56

C:\Program Files\Microchip\xc8\v2.36\pic\sources\c99\common\doprnt.c
		_vfpfcnvrt     		CODE           	0642	0000	912
		_pad           		CODE           	1552	0000	198
		_dtoa          		CODE           	09D2	0000	738
		_vfprintf      		CODE           	1732	0000	98
		_stoa          		CODE           	0E52	0000	412

C:\Program Files\Microchip\xc8\v2.36\pic\sources\c99\common\doprnt.c estimated size: 2358

C:\Program Files\Microchip\xc8\v2.36\pic\sources\c99\common\atol.c
		_atol          		CODE           	0CB4	0000	414

C:\Program Files\Microchip\xc8\v2.36\pic\sources\c99\common\atol.c estimated size: 414

shared
		__initialization		CODE           	1A68	0000	44

shared estimated size: 44

mcc_generated_files/mcc.c
		_OSCILLATOR_Initialize		CODE           	1B72	0000	10
		_SYSTEM_Initialize		CODE           	1B64	0000	14

mcc_generated_files/mcc.c estimated size: 24

C:\Program Files\Microchip\xc8\v2.36\pic\sources\c99\common\abs.c
		_abs           		CODE           	19B0	0000	64

C:\Program Files\Microchip\xc8\v2.36\pic\sources\c99\common\abs.c estimated size: 64

mcc_generated_files/memory.c
		_DATAEE_WriteByte		CODE           	1970	0000	64
		_DATAEE_ReadByte		CODE           	1B3C	0000	20

mcc_generated_files/memory.c estimated size: 84

mcc_generated_files/eusart.c
		_EUSART_Read   		CODE           	1AFC	0000	42
		_EUSART_Write  		CODE           	1B26	0000	22
		_EUSART_Initialize		CODE           	19F0	0000	64
		_EUSART_SetFramingErrorHandler		CODE           	1B86	0000	10
		_EUSART_SetErrorHandler		CODE           	1B90	0000	10
		_EUSART_SetOverrunErrorHandler		CODE           	1B7C	0000	10
		_EUSART_is_rx_ready		CODE           	1B50	0000	20

mcc_generated_files/eusart.c estimated size: 178

main.c
		_USART_String_Transmit		CODE           	1794	0000	94
		_main          		CODE           	13B8	0000	208
		_readLongFromEEPROM		CODE           	1618	0000	176
		_writeLongIntoEEPROM		CODE           	1ACE	0000	46
		_USART_String_Receive		CODE           	18E4	0000	72

main.c estimated size: 596

