Microchip MPLAB XC8 Compiler V2.36

Linker command line:

-W-3 --edf=C:\Program Files\Microchip\xc8\v2.36\pic\dat\en_msgs.txt -cn \
  -h+dist/default/production\EEPROM_5_Input_Calculator.X.production.sym \
  --cmf=dist/default/production\EEPROM_5_Input_Calculator.X.production.cmf \
  -z -Q18F45K20 -oC:\Users\Usmaan\AppData\Local\Temp\xcAskeo.4 \
  --defsym=__MPLAB_BUILD=1 \
  -Mdist/default/production/EEPROM_5_Input_Calculator.X.production.map \
  --md=C:\Users\Usmaan\AppData\Local\Temp\xcAskeo.dat -E1 -ver=XC8 Compiler \
  --acfsm=1493 -ACODE=00h-07FFFh -ACONST=00h-07FFFh \
  -ASMALLCONST=0600h-06FFhx122 -AMEDIUMCONST=0600h-07FFFh -ACOMRAM=01h-05Fh \
  -AABS1=00h-05FFh -ABIGRAM=01h-05FFh -ARAM=060h-0FFh,0100h-01FFhx5 \
  -ABANK0=060h-0FFh -ABANK1=0100h-01FFh -ABANK2=0200h-02FFh \
  -ABANK3=0300h-03FFh -ABANK4=0400h-04FFh -ABANK5=0500h-05FFh \
  -ASFR=0F60h-0FFFh -ABIGSFR=0F60h-0FFFh -ACONFIG=0300000h-030000Dh \
  -AIDLOC=0200000h-0200007h -AEEDATA=0F00000h-0F000FFh -peeprom_data=EEDATA \
  -preset_vec=00h,intcode,intcodelo,powerup,init -pramtop=0600h \
  -psmallconst=SMALLCONST -pmediumconst=MEDIUMCONST -pconst=CONST \
  -AFARRAM=00h-00h \
  -prdata=COMRAM,nvrram=COMRAM,nvbit=COMRAM,rbss=COMRAM,rbit=COMRAM \
  -pfarbss=FARRAM,fardata=FARRAM,nvFARRAM=FARRAM \
  -pintsave_regs=BIGRAM,bigbss=BIGRAM,bigdata=BIGRAM -pbss=RAM \
  -pidata=CODE,irdata=CODE,ibigdata=CODE,ifardata=CODE -prparam=COMRAM \
  C:\Users\Usmaan\AppData\Local\Temp\xcAskeo.o \
  dist/default/production\EEPROM_5_Input_Calculator.X.production.o 

Object code version is 3.11

Machine type is 18F45K20



                Name                               Link     Load   Length Selector   Space Scale
C:\Users\Usmaan\AppData\Local\Temp\xcAskeo.o
                idloc                            200000   200000        8        0       5
                config                           300000   300000        E        0       4
                init                                  0        0        4        0       0
dist/default/production\EEPROM_5_Input_Calculator.X.production.o
                idloc                            200000   200000        8        0       5
                config                           300000   300000        E        0       4
                smallconst                          600      600       5E      300       0
                text16                              BA4      BA4       14      32F       0
                text15                              A5E      A5E       40      32F       0
                text14                              B3C      B3C       28      32F       0
                text13                              B90      B90       14      32F       0
                text12                              BE4      BE4        A      32F       0
                text11                              BDA      BDA        A      32F       0
                text10                              BD0      BD0        A      32F       0
                text9                               A9E      A9E       3E      32F       0
                text8                               BC6      BC6        A      32F       0
                text7                               B0C      B0C       30      32F       0
                text6                               BB8      BB8        E      32F       0
                text5                               B7A      B7A       16      32F       0
                text4                               ADC      ADC       30      32F       0
                text3                               986      986       74      32F       0
                text2                               9FA      9FA       64      32F       0
                text1                               65E      65E      208      32F       0
                text0                               866      866      120      32F       0
                cstackCOMRAM                         37       37       25        1       1
                bssCOMRAM                             1        1       36        1       1
                cinit                               B64      B64       16      32F       0
                nvBANK0                              60       60        2       60       1
                nvCOMRAM                             5C       5C        4        1       1

TOTAL           Name                               Link     Load   Length     Space
        CLASS   CODE           
                init                                  0        0        4         0
                text16                              BA4      BA4       14         0
                text15                              A5E      A5E       40         0
                text14                              B3C      B3C       28         0
                text13                              B90      B90       14         0
                text12                              BE4      BE4        A         0
                text11                              BDA      BDA        A         0
                text10                              BD0      BD0        A         0
                text9                               A9E      A9E       3E         0
                text8                               BC6      BC6        A         0
                text7                               B0C      B0C       30         0
                text6                               BB8      BB8        E         0
                text5                               B7A      B7A       16         0
                text4                               ADC      ADC       30         0
                text3                               986      986       74         0
                text2                               9FA      9FA       64         0
                text1                               65E      65E      208         0
                text0                               866      866      120         0
                cinit                               B64      B64       16         0

        CLASS   CONST          

        CLASS   SMALLCONST     
                smallconst                          600      600       5E         0

        CLASS   MEDIUMCONST    

        CLASS   COMRAM         
                cstackCOMRAM                         37       37       25         1
                bssCOMRAM                             1        1       36         1
                nvCOMRAM                             5C       5C        4         1

        CLASS   ABS1           

        CLASS   BIGRAM         

        CLASS   RAM            

        CLASS   BANK0          
                nvBANK0                              60       60        2         1

        CLASS   BANK1          

        CLASS   BANK2          

        CLASS   BANK3          

        CLASS   BANK4          

        CLASS   BANK5          

        CLASS   SFR            

        CLASS   BIGSFR         

        CLASS   CONFIG         
                config                           300000   300000        E         4

        CLASS   IDLOC          
                idloc                            200000   200000        8         5

        CLASS   EEDATA         

        CLASS   FARRAM         

        CLASS   HEAP           

        CLASS   STACK          



SEGMENTS        Name                           Load    Length   Top    Selector   Space  Class

                reset_vec                      000000  000004  000004         0       0  CODE    
                bssCOMRAM                      000001  00005F  000060         1       1  COMRAM  
                nvBANK0                        000060  000002  000062        60       1  BANK0   
                smallconst                     000600  00005E  00065E       300       0  SMALLCON
                text1                          00065E  000590  000BEE       32F       0  CODE    


UNUSED ADDRESS RANGES

        Name                Unused          Largest block    Delta
        BANK0            000062-0000FF               9E
        BANK1            000100-0001FF              100
        BANK2            000200-0002FF              100
        BANK3            000300-0003FF              100
        BANK4            000400-0004FF              100
        BANK5            000500-0005FF              100
        BIGRAM           000062-0005FF              59E
        BIGSFR           000F60-000FFF               A0
        CODE             000004-0005FF              5FC
                         000BEE-007FFF             7412
        CONST            000004-0005FF              5FC
                         000BEE-007FFF             7412
        EEDATA           F00000-F000FF              100
        MEDIUMCONST      000BEE-007FFF             7412
        RAM              000062-0005FF              100
        SFR              000F60-000FFF               A0
        SMALLCONST       000BEE-007FFF              100

                                  Symbol Table

?___lwdiv                                      cstackCOMRAM 000037
?___lwmod                                      cstackCOMRAM 00003E
?_sprintf                                      cstackCOMRAM 000043
DATAEE_ReadByte@bAdd                           cstackCOMRAM 000037
DATAEE_WriteByte@GIEBitValue                   cstackCOMRAM 000039
DATAEE_WriteByte@bAdd                          cstackCOMRAM 000038
DATAEE_WriteByte@bData                         cstackCOMRAM 000037
EUSART_SetErrorHandler@interruptHandler        cstackCOMRAM 000037
EUSART_SetFramingErrorHandler@interruptHandler cstackCOMRAM 000037
EUSART_SetOverrunErrorHandler@interruptHandler cstackCOMRAM 000037
EUSART_Write@txData                            cstackCOMRAM 000037
USART_String_Transmit@string                   cstackCOMRAM 000038
_ANSEL                                         (abs)        000F7E
_ANSELH                                        (abs)        000F7F
_ASCII_Conversion                              bssCOMRAM    000005
_BAUDCON                                       (abs)        000FB8
_Calculated_Value                              bssCOMRAM    000001
_DATAEE_ReadByte                               text16       000BA4
_DATAEE_WriteByte                              text15       000A5E
_EEADR                                         (abs)        000FA9
_EECON1bits                                    (abs)        000FA6
_EECON2                                        (abs)        000FA7
_EEDATA                                        (abs)        000FA8
_EUSART_DefaultErrorHandler                    (abs)        000000
_EUSART_DefaultFramingErrorHandler             (abs)        000000
_EUSART_DefaultOverrunErrorHandler             (abs)        000000
_EUSART_ErrorHandler                           nvBANK0      000060
_EUSART_FramingErrorHandler                    nvCOMRAM     00005E
_EUSART_Initialize                             text9        000A9E
_EUSART_OverrunErrorHandler                    nvCOMRAM     00005C
_EUSART_Read                                   text14       000B3C
_EUSART_SetErrorHandler                        text12       000BE4
_EUSART_SetFramingErrorHandler                 text11       000BDA
_EUSART_SetOverrunErrorHandler                 text10       000BD0
_EUSART_Write                                  text5        000B7A
_EUSART_is_rx_ready                            text13       000B90
_INTCON2bits                                   (abs)        000FF1
_INTCONbits                                    (abs)        000FF2
_LATA                                          (abs)        000F89
_LATB                                          (abs)        000F8A
_LATC                                          (abs)        000F8B
_LATD                                          (abs)        000F8C
_LATE                                          (abs)        000F8D
_OSCCON                                        (abs)        000FD3
_OSCILLATOR_Initialize                         text8        000BC6
_OSCTUNE                                       (abs)        000F9B
_PIN_MANAGER_Initialize                        text7        000B0C
_PIR1bits                                      (abs)        000F9E
_PIR2bits                                      (abs)        000FA1
_RAM                                           bssCOMRAM    000003
_RCREG                                         (abs)        000FAE
_RCSTA                                         (abs)        000FAB
_RCSTAbits                                     (abs)        000FAB
_SPBRG                                         (abs)        000FAF
_SPBRGH                                        (abs)        000FB0
_SYSTEM_Initialize                             text6        000BB8
_TABLAT                                        (abs)        000FF5
_TBLPTRH                                       (abs)        000FF7
_TBLPTRL                                       (abs)        000FF6
_TBLPTRU                                       (abs)        000FF8
_TRISA                                         (abs)        000F92
_TRISB                                         (abs)        000F93
_TRISC                                         (abs)        000F94
_TRISD                                         (abs)        000F95
_TRISE                                         (abs)        000F96
_TXREG                                         (abs)        000FAD
_TXSTA                                         (abs)        000FAC
_TXSTAbits                                     (abs)        000FAC
_USART_String_Transmit                         text4        000ADC
_WPUB                                          (abs)        000F7C
__HRAM                                         (abs)        000000
__Habs1                                        abs1         000000
__Hbank0                                       bank0        000000
__Hbank1                                       bank1        000000
__Hbank2                                       bank2        000000
__Hbank3                                       bank3        000000
__Hbank4                                       bank4        000000
__Hbank5                                       bank5        000000
__Hbigbss                                      bigbss       000000
__Hbigdata                                     bigdata      000000
__Hbigram                                      bigram       000000
__Hbigsfr                                      bigsfr       000000
__Hbss                                         bss          000000
__HbssCOMRAM                                   bssCOMRAM    000000
__Hcinit                                       cinit        000000
__Hclrtext                                     clrtext      000000
__Hcomram                                      comram       000000
__Hconfig                                      config       30000E
__Hconst                                       const        000000
__HcstackCOMRAM                                cstackCOMRAM 000000
__Hdata                                        data         000000
__Heeprom_data                                 eeprom_data  000000
__Hfarbss                                      farbss       000000
__Hfardata                                     fardata      000000
__Hheap                                        heap         000000
__Hibigdata                                    ibigdata     000000
__Hidata                                       idata        000000
__Hidloc                                       idloc        200008
__Hifardata                                    ifardata     000000
__Hinit                                        init         000004
__Hintcode                                     intcode      000000
__Hintcode_body                                intcode_body 000000
__Hintcodelo                                   intcodelo    000000
__Hintentry                                    intentry     000000
__Hintret                                      intret       000000
__Hintsave_regs                                intsave_regs 000000
__Hirdata                                      irdata       000000
__Hmediumconst                                 mediumconst  000000
__HnvBANK0                                     nvBANK0      000000
__HnvCOMRAM                                    nvCOMRAM     000000
__HnvFARRAM                                    nvFARRAM     000000
__Hnvbit                                       nvbit        000000
__Hnvrram                                      nvrram       000000
__Hparam                                       rparam       000000
__Hpowerup                                     powerup      000000
__Hram                                         ram          000000
__Hramtop                                      ramtop       000600
__Hrbit                                        rbit         000000
__Hrbss                                        rbss         000000
__Hrdata                                       rdata        000000
__Hreset_vec                                   reset_vec    000000
__Hrparam                                      rparam       000000
__Hsfr                                         sfr          000000
__Hsmallconst                                  smallconst   00065E
__Hspace_0                                     (abs)        000BEE
__Hspace_1                                     (abs)        000062
__Hspace_2                                     (abs)        000000
__Hspace_4                                     (abs)        60000E
__Hstack                                       stack        000000
__Hstruct                                      struct       000000
__Htemp                                        temp         000000
__Htext                                        text         000000
__Htext0                                       text0        000000
__Htext1                                       text1        000000
__Htext10                                      text10       000000
__Htext11                                      text11       000000
__Htext12                                      text12       000000
__Htext13                                      text13       000000
__Htext14                                      text14       000000
__Htext15                                      text15       000000
__Htext16                                      text16       000000
__Htext2                                       text2        000000
__Htext3                                       text3        000000
__Htext4                                       text4        000000
__Htext5                                       text5        000000
__Htext6                                       text6        000000
__Htext7                                       text7        000000
__Htext8                                       text8        000000
__Htext9                                       text9        000000
__LRAM                                         (abs)        000001
__Labs1                                        abs1         000000
__Lbank0                                       bank0        000000
__Lbank1                                       bank1        000000
__Lbank2                                       bank2        000000
__Lbank3                                       bank3        000000
__Lbank4                                       bank4        000000
__Lbank5                                       bank5        000000
__Lbigbss                                      bigbss       000000
__Lbigdata                                     bigdata      000000
__Lbigram                                      bigram       000000
__Lbigsfr                                      bigsfr       000000
__Lbss                                         bss          000000
__LbssCOMRAM                                   bssCOMRAM    000000
__Lcinit                                       cinit        000000
__Lclrtext                                     clrtext      000000
__Lcomram                                      comram       000000
__Lconfig                                      config       000000
__Lconst                                       const        000000
__LcstackCOMRAM                                cstackCOMRAM 000000
__Ldata                                        data         000000
__Leeprom_data                                 eeprom_data  000000
__Lfarbss                                      farbss       000000
__Lfardata                                     fardata      000000
__Lheap                                        heap         000000
__Libigdata                                    ibigdata     000000
__Lidata                                       idata        000000
__Lidloc                                       idloc        000000
__Lifardata                                    ifardata     000000
__Linit                                        init         000000
__Lintcode                                     intcode      000000
__Lintcode_body                                intcode_body 000000
__Lintcodelo                                   intcodelo    000000
__Lintentry                                    intentry     000000
__Lintret                                      intret       000000
__Lintsave_regs                                intsave_regs 000000
__Lirdata                                      irdata       000000
__Lmediumconst                                 mediumconst  000000
__LnvBANK0                                     nvBANK0      000000
__LnvCOMRAM                                    nvCOMRAM     000000
__LnvFARRAM                                    nvFARRAM     000000
__Lnvbit                                       nvbit        000000
__Lnvrram                                      nvrram       000000
__Lparam                                       rparam       000000
__Lpowerup                                     powerup      000000
__Lram                                         ram          000000
__Lramtop                                      ramtop       000600
__Lrbit                                        rbit         000000
__Lrbss                                        rbss         000000
__Lrdata                                       rdata        000000
__Lreset_vec                                   reset_vec    000000
__Lrparam                                      rparam       000000
__Lsfr                                         sfr          000000
__Lsmallconst                                  smallconst   000600
__Lspace_0                                     (abs)        000000
__Lspace_1                                     (abs)        000000
__Lspace_2                                     (abs)        000000
__Lspace_4                                     (abs)        000000
__Lstack                                       stack        000000
__Lstruct                                      struct       000000
__Ltemp                                        temp         000000
__Ltext                                        text         000000
__Ltext0                                       text0        000000
__Ltext1                                       text1        000000
__Ltext10                                      text10       000000
__Ltext11                                      text11       000000
__Ltext12                                      text12       000000
__Ltext13                                      text13       000000
__Ltext14                                      text14       000000
__Ltext15                                      text15       000000
__Ltext16                                      text16       000000
__Ltext2                                       text2        000000
__Ltext3                                       text3        000000
__Ltext4                                       text4        000000
__Ltext5                                       text5        000000
__Ltext6                                       text6        000000
__Ltext7                                       text7        000000
__Ltext8                                       text8        000000
__Ltext9                                       text9        000000
__S0                                           (abs)        000BEE
__S1                                           (abs)        000062
__S4                                           (abs)        000000
__S5                                           (abs)        000000
___heap_hi                                     (abs)        000000
___heap_lo                                     (abs)        000000
___inthi_sp                                    stack        000000
___intlo_sp                                    stack        000000
___lwdiv                                       text3        000986
___lwdiv@counter                               cstackCOMRAM 00003D
___lwdiv@dividend                              cstackCOMRAM 000037
___lwdiv@divisor                               cstackCOMRAM 000039
___lwdiv@quotient                              cstackCOMRAM 00003B
___lwmod                                       text2        0009FA
___lwmod@counter                               cstackCOMRAM 000042
___lwmod@dividend                              cstackCOMRAM 00003E
___lwmod@divisor                               cstackCOMRAM 000040
___param_bank                                  (abs)        000000
___rparam_used                                 (abs)        000001
___sp                                          stack        000000
__accesstop                                    (abs)        000060
__activetblptr                                 (abs)        000002
__end_of_DATAEE_ReadByte                       text16       000BB8
__end_of_DATAEE_WriteByte                      text15       000A9E
__end_of_EUSART_Initialize                     text9        000ADC
__end_of_EUSART_Read                           text14       000B64
__end_of_EUSART_SetErrorHandler                text12       000BEE
__end_of_EUSART_SetFramingErrorHandler         text11       000BE4
__end_of_EUSART_SetOverrunErrorHandler         text10       000BDA
__end_of_EUSART_Write                          text5        000B90
__end_of_EUSART_is_rx_ready                    text13       000BA4
__end_of_OSCILLATOR_Initialize                 text8        000BD0
__end_of_PIN_MANAGER_Initialize                text7        000B3C
__end_of_SYSTEM_Initialize                     text6        000BC6
__end_of_USART_String_Transmit                 text4        000B0C
__end_of___lwdiv                               text3        0009FA
__end_of___lwmod                               text2        000A5E
__end_of__initialization                       cinit        000B70
__end_of_dpowers                               smallconst   00060B
__end_of_main                                  text0        000986
__end_of_sprintf                               text1        000866
__initialization                               cinit        000B64
__mediumconst                                  mediumconst  000000
__pbssCOMRAM                                   bssCOMRAM    000001
__pcinit                                       cinit        000B64
__pcstackCOMRAM                                cstackCOMRAM 000037
__pnvBANK0                                     nvBANK0      000060
__pnvCOMRAM                                    nvCOMRAM     00005C
__psmallconst                                  smallconst   000600
__ptext0                                       text0        000866
__ptext1                                       text1        00065E
__ptext10                                      text10       000BD0
__ptext11                                      text11       000BDA
__ptext12                                      text12       000BE4
__ptext13                                      text13       000B90
__ptext14                                      text14       000B3C
__ptext15                                      text15       000A5E
__ptext16                                      text16       000BA4
__ptext2                                       text2        0009FA
__ptext3                                       text3        000986
__ptext4                                       text4        000ADC
__ptext5                                       text5        000B7A
__ptext6                                       text6        000BB8
__ptext7                                       text7        000B0C
__ptext8                                       text8        000BC6
__ptext9                                       text9        000A9E
__ramtop                                       ramtop       000600
__smallconst                                   smallconst   000600
_dpowers                                       smallconst   000601
_eusartRxLastError                             bssCOMRAM    000004
_main                                          text0        000866
_sprintf                                       text1        00065E
end_of_initialization                          cinit        000B70
intlevel0                                      text         000000
intlevel1                                      text         000000
intlevel2                                      text         000000
intlevel3                                      text         000000
isa$std                                        (abs)        000001
isa$xinst                                      (abs)        000000
main@Counter                                   cstackCOMRAM 00005A
main@Counter_595                               cstackCOMRAM 000058
sprintf@ap                                     cstackCOMRAM 000051
sprintf@c                                      cstackCOMRAM 000055
sprintf@cp                                     cstackCOMRAM 000053
sprintf@f                                      cstackCOMRAM 000045
sprintf@flag                                   cstackCOMRAM 00004D
sprintf@prec                                   cstackCOMRAM 000050
sprintf@sp                                     cstackCOMRAM 000043
sprintf@val                                    cstackCOMRAM 00004E
stackhi                                        (abs)        000000
stacklo                                        (abs)        000000
start                                          init         000000
start_initialization                           cinit        000B64


MODULE INFORMATION

Module		Function		Class		Link	Load	Size
C:\Program Files\Microchip\xc8\v2.36\pic\sources\c90\common\doprnt.c
		_sprintf       		CODE           	065E	0000	520

C:\Program Files\Microchip\xc8\v2.36\pic\sources\c90\common\doprnt.c estimated size: 520

C:\Program Files\Microchip\xc8\v2.36\pic\sources\c90\common\lwmod.c
		___lwmod       		CODE           	09FA	0000	100

C:\Program Files\Microchip\xc8\v2.36\pic\sources\c90\common\lwmod.c estimated size: 100

mcc_generated_files/pin_manager.c
		_PIN_MANAGER_Initialize		CODE           	0B0C	0000	48

mcc_generated_files/pin_manager.c estimated size: 48

C:\Program Files\Microchip\xc8\v2.36\pic\sources\c90\common\lwdiv.c
		___lwdiv       		CODE           	0986	0000	116

C:\Program Files\Microchip\xc8\v2.36\pic\sources\c90\common\lwdiv.c estimated size: 116

shared
		_dpowers       		SMALLCONST     	0601	0000	10
		__initialization		CODE           	0B64	0000	12

shared estimated size: 22

mcc_generated_files/mcc.c
		_OSCILLATOR_Initialize		CODE           	0BC6	0000	10
		_SYSTEM_Initialize		CODE           	0BB8	0000	14

mcc_generated_files/mcc.c estimated size: 24

mcc_generated_files/memory.c
		_DATAEE_WriteByte		CODE           	0A5E	0000	64
		_DATAEE_ReadByte		CODE           	0BA4	0000	20

mcc_generated_files/memory.c estimated size: 84

mcc_generated_files/eusart.c
		_EUSART_Read   		CODE           	0B3C	0000	40
		_EUSART_Write  		CODE           	0B7A	0000	22
		_EUSART_Initialize		CODE           	0A9E	0000	62
		_EUSART_SetFramingErrorHandler		CODE           	0BDA	0000	10
		_EUSART_SetErrorHandler		CODE           	0BE4	0000	10
		_EUSART_SetOverrunErrorHandler		CODE           	0BD0	0000	10
		_EUSART_is_rx_ready		CODE           	0B90	0000	20

mcc_generated_files/eusart.c estimated size: 174

main.c
		_USART_String_Transmit		CODE           	0ADC	0000	48
		_main          		CODE           	0866	0000	288

main.c estimated size: 336

