Microchip MPLAB XC8 Compiler V2.41

Linker command line:

-W-3 \
  --edf=C:\Program Files\Microchip\xc8\v2.41\pic\dat\20230208172133_en.msgs \
  -cn -h+dist/default/production\EEPROM_Read_All_Registers.X.production.sym \
  --cmf=dist/default/production\EEPROM_Read_All_Registers.X.production.cmf \
  -z -Q18F45K20 \
  -oC:\Users\Usmaan\AppData\Local\Temp\xcAs54o.\driver_tmp_3.o \
  --defsym=__MPLAB_BUILD=1 --fixupoverflow=error \
  -Mdist/default/production/EEPROM_Read_All_Registers.X.production.map \
  --md=C:\Users\Usmaan\AppData\Local\Temp\xcAs54o.\driver_tmp_0.dat -E1 \
  -ver=XC8 Compiler --acfsm=1493 -ACODE=00h-07FFFh -ACONST=00h-07FFFh \
  -ASMALLCONST=0600h-06FFhx122 -AMEDIUMCONST=0600h-07FFFh -ACOMRAM=01h-05Fh \
  -AABS1=00h-05FFh -ABIGRAM=01h-05FFh -ARAM=060h-0FFh,0100h-01FFhx5 \
  -ABANK0=060h-0FFh -ABANK1=0100h-01FFh -ABANK2=0200h-02FFh \
  -ABANK3=0300h-03FFh -ABANK4=0400h-04FFh -ABANK5=0500h-05FFh \
  -ASFR=0F60h-0FFFh -ABIGSFR=0F60h-0FFFh -ACONFIG=0300000h-030000Dh \
  -AIDLOC=0200000h-0200007h -AEEDATA=0F00000h-0F000FFh -peeprom_data=EEDATA \
  -preset_vec=00h,intcode,intcodelo,powerup,init -pramtop=0600h \
  -psmallconst=SMALLCONST -pmediumconst=MEDIUMCONST -pconst=CONST \
  -AFARRAM=00h-00h \
  -prdata=COMRAM,nvrram=COMRAM,nvbit=COMRAM,rbss=COMRAM,rbit=COMRAM \
  -pfarbss=FARRAM,fardata=FARRAM,nvFARRAM=FARRAM \
  -pintsave_regs=BIGRAM,bigbss=BIGRAM,bigdata=BIGRAM -pbss=RAM \
  -pidata=CODE,irdata=CODE,ibigdata=CODE,ifardata=CODE -prparam=COMRAM \
  C:\Users\Usmaan\AppData\Local\Temp\xcAs54o.\driver_tmp_14.o \
  dist/default/production\EEPROM_Read_All_Registers.X.production.o 

Object code version is 3.11

Machine type is 18F45K20



                Name                               Link     Load   Length Selector   Space Scale
C:\Users\Usmaan\AppData\Local\Temp\xcAs54o.\driver_tmp_14.o
                idloc                            200000   200000        8        0       5
                config                           300000   300000        E        0       4
                init                                  0        0        4        0       0
dist/default/production\EEPROM_Read_All_Registers.X.production.o
                idloc                            200000   200000        8        0       5
                config                           300000   300000        E        0       4
                smallconst                          600      600       30      300       0
                text23                             105A     105A       14      318       0
                text22                             109A     109A        A      318       0
                text21                             1090     1090        A      318       0
                text20                             1086     1086        A      318       0
                text19                              FA6      FA6       3E      318       0
                text18                             107C     107C        A      318       0
                text17                             1014     1014       30      318       0
                text16                             106E     106E        E      318       0
                text15                             1044     1044       16      318       0
                text14                              FE4      FE4       30      318       0
                text13                             10AC     10AC        2      856       0
                text12                              C20      C20       CA      318       0
                text11                              E8A      E8A       4E      318       0
                text10                              842      842      13A      318       0
                text9                               A6C      A6C       DE      318       0
                text8                               D64      D64       74      318       0
                text7                               DD8      DD8       64      318       0
                text6                               F24      F24       44      318       0
                text5                               CEA      CEA       7A      318       0
                text4                               97C      97C       F0      318       0
                text3                               630      630      212      318       0
                text2                               E3C      E3C       4E      318       0
                text1                               ED8      ED8       4C      318       0
                text0                               B4A      B4A       D6      318       0
                cstackCOMRAM                          1        1       5B        1       1
                dataBANK0                            B6       B6        7       60       1
                bssBANK0                             60       60       56       60       1
                bssCOMRAM                            5C       5C        4        1       1
                cinit                               F68      F68       3E      318       0
                nvBANK0                              BD       BD        6       60       1
                idataBANK0                         10A4     10A4        7      318       0

TOTAL           Name                               Link     Load   Length     Space
        CLASS   CODE           
                init                                  0        0        4         0
                text23                             105A     105A       14         0
                text22                             109A     109A        A         0
                text21                             1090     1090        A         0
                text20                             1086     1086        A         0
                text19                              FA6      FA6       3E         0
                text18                             107C     107C        A         0
                text17                             1014     1014       30         0
                text16                             106E     106E        E         0
                text15                             1044     1044       16         0
                text14                              FE4      FE4       30         0
                text13                             10AC     10AC        2         0
                text12                              C20      C20       CA         0
                text11                              E8A      E8A       4E         0
                text10                              842      842      13A         0
                text9                               A6C      A6C       DE         0
                text8                               D64      D64       74         0
                text7                               DD8      DD8       64         0
                text6                               F24      F24       44         0
                text5                               CEA      CEA       7A         0
                text4                               97C      97C       F0         0
                text3                               630      630      212         0
                text2                               E3C      E3C       4E         0
                text1                               ED8      ED8       4C         0
                text0                               B4A      B4A       D6         0
                cinit                               F68      F68       3E         0
                idataBANK0                         10A4     10A4        7         0

        CLASS   CONST          

        CLASS   SMALLCONST     
                smallconst                          600      600       30         0

        CLASS   MEDIUMCONST    

        CLASS   COMRAM         
                cstackCOMRAM                          1        1       5B         1
                bssCOMRAM                            5C       5C        4         1

        CLASS   ABS1           

        CLASS   BIGRAM         

        CLASS   RAM            

        CLASS   BANK0          
                dataBANK0                            B6       B6        7         1
                bssBANK0                             60       60       56         1
                nvBANK0                              BD       BD        6         1

        CLASS   BANK1          

        CLASS   BANK2          

        CLASS   BANK3          

        CLASS   BANK4          

        CLASS   BANK5          

        CLASS   SFR            

        CLASS   BIGSFR         

        CLASS   CONFIG         
                config                           300000   300000        E         4

        CLASS   IDLOC          
                idloc                            200000   200000        8         5

        CLASS   EEDATA         

        CLASS   FARRAM         

        CLASS   HEAP           

        CLASS   STACK          



SEGMENTS        Name                           Load    Length   Top    Selector   Space  Class

                reset_vec                      000000  000004  000004         0       0  CODE    
                cstackCOMRAM                   000001  00005F  000060         1       1  COMRAM  
                bssBANK0                       000060  000063  0000C3        60       1  BANK0   
                smallconst                     000600  000030  000630       300       0  SMALLCON
                text3                          000630  000A7B  0010AB       318       0  CODE    
                text13                         0010AC  000002  0010AE       856       0  CODE    


UNUSED ADDRESS RANGES

        Name                Unused          Largest block    Delta
        BANK0            0000C3-0000FF               3D
        BANK1            000100-0001FF              100
        BANK2            000200-0002FF              100
        BANK3            000300-0003FF              100
        BANK4            000400-0004FF              100
        BANK5            000500-0005FF              100
        BIGRAM           0000C3-0005FF              53D
        BIGSFR           000F60-000FFF               A0
        CODE             000004-0005FF              5FC
                         0010AB-0010AB                1
                         0010AE-007FFF             6F52
        CONST            000004-0005FF              5FC
                         0010AB-0010AB                1
                         0010AE-007FFF             6F52
        EEDATA           F00000-F000FF              100
        MEDIUMCONST      0010AB-0010AB                1
                         0010AE-007FFF             6F52
        RAM              0000C3-0005FF              100
        SFR              000F60-000FFF               A0
        SMALLCONST       0010AB-0010AB                1
                         0010AE-007FFF              100

                                  Symbol Table

?___lwdiv                                      cstackCOMRAM 000001
?___lwmod                                      cstackCOMRAM 000001
?_sprintf                                      cstackCOMRAM 00003E
?_strlen                                       cstackCOMRAM 000001
?_strncmp                                      cstackCOMRAM 000001
?_vfprintf                                     cstackCOMRAM 000036
DATAEE_ReadByte@bAdd                           cstackCOMRAM 000001
EUSART_SetErrorHandler@interruptHandler        cstackCOMRAM 000001
EUSART_SetFramingErrorHandler@interruptHandler cstackCOMRAM 000001
EUSART_SetOverrunErrorHandler@interruptHandler cstackCOMRAM 000001
EUSART_Write@txData                            cstackCOMRAM 000001
USART_String_Transmit@string                   cstackCOMRAM 000002
_ANSEL                                         (abs)        000F7E
_ANSELH                                        (abs)        000F7F
_ASCII_Conversion                              bssBANK0     000064
_Address_Counter                               bssBANK0     000062
_BAUDCON                                       (abs)        000FB8
_DATAEE_ReadByte                               text23       00105A
_EEADR                                         (abs)        000FA9
_EECON1bits                                    (abs)        000FA6
_EECON2                                        (abs)        000FA7
_EEDATA                                        (abs)        000FA8
_EUSART_DefaultErrorHandler                    (abs)        000000
_EUSART_DefaultFramingErrorHandler             (abs)        000000
_EUSART_DefaultOverrunErrorHandler             (abs)        000000
_EUSART_ErrorHandler                           nvBANK0      0000BD
_EUSART_FramingErrorHandler                    nvBANK0      0000C1
_EUSART_Initialize                             text19       000FA6
_EUSART_OverrunErrorHandler                    nvBANK0      0000BF
_EUSART_SetErrorHandler                        text22       00109A
_EUSART_SetFramingErrorHandler                 text21       001090
_EUSART_SetOverrunErrorHandler                 text20       001086
_EUSART_Write                                  text15       001044
_INTCON2bits                                   (abs)        000FF1
_INTCONbits                                    (abs)        000FF2
_LATA                                          (abs)        000F89
_LATB                                          (abs)        000F8A
_LATC                                          (abs)        000F8B
_LATD                                          (abs)        000F8C
_LATE                                          (abs)        000F8D
_OSCCON                                        (abs)        000FD3
_OSCILLATOR_Initialize                         text18       00107C
_OSCTUNE                                       (abs)        000F9B
_PIN_MANAGER_Initialize                        text17       001014
_PIR1bits                                      (abs)        000F9E
_PIR2bits                                      (abs)        000FA1
_RCREG                                         (abs)        000FAE
_RCSTA                                         (abs)        000FAB
_RCSTAbits                                     (abs)        000FAB
_SPBRG                                         (abs)        000FAF
_SPBRGH                                        (abs)        000FB0
_SYSTEM_Initialize                             text16       00106E
_TABLAT                                        (abs)        000FF5
_TBLPTRH                                       (abs)        000FF7
_TBLPTRL                                       (abs)        000FF6
_TBLPTRU                                       (abs)        000FF8
_TRISA                                         (abs)        000F92
_TRISB                                         (abs)        000F93
_TRISC                                         (abs)        000F94
_TRISD                                         (abs)        000F95
_TRISE                                         (abs)        000F96
_TXREG                                         (abs)        000FAD
_TXSTA                                         (abs)        000FAC
_TXSTAbits                                     (abs)        000FAC
_USART_String_Transmit                         text14       000FE4
_WPUB                                          (abs)        000F7C
__HRAM                                         (abs)        000000
__H__absolute__                                __absolute__ 000000
__Habs1                                        abs1         000000
__Hbank0                                       bank0        000000
__Hbank1                                       bank1        000000
__Hbank2                                       bank2        000000
__Hbank3                                       bank3        000000
__Hbank4                                       bank4        000000
__Hbank5                                       bank5        000000
__Hbigbss                                      bigbss       000000
__Hbigdata                                     bigdata      000000
__Hbigram                                      bigram       000000
__Hbigsfr                                      bigsfr       000000
__Hbss                                         bss          000000
__HbssBANK0                                    bssBANK0     000000
__HbssCOMRAM                                   bssCOMRAM    000000
__Hcinit                                       cinit        000000
__Hclrtext                                     clrtext      000000
__Hcomram                                      comram       000000
__Hconfig                                      config       30000E
__Hconst                                       const        000000
__HcstackCOMRAM                                cstackCOMRAM 000000
__Hdata                                        data         000000
__HdataBANK0                                   dataBANK0    000000
__Heeprom_data                                 eeprom_data  000000
__Hfarbss                                      farbss       000000
__Hfardata                                     fardata      000000
__Hheap                                        heap         000000
__Hibigdata                                    ibigdata     000000
__Hidata                                       idata        000000
__HidataBANK0                                  idataBANK0   000000
__Hidloc                                       idloc        200008
__Hifardata                                    ifardata     000000
__Hinit                                        init         000004
__Hintcode                                     intcode      000000
__Hintcode_body                                intcode_body 000000
__Hintcodelo                                   intcodelo    000000
__Hintentry                                    intentry     000000
__Hintret                                      intret       000000
__Hintsave_regs                                intsave_regs 000000
__Hirdata                                      irdata       000000
__Hmediumconst                                 mediumconst  000000
__HnvBANK0                                     nvBANK0      000000
__HnvFARRAM                                    nvFARRAM     000000
__Hnvbit                                       nvbit        000000
__Hnvrram                                      nvrram       000000
__Hparam                                       rparam       000000
__Hpowerup                                     powerup      000000
__Hram                                         ram          000000
__Hramtop                                      ramtop       000600
__Hrbit                                        rbit         000000
__Hrbss                                        rbss         000000
__Hrdata                                       rdata        000000
__Hreset_vec                                   reset_vec    000000
__Hrparam                                      rparam       000000
__Hsfr                                         sfr          000000
__Hsmallconst                                  smallconst   000630
__Hspace_0                                     (abs)        0010AE
__Hspace_1                                     (abs)        0000C3
__Hspace_2                                     (abs)        000000
__Hspace_4                                     (abs)        60000E
__Hstack                                       stack        000000
__Hstruct                                      struct       000000
__Htemp                                        temp         000000
__Htext                                        text         000000
__Htext0                                       text0        000000
__Htext1                                       text1        000000
__Htext10                                      text10       000000
__Htext11                                      text11       000000
__Htext12                                      text12       000000
__Htext13                                      text13       000000
__Htext14                                      text14       000000
__Htext15                                      text15       000000
__Htext16                                      text16       000000
__Htext17                                      text17       000000
__Htext18                                      text18       000000
__Htext19                                      text19       000000
__Htext2                                       text2        000000
__Htext20                                      text20       000000
__Htext21                                      text21       000000
__Htext22                                      text22       000000
__Htext23                                      text23       000000
__Htext3                                       text3        000000
__Htext4                                       text4        000000
__Htext5                                       text5        000000
__Htext6                                       text6        000000
__Htext7                                       text7        000000
__Htext8                                       text8        000000
__Htext9                                       text9        000000
__LRAM                                         (abs)        000001
__L__absolute__                                __absolute__ 000000
__Labs1                                        abs1         000000
__Lbank0                                       bank0        000000
__Lbank1                                       bank1        000000
__Lbank2                                       bank2        000000
__Lbank3                                       bank3        000000
__Lbank4                                       bank4        000000
__Lbank5                                       bank5        000000
__Lbigbss                                      bigbss       000000
__Lbigdata                                     bigdata      000000
__Lbigram                                      bigram       000000
__Lbigsfr                                      bigsfr       000000
__Lbss                                         bss          000000
__LbssBANK0                                    bssBANK0     000000
__LbssCOMRAM                                   bssCOMRAM    000000
__Lcinit                                       cinit        000000
__Lclrtext                                     clrtext      000000
__Lcomram                                      comram       000000
__Lconfig                                      config       000000
__Lconst                                       const        000000
__LcstackCOMRAM                                cstackCOMRAM 000000
__Ldata                                        data         000000
__LdataBANK0                                   dataBANK0    000000
__Leeprom_data                                 eeprom_data  000000
__Lfarbss                                      farbss       000000
__Lfardata                                     fardata      000000
__Lheap                                        heap         000000
__Libigdata                                    ibigdata     000000
__Lidata                                       idata        000000
__LidataBANK0                                  idataBANK0   000000
__Lidloc                                       idloc        000000
__Lifardata                                    ifardata     000000
__Linit                                        init         000000
__Lintcode                                     intcode      000000
__Lintcode_body                                intcode_body 000000
__Lintcodelo                                   intcodelo    000000
__Lintentry                                    intentry     000000
__Lintret                                      intret       000000
__Lintsave_regs                                intsave_regs 000000
__Lirdata                                      irdata       000000
__Lmediumconst                                 mediumconst  000000
__LnvBANK0                                     nvBANK0      000000
__LnvFARRAM                                    nvFARRAM     000000
__Lnvbit                                       nvbit        000000
__Lnvrram                                      nvrram       000000
__Lparam                                       rparam       000000
__Lpowerup                                     powerup      000000
__Lram                                         ram          000000
__Lramtop                                      ramtop       000600
__Lrbit                                        rbit         000000
__Lrbss                                        rbss         000000
__Lrdata                                       rdata        000000
__Lreset_vec                                   reset_vec    000000
__Lrparam                                      rparam       000000
__Lsfr                                         sfr          000000
__Lsmallconst                                  smallconst   000600
__Lspace_0                                     (abs)        000000
__Lspace_1                                     (abs)        000000
__Lspace_2                                     (abs)        000000
__Lspace_4                                     (abs)        000000
__Lstack                                       stack        000000
__Lstruct                                      struct       000000
__Ltemp                                        temp         000000
__Ltext                                        text         000000
__Ltext0                                       text0        000000
__Ltext1                                       text1        000000
__Ltext10                                      text10       000000
__Ltext11                                      text11       000000
__Ltext12                                      text12       000000
__Ltext13                                      text13       000000
__Ltext14                                      text14       000000
__Ltext15                                      text15       000000
__Ltext16                                      text16       000000
__Ltext17                                      text17       000000
__Ltext18                                      text18       000000
__Ltext19                                      text19       000000
__Ltext2                                       text2        000000
__Ltext20                                      text20       000000
__Ltext21                                      text21       000000
__Ltext22                                      text22       000000
__Ltext23                                      text23       000000
__Ltext3                                       text3        000000
__Ltext4                                       text4        000000
__Ltext5                                       text5        000000
__Ltext6                                       text6        000000
__Ltext7                                       text7        000000
__Ltext8                                       text8        000000
__Ltext9                                       text9        000000
__S0                                           (abs)        0010AE
__S1                                           (abs)        0000C3
__S4                                           (abs)        000000
__S5                                           (abs)        000000
___heap_hi                                     (abs)        000000
___heap_lo                                     (abs)        000000
___inthi_sp                                    stack        000000
___intlo_sp                                    stack        000000
___lwdiv                                       text8        000D64
___lwdiv@counter                               cstackCOMRAM 000007
___lwdiv@dividend                              cstackCOMRAM 000001
___lwdiv@divisor                               cstackCOMRAM 000003
___lwdiv@quotient                              cstackCOMRAM 000005
___lwmod                                       text7        000DD8
___lwmod@counter                               cstackCOMRAM 000005
___lwmod@dividend                              cstackCOMRAM 000001
___lwmod@divisor                               cstackCOMRAM 000003
___param_bank                                  (abs)        000000
___rparam_used                                 (abs)        000001
___sp                                          stack        000000
__accesstop                                    (abs)        000060
__activetblptr                                 (abs)        000002
__end_of_DATAEE_ReadByte                       text23       00106E
__end_of_EUSART_Initialize                     text19       000FE4
__end_of_EUSART_SetErrorHandler                text22       0010A4
__end_of_EUSART_SetFramingErrorHandler         text21       00109A
__end_of_EUSART_SetOverrunErrorHandler         text20       001090
__end_of_EUSART_Write                          text15       00105A
__end_of_OSCILLATOR_Initialize                 text18       001086
__end_of_PIN_MANAGER_Initialize                text17       001044
__end_of_SYSTEM_Initialize                     text16       00107C
__end_of_USART_String_Transmit                 text14       001014
__end_of___lwdiv                               text8        000DD8
__end_of___lwmod                               text7        000E3C
__end_of__initialization                       cinit        000F9C
__end_of_fputc                                 text12       000CEA
__end_of_fputs                                 text6        000F68
__end_of_main                                  text0        000C20
__end_of_pad                                   text5        000D64
__end_of_putch                                 text13       0010AE
__end_of_sprintf                               text1        000F24
__end_of_stoa                                  text10       00097C
__end_of_strlen                                text11       000ED8
__end_of_strncmp                               text9        000B4A
__end_of_utoa                                  text4        000A6C
__end_of_vfpfcnvrt                             text3        000842
__end_of_vfprintf                              text2        000E8A
__initialization                               cinit        000F68
__mediumconst                                  mediumconst  000000
__pbssBANK0                                    bssBANK0     000060
__pbssCOMRAM                                   bssCOMRAM    00005C
__pcinit                                       cinit        000F68
__pcstackCOMRAM                                cstackCOMRAM 000001
__pdataBANK0                                   dataBANK0    0000B6
__pidataBANK0                                  idataBANK0   0010A4
__pnvBANK0                                     nvBANK0      0000BD
__psmallconst                                  smallconst   000600
__ptext0                                       text0        000B4A
__ptext1                                       text1        000ED8
__ptext10                                      text10       000842
__ptext11                                      text11       000E8A
__ptext12                                      text12       000C20
__ptext13                                      text13       0010AC
__ptext14                                      text14       000FE4
__ptext15                                      text15       001044
__ptext16                                      text16       00106E
__ptext17                                      text17       001014
__ptext18                                      text18       00107C
__ptext19                                      text19       000FA6
__ptext2                                       text2        000E3C
__ptext20                                      text20       001086
__ptext21                                      text21       001090
__ptext22                                      text22       00109A
__ptext23                                      text23       00105A
__ptext3                                       text3        000630
__ptext4                                       text4        00097C
__ptext5                                       text5        000CEA
__ptext6                                       text6        000F24
__ptext7                                       text7        000DD8
__ptext8                                       text8        000D64
__ptext9                                       text9        000A6C
__ramtop                                       ramtop       000600
__smallconst                                   smallconst   000600
_dbuf                                          bssBANK0     000096
_eusartRxLastError                             bssCOMRAM    00005F
_flags                                         bssCOMRAM    00005E
_fputc                                         text12       000C20
_fputs                                         text6        000F24
_main                                          text0        000B4A
_pad                                           text5        000CEA
_prec                                          bssCOMRAM    00005C
_putch                                         text13       0010AC
_sprintf                                       text1        000ED8
_stoa                                          text10       000842
_strlen                                        text11       000E8A
_strncmp                                       text9        000A6C
_utoa                                          text4        00097C
_vfpfcnvrt                                     text3        000630
_vfpfcnvrt$1149                                cstackCOMRAM 000032
_vfprintf                                      text2        000E3C
_width                                         bssBANK0     000060
end_of_initialization                          cinit        000F9C
fputc@c                                        cstackCOMRAM 000001
fputc@fp                                       cstackCOMRAM 000003
fputs@c                                        cstackCOMRAM 00000E
fputs@fp                                       cstackCOMRAM 00000C
fputs@i                                        cstackCOMRAM 00000F
fputs@s                                        cstackCOMRAM 00000A
intlevel0                                      text         000000
intlevel1                                      text         000000
intlevel2                                      text         000000
intlevel3                                      text         000000
isa$std                                        (abs)        000001
isa$xinst                                      (abs)        000000
main@Current_Address                           cstackCOMRAM 00005A
pad@buf                                        cstackCOMRAM 000013
pad@fp                                         cstackCOMRAM 000011
pad@i                                          cstackCOMRAM 000018
pad@p                                          cstackCOMRAM 000015
pad@w                                          cstackCOMRAM 00001A
sprintf@ap                                     cstackCOMRAM 00004A
sprintf@f                                      cstackCOMRAM 00004C
sprintf@fmt                                    cstackCOMRAM 000040
sprintf@s                                      cstackCOMRAM 00003E
stackhi                                        (abs)        000000
stacklo                                        (abs)        000000
start                                          init         000000
start_initialization                           cinit        000F68
stoa@F1149                                     dataBANK0    0000B6
stoa@cp                                        cstackCOMRAM 00001A
stoa@fp                                        cstackCOMRAM 00000A
stoa@i                                         cstackCOMRAM 000018
stoa@l                                         cstackCOMRAM 00001C
stoa@nuls                                      cstackCOMRAM 00000F
stoa@p                                         cstackCOMRAM 00001E
stoa@s                                         cstackCOMRAM 00000C
stoa@w                                         cstackCOMRAM 000016
strlen@a                                       cstackCOMRAM 000003
strlen@s                                       cstackCOMRAM 000001
strncmp@_l                                     cstackCOMRAM 000001
strncmp@_r                                     cstackCOMRAM 000003
strncmp@l                                      cstackCOMRAM 000008
strncmp@n                                      cstackCOMRAM 000005
strncmp@r                                      cstackCOMRAM 00000A
utoa@d                                         cstackCOMRAM 00001E
utoa@fp                                        cstackCOMRAM 00001C
utoa@i                                         cstackCOMRAM 000024
utoa@p                                         cstackCOMRAM 000022
utoa@w                                         cstackCOMRAM 000020
vfpfcnvrt@ap                                   cstackCOMRAM 00002A
vfpfcnvrt@convarg                              cstackCOMRAM 00002E
vfpfcnvrt@cp                                   cstackCOMRAM 000034
vfpfcnvrt@fmt                                  cstackCOMRAM 000028
vfpfcnvrt@fp                                   cstackCOMRAM 000026
vfprintf@ap                                    cstackCOMRAM 00003A
vfprintf@cfmt                                  cstackCOMRAM 00003C
vfprintf@fmt                                   cstackCOMRAM 000038
vfprintf@fp                                    cstackCOMRAM 000036


MODULE INFORMATION

Module		Function		Class		Link	Load	Size
C:\Program Files\Microchip\xc8\v2.41\pic\sources\c99\common\strlen.c
		_strlen        		CODE           	0E8A	0000	78

C:\Program Files\Microchip\xc8\v2.41\pic\sources\c99\common\strlen.c estimated size: 78

C:\Program Files\Microchip\xc8\v2.41\pic\sources\c99\common\nf_fputc.c
		_fputc         		CODE           	0C20	0000	202

C:\Program Files\Microchip\xc8\v2.41\pic\sources\c99\common\nf_fputc.c estimated size: 202

C:\Program Files\Microchip\xc8\v2.41\pic\sources\c99\common\nf_sprintf.c
		_sprintf       		CODE           	0ED8	0000	76

C:\Program Files\Microchip\xc8\v2.41\pic\sources\c99\common\nf_sprintf.c estimated size: 76

mcc_generated_files/pin_manager.c
		_PIN_MANAGER_Initialize		CODE           	1014	0000	48

mcc_generated_files/pin_manager.c estimated size: 48

C:\Program Files\Microchip\xc8\v2.41\pic\sources\c99\common\lwdiv.c
		___lwdiv       		CODE           	0D64	0000	116

C:\Program Files\Microchip\xc8\v2.41\pic\sources\c99\common\lwdiv.c estimated size: 116

C:\Program Files\Microchip\xc8\v2.41\pic\sources\c99\common\doprnt.c
		_vfpfcnvrt     		CODE           	0630	0000	530
		_pad           		CODE           	0CEA	0000	122
		_vfprintf      		CODE           	0E3C	0000	78
		_stoa          		CODE           	0842	0000	314
		_utoa          		CODE           	097C	0000	240

C:\Program Files\Microchip\xc8\v2.41\pic\sources\c99\common\doprnt.c estimated size: 1284

shared
		__initialization		CODE           	0F68	0000	52

shared estimated size: 52

mcc_generated_files/mcc.c
		_OSCILLATOR_Initialize		CODE           	107C	0000	10
		_SYSTEM_Initialize		CODE           	106E	0000	14

mcc_generated_files/mcc.c estimated size: 24

C:\Program Files\Microchip\xc8\v2.41\pic\sources\c99\common\putch.c
		_putch         		CODE           	10AC	0000	2

C:\Program Files\Microchip\xc8\v2.41\pic\sources\c99\common\putch.c estimated size: 2

C:\Program Files\Microchip\xc8\v2.41\pic\sources\c99\common\nf_fputs.c
		_fputs         		CODE           	0F24	0000	68

C:\Program Files\Microchip\xc8\v2.41\pic\sources\c99\common\nf_fputs.c estimated size: 68

mcc_generated_files/memory.c
		_DATAEE_ReadByte		CODE           	105A	0000	20

mcc_generated_files/memory.c estimated size: 20

mcc_generated_files/eusart.c
		_EUSART_Write  		CODE           	1044	0000	22
		_EUSART_Initialize		CODE           	0FA6	0000	62
		_EUSART_SetFramingErrorHandler		CODE           	1090	0000	10
		_EUSART_SetErrorHandler		CODE           	109A	0000	10
		_EUSART_SetOverrunErrorHandler		CODE           	1086	0000	10

mcc_generated_files/eusart.c estimated size: 114

main.c
		_USART_String_Transmit		CODE           	0FE4	0000	48
		_main          		CODE           	0B4A	0000	214

main.c estimated size: 262

C:\Program Files\Microchip\xc8\v2.41\pic\sources\c99\common\strncmp.c
		_strncmp       		CODE           	0A6C	0000	222

C:\Program Files\Microchip\xc8\v2.41\pic\sources\c99\common\strncmp.c estimated size: 222

C:\Program Files\Microchip\xc8\v2.41\pic\sources\c99\common\lwmod.c
		___lwmod       		CODE           	0DD8	0000	100

C:\Program Files\Microchip\xc8\v2.41\pic\sources\c99\common\lwmod.c estimated size: 100

