Microchip MPLAB XC8 Compiler V2.41

Linker command line:

-W-3 \
  --edf=C:\Program Files\Microchip\xc8\v2.41\pic\dat\20230208172133_en.msgs \
  -cn -h+dist/default/production\Switched_RGB_LED_Example.X.production.sym \
  --cmf=dist/default/production\Switched_RGB_LED_Example.X.production.cmf \
  -z -Q18F45K20 -oC:\Users\UZMAN\AppData\Local\Temp\xcAs224.\driver_tmp_3.o \
  --defsym=__MPLAB_BUILD=1 --fixupoverflow=error \
  -Mdist/default/production/Switched_RGB_LED_Example.X.production.map \
  --md=C:\Users\UZMAN\AppData\Local\Temp\xcAs224.\driver_tmp_0.dat -E1 \
  -ver=XC8 Compiler --acfsm=1493 -ACODE=00h-07FFFh -ACONST=00h-07FFFh \
  -ASMALLCONST=0600h-06FFhx122 -AMEDIUMCONST=0600h-07FFFh -ACOMRAM=01h-05Fh \
  -AABS1=00h-05FFh -ABIGRAM=01h-05FFh -ARAM=060h-0FFh,0100h-01FFhx5 \
  -ABANK0=060h-0FFh -ABANK1=0100h-01FFh -ABANK2=0200h-02FFh \
  -ABANK3=0300h-03FFh -ABANK4=0400h-04FFh -ABANK5=0500h-05FFh \
  -ASFR=0F60h-0FFFh -ABIGSFR=0F60h-0FFFh -ACONFIG=0300000h-030000Dh \
  -AIDLOC=0200000h-0200007h -AEEDATA=0F00000h-0F000FFh -peeprom_data=EEDATA \
  -preset_vec=00h,intcode,intcodelo,powerup,init -pramtop=0600h \
  -psmallconst=SMALLCONST -pmediumconst=MEDIUMCONST -pconst=CONST \
  -AFARRAM=00h-00h \
  -prdata=COMRAM,nvrram=COMRAM,nvbit=COMRAM,rbss=COMRAM,rbit=COMRAM \
  -pfarbss=FARRAM,fardata=FARRAM,nvFARRAM=FARRAM \
  -pintsave_regs=BIGRAM,bigbss=BIGRAM,bigdata=BIGRAM -pbss=RAM \
  -pidata=CODE,irdata=CODE,ibigdata=CODE,ifardata=CODE -prparam=COMRAM \
  C:\Users\UZMAN\AppData\Local\Temp\xcAs224.\driver_tmp_9.o \
  dist/default/production\Switched_RGB_LED_Example.X.production.o 

Object code version is 3.11

Machine type is 18F45K20



                Name                               Link     Load   Length Selector   Space Scale
C:\Users\UZMAN\AppData\Local\Temp\xcAs224.\driver_tmp_9.o
                idloc                            200000   200000        8        0       5
                config                           300000   300000        E        0       4
                init                                  0        0        4        0       0
dist/default/production\Switched_RGB_LED_Example.X.production.o
                idloc                            200000   200000        8        0       5
                config                           300000   300000        E        0       4
                text11                             7E5E     7E5E        8     3F2F       0
                text10                             7E66     7E66        8     3F33       0
                text9                              7E6E     7E6E        8     3F37       0
                text8                              7E76     7E76        8     3F3B       0
                text7                              7E7E     7E7E        8     3F3F       0
                text6                              7E86     7E86        8     3F43       0
                text5                              7E9E     7E9E        A     3F4F       0
                text4                              7EBE     7EBE       30     3F5F       0
                text3                              7EA8     7EA8        A     3F54       0
                text2                              7E8E     7E8E        8     3F47       0
                text1                              7E96     7E96        8     3F4B       0
                text0                              7EEE     7EEE      112     3F77       0
                cstackCOMRAM                          1        1        2        1       1
                bssCOMRAM                             3        3        1        1       1
                cinit                              7EB2     7EB2        C     3F59       0

TOTAL           Name                               Link     Load   Length     Space
        CLASS   CODE           
                init                                  0        0        4         0
                text11                             7E5E     7E5E        8         0
                text10                             7E66     7E66        8         0
                text9                              7E6E     7E6E        8         0
                text8                              7E76     7E76        8         0
                text7                              7E7E     7E7E        8         0
                text6                              7E86     7E86        8         0
                text5                              7E9E     7E9E        A         0
                text4                              7EBE     7EBE       30         0
                text3                              7EA8     7EA8        A         0
                text2                              7E8E     7E8E        8         0
                text1                              7E96     7E96        8         0
                text0                              7EEE     7EEE      112         0
                cinit                              7EB2     7EB2        C         0

        CLASS   CONST          

        CLASS   SMALLCONST     

        CLASS   MEDIUMCONST    

        CLASS   COMRAM         
                cstackCOMRAM                          1        1        2         1
                bssCOMRAM                             3        3        1         1

        CLASS   ABS1           

        CLASS   BIGRAM         

        CLASS   RAM            

        CLASS   BANK0          

        CLASS   BANK1          

        CLASS   BANK2          

        CLASS   BANK3          

        CLASS   BANK4          

        CLASS   BANK5          

        CLASS   SFR            

        CLASS   BIGSFR         

        CLASS   CONFIG         
                config                           300000   300000        E         4

        CLASS   IDLOC          
                idloc                            200000   200000        8         5

        CLASS   EEDATA         

        CLASS   FARRAM         

        CLASS   HEAP           

        CLASS   STACK          



SEGMENTS        Name                           Load    Length   Top    Selector   Space  Class

                reset_vec                      000000  000004  000004         0       0  CODE    
                cstackCOMRAM                   000001  000003  000004         1       1  COMRAM  
                text11                         007E5E  000008  007E66      3F2F       0  CODE    
                text10                         007E66  000008  007E6E      3F33       0  CODE    
                text9                          007E6E  000008  007E76      3F37       0  CODE    
                text8                          007E76  000008  007E7E      3F3B       0  CODE    
                text7                          007E7E  000008  007E86      3F3F       0  CODE    
                text6                          007E86  000008  007E8E      3F43       0  CODE    
                text2                          007E8E  000008  007E96      3F47       0  CODE    
                text1                          007E96  000008  007E9E      3F4B       0  CODE    
                text5                          007E9E  00000A  007EA8      3F4F       0  CODE    
                text3                          007EA8  00000A  007EB2      3F54       0  CODE    
                cinit                          007EB2  00000C  007EBE      3F59       0  CODE    
                text4                          007EBE  000030  007EEE      3F5F       0  CODE    
                text0                          007EEE  000112  008000      3F77       0  CODE    


UNUSED ADDRESS RANGES

        Name                Unused          Largest block    Delta
        BANK0            000060-0000FF               A0
        BANK1            000100-0001FF              100
        BANK2            000200-0002FF              100
        BANK3            000300-0003FF              100
        BANK4            000400-0004FF              100
        BANK5            000500-0005FF              100
        BIGRAM           000004-0005FF              5FC
        BIGSFR           000F60-000FFF               A0
        CODE             000004-007E5D             7E5A
        COMRAM           000004-00005F               5C
        CONST            000004-007E5D             7E5A
        EEDATA           F00000-F000FF              100
        MEDIUMCONST      000600-007E5D             785E
        RAM              000060-0005FF              100
        SFR              000F60-000FFF               A0
        SMALLCONST       000600-007E5D              100

                                  Symbol Table

_ANSEL                          (abs)        000F7E
_ANSELH                         (abs)        000F7F
_BLUE                           text11       007E5E
_CYAN                           text10       007E66
_Counter                        bssCOMRAM    000003
_GREEN                          text9        007E6E
_INTCON2bits                    (abs)        000FF1
_INTCONbits                     (abs)        000FF2
_LATA                           (abs)        000F89
_LATB                           (abs)        000F8A
_LATC                           (abs)        000F8B
_LATCbits                       (abs)        000F8B
_LATD                           (abs)        000F8C
_LATE                           (abs)        000F8D
_NONE                           text8        007E76
_OSCCON                         (abs)        000FD3
_OSCILLATOR_Initialize          text5        007E9E
_OSCTUNE                        (abs)        000F9B
_PIN_MANAGER_Initialize         text4        007EBE
_PORTBbits                      (abs)        000F81
_PURPLE                         text7        007E7E
_RED                            text6        007E86
_SYSTEM_Initialize              text3        007EA8
_TRISA                          (abs)        000F92
_TRISB                          (abs)        000F93
_TRISC                          (abs)        000F94
_TRISD                          (abs)        000F95
_TRISE                          (abs)        000F96
_WHITE                          text2        007E8E
_WPUB                           (abs)        000F7C
_YELLOW                         text1        007E96
__HRAM                          (abs)        000000
__H__absolute__                 __absolute__ 000000
__Habs1                         abs1         000000
__Hbank0                        bank0        000000
__Hbank1                        bank1        000000
__Hbank2                        bank2        000000
__Hbank3                        bank3        000000
__Hbank4                        bank4        000000
__Hbank5                        bank5        000000
__Hbigbss                       bigbss       000000
__Hbigdata                      bigdata      000000
__Hbigram                       bigram       000000
__Hbigsfr                       bigsfr       000000
__Hbss                          bss          000000
__HbssCOMRAM                    bssCOMRAM    000000
__Hcinit                        cinit        000000
__Hclrtext                      clrtext      000000
__Hcomram                       comram       000000
__Hconfig                       config       30000E
__Hconst                        const        000000
__HcstackCOMRAM                 cstackCOMRAM 000000
__Hdata                         data         000000
__Heeprom_data                  eeprom_data  000000
__Hfarbss                       farbss       000000
__Hfardata                      fardata      000000
__Hheap                         heap         000000
__Hibigdata                     ibigdata     000000
__Hidata                        idata        000000
__Hidloc                        idloc        200008
__Hifardata                     ifardata     000000
__Hinit                         init         000004
__Hintcode                      intcode      000000
__Hintcode_body                 intcode_body 000000
__Hintcodelo                    intcodelo    000000
__Hintentry                     intentry     000000
__Hintret                       intret       000000
__Hintsave_regs                 intsave_regs 000000
__Hirdata                       irdata       000000
__Hmediumconst                  mediumconst  000000
__HnvFARRAM                     nvFARRAM     000000
__Hnvbit                        nvbit        000000
__Hnvrram                       nvrram       000000
__Hparam                        rparam       000000
__Hpowerup                      powerup      000000
__Hram                          ram          000000
__Hramtop                       ramtop       000600
__Hrbit                         rbit         000000
__Hrbss                         rbss         000000
__Hrdata                        rdata        000000
__Hreset_vec                    reset_vec    000000
__Hrparam                       rparam       000000
__Hsfr                          sfr          000000
__Hsmallconst                   smallconst   000000
__Hspace_0                      (abs)        008000
__Hspace_1                      (abs)        000004
__Hspace_2                      (abs)        000000
__Hspace_4                      (abs)        60000E
__Hstack                        stack        000000
__Hstruct                       struct       000000
__Htemp                         temp         000000
__Htext                         text         000000
__Htext0                        text0        000000
__Htext1                        text1        000000
__Htext10                       text10       000000
__Htext11                       text11       000000
__Htext2                        text2        000000
__Htext3                        text3        000000
__Htext4                        text4        000000
__Htext5                        text5        000000
__Htext6                        text6        000000
__Htext7                        text7        000000
__Htext8                        text8        000000
__Htext9                        text9        000000
__LRAM                          (abs)        000001
__L__absolute__                 __absolute__ 000000
__Labs1                         abs1         000000
__Lbank0                        bank0        000000
__Lbank1                        bank1        000000
__Lbank2                        bank2        000000
__Lbank3                        bank3        000000
__Lbank4                        bank4        000000
__Lbank5                        bank5        000000
__Lbigbss                       bigbss       000000
__Lbigdata                      bigdata      000000
__Lbigram                       bigram       000000
__Lbigsfr                       bigsfr       000000
__Lbss                          bss          000000
__LbssCOMRAM                    bssCOMRAM    000000
__Lcinit                        cinit        000000
__Lclrtext                      clrtext      000000
__Lcomram                       comram       000000
__Lconfig                       config       000000
__Lconst                        const        000000
__LcstackCOMRAM                 cstackCOMRAM 000000
__Ldata                         data         000000
__Leeprom_data                  eeprom_data  000000
__Lfarbss                       farbss       000000
__Lfardata                      fardata      000000
__Lheap                         heap         000000
__Libigdata                     ibigdata     000000
__Lidata                        idata        000000
__Lidloc                        idloc        000000
__Lifardata                     ifardata     000000
__Linit                         init         000000
__Lintcode                      intcode      000000
__Lintcode_body                 intcode_body 000000
__Lintcodelo                    intcodelo    000000
__Lintentry                     intentry     000000
__Lintret                       intret       000000
__Lintsave_regs                 intsave_regs 000000
__Lirdata                       irdata       000000
__Lmediumconst                  mediumconst  000000
__LnvFARRAM                     nvFARRAM     000000
__Lnvbit                        nvbit        000000
__Lnvrram                       nvrram       000000
__Lparam                        rparam       000000
__Lpowerup                      powerup      000000
__Lram                          ram          000000
__Lramtop                       ramtop       000600
__Lrbit                         rbit         000000
__Lrbss                         rbss         000000
__Lrdata                        rdata        000000
__Lreset_vec                    reset_vec    000000
__Lrparam                       rparam       000000
__Lsfr                          sfr          000000
__Lsmallconst                   smallconst   000000
__Lspace_0                      (abs)        000000
__Lspace_1                      (abs)        000000
__Lspace_2                      (abs)        000000
__Lspace_4                      (abs)        000000
__Lstack                        stack        000000
__Lstruct                       struct       000000
__Ltemp                         temp         000000
__Ltext                         text         000000
__Ltext0                        text0        000000
__Ltext1                        text1        000000
__Ltext10                       text10       000000
__Ltext11                       text11       000000
__Ltext2                        text2        000000
__Ltext3                        text3        000000
__Ltext4                        text4        000000
__Ltext5                        text5        000000
__Ltext6                        text6        000000
__Ltext7                        text7        000000
__Ltext8                        text8        000000
__Ltext9                        text9        000000
__S0                            (abs)        008000
__S1                            (abs)        000004
__S4                            (abs)        000000
__S5                            (abs)        000000
___heap_hi                      (abs)        000000
___heap_lo                      (abs)        000000
___inthi_sp                     stack        000000
___intlo_sp                     stack        000000
___param_bank                   (abs)        000000
___rparam_used                  (abs)        000001
___sp                           stack        000000
__accesstop                     (abs)        000060
__activetblptr                  (abs)        000002
__end_of_BLUE                   text11       007E66
__end_of_CYAN                   text10       007E6E
__end_of_GREEN                  text9        007E76
__end_of_NONE                   text8        007E7E
__end_of_OSCILLATOR_Initialize  text5        007EA8
__end_of_PIN_MANAGER_Initialize text4        007EEE
__end_of_PURPLE                 text7        007E86
__end_of_RED                    text6        007E8E
__end_of_SYSTEM_Initialize      text3        007EB2
__end_of_WHITE                  text2        007E96
__end_of_YELLOW                 text1        007E9E
__end_of__initialization        cinit        007EB4
__end_of_main                   text0        008000
__initialization                cinit        007EB2
__mediumconst                   mediumconst  000000
__pbssCOMRAM                    bssCOMRAM    000003
__pcinit                        cinit        007EB2
__pcstackCOMRAM                 cstackCOMRAM 000001
__ptext0                        text0        007EEE
__ptext1                        text1        007E96
__ptext10                       text10       007E66
__ptext11                       text11       007E5E
__ptext2                        text2        007E8E
__ptext3                        text3        007EA8
__ptext4                        text4        007EBE
__ptext5                        text5        007E9E
__ptext6                        text6        007E86
__ptext7                        text7        007E7E
__ptext8                        text8        007E76
__ptext9                        text9        007E6E
__ramtop                        ramtop       000600
__smallconst                    smallconst   000000
_main                           text0        007EEE
end_of_initialization           cinit        007EB4
intlevel0                       text         000000
intlevel1                       text         000000
intlevel2                       text         000000
intlevel3                       text         000000
isa$std                         (abs)        000001
isa$xinst                       (abs)        000000
stackhi                         (abs)        000000
stacklo                         (abs)        000000
start                           init         000000
start_initialization            cinit        007EB2


MODULE INFORMATION

Module		Function		Class		Link	Load	Size
mcc_generated_files/pin_manager.c
		_PIN_MANAGER_Initialize		CODE           	7EBE	0000	48

mcc_generated_files/pin_manager.c estimated size: 48

shared
		__initialization		CODE           	7EB2	0000	2

shared estimated size: 2

mcc_generated_files/mcc.c
		_OSCILLATOR_Initialize		CODE           	7E9E	0000	10
		_SYSTEM_Initialize		CODE           	7EA8	0000	10

mcc_generated_files/mcc.c estimated size: 20

main.c
		_CYAN          		CODE           	7E66	0000	8
		_main          		CODE           	7EEE	0000	274
		_RED           		CODE           	7E86	0000	8
		_WHITE         		CODE           	7E8E	0000	8
		_YELLOW        		CODE           	7E96	0000	8
		_NONE          		CODE           	7E76	0000	8
		_GREEN         		CODE           	7E6E	0000	8
		_PURPLE        		CODE           	7E7E	0000	8
		_BLUE          		CODE           	7E5E	0000	8

main.c estimated size: 338

