Microchip MPLAB XC8 Compiler V2.36

Linker command line:

-W-3 --edf=C:\Program Files\Microchip\xc8\v2.36\pic\dat\en_msgs.txt -cn \
  -h+dist/default/production\Monitoring_Potentiometer_Voltage_Over_UART.X.production.sym \
  --cmf=dist/default/production\Monitoring_Potentiometer_Voltage_Over_UART.X.production.cmf \
  -z -Q18F45K20 -oC:\Users\Usmaan\AppData\Local\Temp\xcAs830.4 \
  --defsym=__MPLAB_BUILD=1 \
  -Mdist/default/production/Monitoring_Potentiometer_Voltage_Over_UART.X.production.map \
  --md=C:\Users\Usmaan\AppData\Local\Temp\xcAs830.dat -E1 -ver=XC8 Compiler \
  --acfsm=1493 -ACODE=00h-07FFFh -ACONST=00h-07FFFh \
  -ASMALLCONST=0600h-06FFhx122 -AMEDIUMCONST=0600h-07FFFh -ACOMRAM=01h-05Fh \
  -AABS1=00h-05FFh -ABIGRAM=01h-05FFh -ARAM=060h-0FFh,0100h-01FFhx5 \
  -ABANK0=060h-0FFh -ABANK1=0100h-01FFh -ABANK2=0200h-02FFh \
  -ABANK3=0300h-03FFh -ABANK4=0400h-04FFh -ABANK5=0500h-05FFh \
  -ASFR=0F60h-0FFFh -ABIGSFR=0F60h-0FFFh -ACONFIG=0300000h-030000Dh \
  -AIDLOC=0200000h-0200007h -AEEDATA=0F00000h-0F000FFh -peeprom_data=EEDATA \
  -preset_vec=00h,intcode,intcodelo,powerup,init -pramtop=0600h \
  -psmallconst=SMALLCONST -pmediumconst=MEDIUMCONST -pconst=CONST \
  -AFARRAM=00h-00h \
  -prdata=COMRAM,nvrram=COMRAM,nvbit=COMRAM,rbss=COMRAM,rbit=COMRAM \
  -pfarbss=FARRAM,fardata=FARRAM,nvFARRAM=FARRAM \
  -pintsave_regs=BIGRAM,bigbss=BIGRAM,bigdata=BIGRAM -pbss=RAM \
  -pidata=CODE,irdata=CODE,ibigdata=CODE,ifardata=CODE -prparam=COMRAM \
  C:\Users\Usmaan\AppData\Local\Temp\xcAs830.o \
  dist/default/production\Monitoring_Potentiometer_Voltage_Over_UART.X.production.o 

Object code version is 3.11

Machine type is 18F45K20



                Name                               Link     Load   Length Selector   Space Scale
C:\Users\Usmaan\AppData\Local\Temp\xcAs830.o
                idloc                            200000   200000        8        0       5
                config                           300000   300000        E        0       4
                init                                  0        0        4        0       0
dist/default/production\Monitoring_Potentiometer_Voltage_Over_UART.X.production.o
                idloc                            200000   200000        8        0       5
                config                           300000   300000        E        0       4
                smallconst                          600      600       46      300       0
                text44                             36A8     36A8       3A      323       0
                text43                             3824     3824       16      323       0
                text42                             388A     388A        A     1C36       0
                text41                             3880     3880        A     1C36       0
                text40                             3876     3876        A     1C36       0
                text39                             3668     3668       40      323       0
                text38                             386C     386C        A     1C36       0
                text37                             378A     378A       36      323       0
                text36                             384E     384E       12      323       0
                text35                             380E     380E       16      323       0
                text34                             383A     383A       14      323       0
                text33                             37C0     37C0       28      323       0
                text32                             340C     340C       58      323       0
                text31                             260A     260A      1B4      323       0
                text30                             37E8     37E8       26      323       0
                text29                             3752     3752       38      323       0
                text28                             34B6     34B6       52      323       0
                text27                             295A     295A      156      323       0
                text26                             3130     3130       C4      323       0
                text25                             31F4     31F4       B0      323       0
                text24                             205E     205E      39A      323       0
                text23                             32A4     32A4       AA      323       0
                text22                             2CD0     2CD0      104      323       0
                text21                             1C34     1C34      42A      323       0
                text20                             371A     371A       38      323       0
                text19                             1774     1774      4C0      323       0
                text18                             359C     359C       46      323       0
                text17                             2BCA     2BCA      106      323       0
                text16                             2DD4     2DD4       FE      323       0
                text15                             23F8     23F8      212      323       0
                text14                             3894     3894        2     1C36       0
                text13                             2FA0     2FA0       CA      323       0
                text12                             35E2     35E2       44      323       0
                text11                             3508     3508       4E      323       0
                text10                             306A     306A       C6      323       0
                text9                              33B0     33B0       5C      323       0
                text8                              36E2     36E2       38      323       0
                text7                              3556     3556       46      323       0
                text6                               646      646      C0A      323       0
                text5                              27BE     27BE      19C      323       0
                text4                              2AB0     2AB0      11A      323       0
                text3                              1250     1250      524      323       0
                text2                              334E     334E       62      323       0
                text1                              3464     3464       52      323       0
                text0                              2ED2     2ED2       CE      323       0
                cstackCOMRAM                          1        1       5F        1       1
                cstackBANK0                          60       60       6A       60       1
                bssBANK1                            100      100       82      100       1
                dataBANK0                            E9       E9        B       60       1
                bssBANK0                             CA       CA       13       60       1
                cinit                              3626     3626       42      323       0
                nvBANK0                              DD       DD        C       60       1
                idataBANK0                         3860     3860        B      323       0

TOTAL           Name                               Link     Load   Length     Space
        CLASS   CODE           
                init                                  0        0        4         0
                text44                             36A8     36A8       3A         0
                text43                             3824     3824       16         0
                text42                             388A     388A        A         0
                text41                             3880     3880        A         0
                text40                             3876     3876        A         0
                text39                             3668     3668       40         0
                text38                             386C     386C        A         0
                text37                             378A     378A       36         0
                text36                             384E     384E       12         0
                text35                             380E     380E       16         0
                text34                             383A     383A       14         0
                text33                             37C0     37C0       28         0
                text32                             340C     340C       58         0
                text31                             260A     260A      1B4         0
                text30                             37E8     37E8       26         0
                text29                             3752     3752       38         0
                text28                             34B6     34B6       52         0
                text27                             295A     295A      156         0
                text26                             3130     3130       C4         0
                text25                             31F4     31F4       B0         0
                text24                             205E     205E      39A         0
                text23                             32A4     32A4       AA         0
                text22                             2CD0     2CD0      104         0
                text21                             1C34     1C34      42A         0
                text20                             371A     371A       38         0
                text19                             1774     1774      4C0         0
                text18                             359C     359C       46         0
                text17                             2BCA     2BCA      106         0
                text16                             2DD4     2DD4       FE         0
                text15                             23F8     23F8      212         0
                text14                             3894     3894        2         0
                text13                             2FA0     2FA0       CA         0
                text12                             35E2     35E2       44         0
                text11                             3508     3508       4E         0
                text10                             306A     306A       C6         0
                text9                              33B0     33B0       5C         0
                text8                              36E2     36E2       38         0
                text7                              3556     3556       46         0
                text6                               646      646      C0A         0
                text5                              27BE     27BE      19C         0
                text4                              2AB0     2AB0      11A         0
                text3                              1250     1250      524         0
                text2                              334E     334E       62         0
                text1                              3464     3464       52         0
                text0                              2ED2     2ED2       CE         0
                cinit                              3626     3626       42         0
                idataBANK0                         3860     3860        B         0

        CLASS   CONST          

        CLASS   SMALLCONST     
                smallconst                          600      600       46         0

        CLASS   MEDIUMCONST    

        CLASS   COMRAM         
                cstackCOMRAM                          1        1       5F         1

        CLASS   ABS1           

        CLASS   BIGRAM         

        CLASS   RAM            

        CLASS   BANK0          
                cstackBANK0                          60       60       6A         1
                dataBANK0                            E9       E9        B         1
                bssBANK0                             CA       CA       13         1
                nvBANK0                              DD       DD        C         1

        CLASS   BANK1          
                bssBANK1                            100      100       82         1

        CLASS   BANK2          

        CLASS   BANK3          

        CLASS   BANK4          

        CLASS   BANK5          

        CLASS   SFR            

        CLASS   BIGSFR         

        CLASS   CONFIG         
                config                           300000   300000        E         4

        CLASS   IDLOC          
                idloc                            200000   200000        8         5

        CLASS   EEDATA         

        CLASS   FARRAM         

        CLASS   HEAP           

        CLASS   STACK          



SEGMENTS        Name                           Load    Length   Top    Selector   Space  Class

                reset_vec                      000000  000004  000004         0       0  CODE    
                cstackCOMRAM                   000001  00005F  000060         1       1  COMRAM  
                cstackBANK0                    000060  000094  0000F4        60       1  BANK0   
                bssBANK1                       000100  000082  000182       100       1  BANK1   
                smallconst                     000600  000046  000646       300       0  SMALLCON
                text6                          000646  003225  00386B       323       0  CODE    
                text38                         00386C  00002A  003896      1C36       0  CODE    


UNUSED ADDRESS RANGES

        Name                Unused          Largest block    Delta
        BANK0            0000F4-0000FF                C
        BANK1            000182-0001FF               7E
        BANK2            000200-0002FF              100
        BANK3            000300-0003FF              100
        BANK4            000400-0004FF              100
        BANK5            000500-0005FF              100
        BIGRAM           0000F4-0000FF                C
                         000182-0005FF              47E
        BIGSFR           000F60-000FFF               A0
        CODE             000004-0005FF              5FC
                         00386B-00386B                1
                         003896-007FFF             476A
        CONST            000004-0005FF              5FC
                         00386B-00386B                1
                         003896-007FFF             476A
        EEDATA           F00000-F000FF              100
        MEDIUMCONST      00386B-00386B                1
                         003896-007FFF             476A
        RAM              0000F4-0000FF                C
                         000182-0005FF              100
        SFR              000F60-000FFF               A0
        SMALLCONST       00386B-00386B                1
                         003896-007FFF              100

                                  Symbol Table

?_ADC_GetConversion                            cstackCOMRAM 000001
?___awdiv                                      cstackCOMRAM 000001
?___awmod                                      cstackCOMRAM 000001
?___fladd                                      cstackCOMRAM 000001
?___fldiv                                      cstackCOMRAM 000028
?___flmul                                      cstackCOMRAM 00000F
?___flneg                                      cstackCOMRAM 000001
?___flsub                                      cstackCOMRAM 000028
?___fltol                                      cstackCOMRAM 000001
?___fpclassifyf                                cstackCOMRAM 000001
?___wmul                                       cstackCOMRAM 000001
?___xxtofl                                     cstackCOMRAM 000001
?_atoi                                         cstackCOMRAM 000008
?_efgtoa                                       cstackCOMRAM 000055
?_floorf                                       cstackCOMRAM 000041
?_isdigit                                      cstackCOMRAM 000001
?_isspace                                      cstackCOMRAM 000001
?_isupper                                      cstackCOMRAM 000001
?_pad                                          cstackCOMRAM 000011
?_sprintf                                      cstackBANK0  0000B1
?_stoa                                         cstackCOMRAM 00000A
?_strlen                                       cstackCOMRAM 000001
?_strncmp                                      cstackCOMRAM 000001
?_tolower                                      cstackCOMRAM 000007
?_vfpfcnvrt                                    cstackBANK0  000097
?_vfprintf                                     cstackBANK0  0000A9
ADC_GetConversion@channel                      cstackCOMRAM 000005
EUSART_SetErrorHandler@interruptHandler        cstackCOMRAM 000001
EUSART_SetFramingErrorHandler@interruptHandler cstackCOMRAM 000001
EUSART_SetOverrunErrorHandler@interruptHandler cstackCOMRAM 000001
EUSART_Write@txData                            cstackCOMRAM 000001
USART_String_Transmit@string                   cstackCOMRAM 000002
_ADCON0                                        (abs)        000FC2
_ADCON0bits                                    (abs)        000FC2
_ADCON1                                        (abs)        000FC1
_ADCON2                                        (abs)        000FC0
_ADC_GetConversion                             text44       0036A8
_ADC_Initialize                                text43       003824
_ADC_InterruptHandler                          bssBANK0     0000DA
_ADRESH                                        (abs)        000FC4
_ADRESL                                        (abs)        000FC3
_ANSEL                                         (abs)        000F7E
_ANSELH                                        (abs)        000F7F
_BAUDCON                                       (abs)        000FB8
_EUSART_DefaultErrorHandler                    (abs)        000000
_EUSART_DefaultFramingErrorHandler             (abs)        000000
_EUSART_DefaultOverrunErrorHandler             (abs)        000000
_EUSART_ErrorHandler                           nvBANK0      0000E3
_EUSART_FramingErrorHandler                    nvBANK0      0000E7
_EUSART_Initialize                             text39       003668
_EUSART_OverrunErrorHandler                    nvBANK0      0000E5
_EUSART_SetErrorHandler                        text42       00388A
_EUSART_SetFramingErrorHandler                 text41       003880
_EUSART_SetOverrunErrorHandler                 text40       003876
_EUSART_Write                                  text35       00380E
_EUSART_is_tx_done                             text34       00383A
_EUSART_is_tx_ready                            text33       0037C0
_EUSART_is_tx_ready$467                        cstackCOMRAM 000001
_INTCON2bits                                   (abs)        000FF1
_INTCONbits                                    (abs)        000FF2
_LATA                                          (abs)        000F89
_LATB                                          (abs)        000F8A
_LATC                                          (abs)        000F8B
_LATD                                          (abs)        000F8C
_LATE                                          (abs)        000F8D
_OSCCON                                        (abs)        000FD3
_OSCILLATOR_Initialize                         text38       00386C
_OSCTUNE                                       (abs)        000F9B
_PIN_MANAGER_Initialize                        text37       00378A
_PIR1bits                                      (abs)        000F9E
_RCREG                                         (abs)        000FAE
_RCSTA                                         (abs)        000FAB
_RCSTAbits                                     (abs)        000FAB
_SPBRG                                         (abs)        000FAF
_SPBRGH                                        (abs)        000FB0
_SYSTEM_Initialize                             text36       00384E
_TRISA                                         (abs)        000F92
_TRISB                                         (abs)        000F93
_TRISC                                         (abs)        000F94
_TRISD                                         (abs)        000F95
_TRISE                                         (abs)        000F96
_TXREG                                         (abs)        000FAD
_TXSTA                                         (abs)        000FAC
_TXSTAbits                                     (abs)        000FAC
_USART_String_Transmit                         text32       00340C
_VREF                                          dataBANK0    0000F0
_Vin                                           nvBANK0      0000DD
_WPUB                                          (abs)        000F7C
__HRAM                                         (abs)        000000
__Habs1                                        abs1         000000
__Hbank0                                       bank0        000000
__Hbank1                                       bank1        000000
__Hbank2                                       bank2        000000
__Hbank3                                       bank3        000000
__Hbank4                                       bank4        000000
__Hbank5                                       bank5        000000
__Hbigbss                                      bigbss       000000
__Hbigdata                                     bigdata      000000
__Hbigram                                      bigram       000000
__Hbigsfr                                      bigsfr       000000
__Hbss                                         bss          000000
__HbssBANK0                                    bssBANK0     000000
__HbssBANK1                                    bssBANK1     000000
__Hcinit                                       cinit        000000
__Hclrtext                                     clrtext      000000
__Hcomram                                      comram       000000
__Hconfig                                      config       30000E
__Hconst                                       const        000000
__HcstackBANK0                                 cstackBANK0  000000
__HcstackCOMRAM                                cstackCOMRAM 000000
__Hdata                                        data         000000
__HdataBANK0                                   dataBANK0    000000
__Heeprom_data                                 eeprom_data  000000
__Hfarbss                                      farbss       000000
__Hfardata                                     fardata      000000
__Hheap                                        heap         000000
__Hibigdata                                    ibigdata     000000
__Hidata                                       idata        000000
__HidataBANK0                                  idataBANK0   000000
__Hidloc                                       idloc        200008
__Hifardata                                    ifardata     000000
__Hinit                                        init         000004
__Hintcode                                     intcode      000000
__Hintcode_body                                intcode_body 000000
__Hintcodelo                                   intcodelo    000000
__Hintentry                                    intentry     000000
__Hintret                                      intret       000000
__Hintsave_regs                                intsave_regs 000000
__Hirdata                                      irdata       000000
__Hmediumconst                                 mediumconst  000000
__HnvBANK0                                     nvBANK0      000000
__HnvFARRAM                                    nvFARRAM     000000
__Hnvbit                                       nvbit        000000
__Hnvrram                                      nvrram       000000
__Hparam                                       rparam       000000
__Hpowerup                                     powerup      000000
__Hram                                         ram          000000
__Hramtop                                      ramtop       000600
__Hrbit                                        rbit         000000
__Hrbss                                        rbss         000000
__Hrdata                                       rdata        000000
__Hreset_vec                                   reset_vec    000000
__Hrparam                                      rparam       000000
__Hsfr                                         sfr          000000
__Hsmallconst                                  smallconst   000646
__Hspace_0                                     (abs)        003896
__Hspace_1                                     (abs)        000182
__Hspace_2                                     (abs)        000000
__Hspace_4                                     (abs)        60000E
__Hstack                                       stack        000000
__Hstruct                                      struct       000000
__Htemp                                        temp         000000
__Htext                                        text         000000
__Htext0                                       text0        000000
__Htext1                                       text1        000000
__Htext10                                      text10       000000
__Htext11                                      text11       000000
__Htext12                                      text12       000000
__Htext13                                      text13       000000
__Htext14                                      text14       000000
__Htext15                                      text15       000000
__Htext16                                      text16       000000
__Htext17                                      text17       000000
__Htext18                                      text18       000000
__Htext19                                      text19       000000
__Htext2                                       text2        000000
__Htext20                                      text20       000000
__Htext21                                      text21       000000
__Htext22                                      text22       000000
__Htext23                                      text23       000000
__Htext24                                      text24       000000
__Htext25                                      text25       000000
__Htext26                                      text26       000000
__Htext27                                      text27       000000
__Htext28                                      text28       000000
__Htext29                                      text29       000000
__Htext3                                       text3        000000
__Htext30                                      text30       000000
__Htext31                                      text31       000000
__Htext32                                      text32       000000
__Htext33                                      text33       000000
__Htext34                                      text34       000000
__Htext35                                      text35       000000
__Htext36                                      text36       000000
__Htext37                                      text37       000000
__Htext38                                      text38       000000
__Htext39                                      text39       000000
__Htext4                                       text4        000000
__Htext40                                      text40       000000
__Htext41                                      text41       000000
__Htext42                                      text42       000000
__Htext43                                      text43       000000
__Htext44                                      text44       000000
__Htext5                                       text5        000000
__Htext6                                       text6        000000
__Htext7                                       text7        000000
__Htext8                                       text8        000000
__Htext9                                       text9        000000
__LRAM                                         (abs)        000001
__Labs1                                        abs1         000000
__Lbank0                                       bank0        000000
__Lbank1                                       bank1        000000
__Lbank2                                       bank2        000000
__Lbank3                                       bank3        000000
__Lbank4                                       bank4        000000
__Lbank5                                       bank5        000000
__Lbigbss                                      bigbss       000000
__Lbigdata                                     bigdata      000000
__Lbigram                                      bigram       000000
__Lbigsfr                                      bigsfr       000000
__Lbss                                         bss          000000
__LbssBANK0                                    bssBANK0     000000
__LbssBANK1                                    bssBANK1     000000
__Lcinit                                       cinit        000000
__Lclrtext                                     clrtext      000000
__Lcomram                                      comram       000000
__Lconfig                                      config       000000
__Lconst                                       const        000000
__LcstackBANK0                                 cstackBANK0  000000
__LcstackCOMRAM                                cstackCOMRAM 000000
__Ldata                                        data         000000
__LdataBANK0                                   dataBANK0    000000
__Leeprom_data                                 eeprom_data  000000
__Lfarbss                                      farbss       000000
__Lfardata                                     fardata      000000
__Lheap                                        heap         000000
__Libigdata                                    ibigdata     000000
__Lidata                                       idata        000000
__LidataBANK0                                  idataBANK0   000000
__Lidloc                                       idloc        000000
__Lifardata                                    ifardata     000000
__Linit                                        init         000000
__Lintcode                                     intcode      000000
__Lintcode_body                                intcode_body 000000
__Lintcodelo                                   intcodelo    000000
__Lintentry                                    intentry     000000
__Lintret                                      intret       000000
__Lintsave_regs                                intsave_regs 000000
__Lirdata                                      irdata       000000
__Lmediumconst                                 mediumconst  000000
__LnvBANK0                                     nvBANK0      000000
__LnvFARRAM                                    nvFARRAM     000000
__Lnvbit                                       nvbit        000000
__Lnvrram                                      nvrram       000000
__Lparam                                       rparam       000000
__Lpowerup                                     powerup      000000
__Lram                                         ram          000000
__Lramtop                                      ramtop       000600
__Lrbit                                        rbit         000000
__Lrbss                                        rbss         000000
__Lrdata                                       rdata        000000
__Lreset_vec                                   reset_vec    000000
__Lrparam                                      rparam       000000
__Lsfr                                         sfr          000000
__Lsmallconst                                  smallconst   000600
__Lspace_0                                     (abs)        000000
__Lspace_1                                     (abs)        000000
__Lspace_2                                     (abs)        000000
__Lspace_4                                     (abs)        000000
__Lstack                                       stack        000000
__Lstruct                                      struct       000000
__Ltemp                                        temp         000000
__Ltext                                        text         000000
__Ltext0                                       text0        000000
__Ltext1                                       text1        000000
__Ltext10                                      text10       000000
__Ltext11                                      text11       000000
__Ltext12                                      text12       000000
__Ltext13                                      text13       000000
__Ltext14                                      text14       000000
__Ltext15                                      text15       000000
__Ltext16                                      text16       000000
__Ltext17                                      text17       000000
__Ltext18                                      text18       000000
__Ltext19                                      text19       000000
__Ltext2                                       text2        000000
__Ltext20                                      text20       000000
__Ltext21                                      text21       000000
__Ltext22                                      text22       000000
__Ltext23                                      text23       000000
__Ltext24                                      text24       000000
__Ltext25                                      text25       000000
__Ltext26                                      text26       000000
__Ltext27                                      text27       000000
__Ltext28                                      text28       000000
__Ltext29                                      text29       000000
__Ltext3                                       text3        000000
__Ltext30                                      text30       000000
__Ltext31                                      text31       000000
__Ltext32                                      text32       000000
__Ltext33                                      text33       000000
__Ltext34                                      text34       000000
__Ltext35                                      text35       000000
__Ltext36                                      text36       000000
__Ltext37                                      text37       000000
__Ltext38                                      text38       000000
__Ltext39                                      text39       000000
__Ltext4                                       text4        000000
__Ltext40                                      text40       000000
__Ltext41                                      text41       000000
__Ltext42                                      text42       000000
__Ltext43                                      text43       000000
__Ltext44                                      text44       000000
__Ltext5                                       text5        000000
__Ltext6                                       text6        000000
__Ltext7                                       text7        000000
__Ltext8                                       text8        000000
__Ltext9                                       text9        000000
__S0                                           (abs)        003896
__S1                                           (abs)        000182
__S4                                           (abs)        000000
__S5                                           (abs)        000000
___awdiv                                       text26       003130
___awdiv@counter                               cstackCOMRAM 000005
___awdiv@dividend                              cstackCOMRAM 000001
___awdiv@divisor                               cstackCOMRAM 000003
___awdiv@quotient                              cstackCOMRAM 000007
___awdiv@sign                                  cstackCOMRAM 000006
___awmod                                       text25       0031F4
___awmod@counter                               cstackCOMRAM 000005
___awmod@dividend                              cstackCOMRAM 000001
___awmod@divisor                               cstackCOMRAM 000003
___awmod@sign                                  cstackCOMRAM 000006
___fladd                                       text19       001774
___fladd@a                                     cstackCOMRAM 000005
___fladd@aexp                                  cstackCOMRAM 00000E
___fladd@b                                     cstackCOMRAM 000001
___fladd@bexp                                  cstackCOMRAM 00000F
___fladd@grs                                   cstackCOMRAM 000010
___fladd@signs                                 cstackCOMRAM 00000D
___fldiv                                       text24       00205E
___fldiv@a                                     cstackCOMRAM 00002C
___fldiv@aexp                                  cstackCOMRAM 000040
___fldiv@b                                     cstackCOMRAM 000028
___fldiv@bexp                                  cstackCOMRAM 00003F
___fldiv@grs                                   cstackCOMRAM 00003B
___fldiv@new_exp                               cstackCOMRAM 000039
___fldiv@rem                                   cstackCOMRAM 000034
___fldiv@sign                                  cstackCOMRAM 000038
___fleq                                        text23       0032A4
___fleq@ff1                                    cstackCOMRAM 000001
___fleq@ff2                                    cstackCOMRAM 000005
___flge                                        text22       002CD0
___flge@ff1                                    cstackCOMRAM 000028
___flge@ff2                                    cstackCOMRAM 00002C
___flmul                                       text21       001C34
___flmul@a                                     cstackCOMRAM 000013
___flmul@aexp                                  cstackCOMRAM 000020
___flmul@b                                     cstackCOMRAM 00000F
___flmul@bexp                                  cstackCOMRAM 000021
___flmul@grs                                   cstackCOMRAM 00001C
___flmul@prod                                  cstackCOMRAM 000022
___flmul@sign                                  cstackCOMRAM 00001B
___flmul@temp                                  cstackCOMRAM 000026
___flneg                                       text20       00371A
___flneg@f1                                    cstackCOMRAM 000001
___flsub                                       text18       00359C
___flsub@a                                     cstackCOMRAM 00002C
___flsub@b                                     cstackCOMRAM 000028
___fltol                                       text17       002BCA
___fltol@exp1                                  cstackCOMRAM 00000A
___fltol@f1                                    cstackCOMRAM 000001
___fltol@sign1                                 cstackCOMRAM 000009
___fpclassifyf                                 text16       002DD4
___fpclassifyf@F465                            bssBANK0     0000CE
___fpclassifyf@e                               cstackCOMRAM 000009
___fpclassifyf@u                               cstackCOMRAM 00000B
___fpclassifyf@x                               cstackCOMRAM 000001
___heap_hi                                     (abs)        000000
___heap_lo                                     (abs)        000000
___inthi_sp                                    stack        000000
___intlo_sp                                    stack        000000
___param_bank                                  (abs)        000000
___rparam_used                                 (abs)        000001
___sp                                          stack        000000
___wmul                                        text30       0037E8
___wmul@multiplicand                           cstackCOMRAM 000003
___wmul@multiplier                             cstackCOMRAM 000001
___wmul@product                                cstackCOMRAM 000005
___xxtofl                                      text31       00260A
___xxtofl@arg                                  cstackCOMRAM 00000B
___xxtofl@exp                                  cstackCOMRAM 00000A
___xxtofl@sign                                 cstackCOMRAM 000009
___xxtofl@val                                  cstackCOMRAM 000001
__accesstop                                    (abs)        000060
__activetblptr                                 (abs)        000002
__end_of_ADC_GetConversion                     text44       0036E2
__end_of_ADC_Initialize                        text43       00383A
__end_of_EUSART_Initialize                     text39       0036A8
__end_of_EUSART_SetErrorHandler                text42       003894
__end_of_EUSART_SetFramingErrorHandler         text41       00388A
__end_of_EUSART_SetOverrunErrorHandler         text40       003880
__end_of_EUSART_Write                          text35       003824
__end_of_EUSART_is_tx_done                     text34       00384E
__end_of_EUSART_is_tx_ready                    text33       0037E8
__end_of_OSCILLATOR_Initialize                 text38       003876
__end_of_PIN_MANAGER_Initialize                text37       0037C0
__end_of_SYSTEM_Initialize                     text36       003860
__end_of_USART_String_Transmit                 text32       003464
__end_of___awdiv                               text26       0031F4
__end_of___awmod                               text25       0032A4
__end_of___fladd                               text19       001C34
__end_of___fldiv                               text24       0023F8
__end_of___fleq                                text23       00334E
__end_of___flge                                text22       002DD4
__end_of___flmul                               text21       00205E
__end_of___flneg                               text20       003752
__end_of___flsub                               text18       0035E2
__end_of___fltol                               text17       002CD0
__end_of___fpclassifyf                         text16       002ED2
__end_of___wmul                                text30       00380E
__end_of___xxtofl                              text31       0027BE
__end_of__initialization                       cinit        00365E
__end_of_atoi                                  text27       002AB0
__end_of_efgtoa                                text6        001250
__end_of_floorf                                text15       00260A
__end_of_fputc                                 text13       00306A
__end_of_fputs                                 text12       003626
__end_of_isdigit                               text29       00378A
__end_of_isspace                               text28       003508
__end_of_isupper                               text8        00371A
__end_of_main                                  text0        002FA0
__end_of_pad                                   text10       003130
__end_of_putch                                 text14       003896
__end_of_sprintf                               text1        0034B6
__end_of_stoa                                  text5        00295A
__end_of_strcpy                                text9        00340C
__end_of_strlen                                text11       003556
__end_of_strncmp                               text4        002BCA
__end_of_tolower                               text7        00359C
__end_of_vfpfcnvrt                             text3        001774
__end_of_vfprintf                              text2        0033B0
__initialization                               cinit        003626
__mediumconst                                  mediumconst  000000
__pbssBANK0                                    bssBANK0     0000CA
__pbssBANK1                                    bssBANK1     000100
__pcinit                                       cinit        003626
__pcstackBANK0                                 cstackBANK0  000060
__pcstackCOMRAM                                cstackCOMRAM 000001
__pdataBANK0                                   dataBANK0    0000E9
__pidataBANK0                                  idataBANK0   003860
__pnvBANK0                                     nvBANK0      0000DD
__psmallconst                                  smallconst   000600
__ptext0                                       text0        002ED2
__ptext1                                       text1        003464
__ptext10                                      text10       00306A
__ptext11                                      text11       003508
__ptext12                                      text12       0035E2
__ptext13                                      text13       002FA0
__ptext14                                      text14       003894
__ptext15                                      text15       0023F8
__ptext16                                      text16       002DD4
__ptext17                                      text17       002BCA
__ptext18                                      text18       00359C
__ptext19                                      text19       001774
__ptext2                                       text2        00334E
__ptext20                                      text20       00371A
__ptext21                                      text21       001C34
__ptext22                                      text22       002CD0
__ptext23                                      text23       0032A4
__ptext24                                      text24       00205E
__ptext25                                      text25       0031F4
__ptext26                                      text26       003130
__ptext27                                      text27       00295A
__ptext28                                      text28       0034B6
__ptext29                                      text29       003752
__ptext3                                       text3        001250
__ptext30                                      text30       0037E8
__ptext31                                      text31       00260A
__ptext32                                      text32       00340C
__ptext33                                      text33       0037C0
__ptext34                                      text34       00383A
__ptext35                                      text35       00380E
__ptext36                                      text36       00384E
__ptext37                                      text37       00378A
__ptext38                                      text38       00386C
__ptext39                                      text39       003668
__ptext4                                       text4        002AB0
__ptext40                                      text40       003876
__ptext41                                      text41       003880
__ptext42                                      text42       00388A
__ptext43                                      text43       003824
__ptext44                                      text44       0036A8
__ptext5                                       text5        0027BE
__ptext6                                       text6        000646
__ptext7                                       text7        003556
__ptext8                                       text8        0036E2
__ptext9                                       text9        0033B0
__ramtop                                       ramtop       000600
__smallconst                                   smallconst   000600
_adc                                           nvBANK0      0000E1
_atoi                                          text27       00295A
_dbuf                                          bssBANK1     000100
_efgtoa                                        text6        000646
_efgtoa$1105                                   cstackBANK0  000065
_efgtoa$1113                                   cstackBANK0  000067
_efgtoa$1114                                   cstackBANK0  000069
_eusartRxLastError                             bssBANK0     0000DC
_flags                                         bssBANK0     0000D8
_floorf                                        text15       0023F8
_fputc                                         text13       002FA0
_fputs                                         text12       0035E2
_intvalueASCII                                 bssBANK1     000150
_isdigit                                       text29       003752
_isspace                                       text28       0034B6
_isspace$1210                                  cstackCOMRAM 000007
_isupper                                       text8        0036E2
_main                                          text0        002ED2
_nout                                          bssBANK0     0000D2
_pad                                           text10       00306A
_prec                                          bssBANK0     0000D6
_putch                                         text14       003894
_sprintf                                       text1        003464
_stoa                                          text5        0027BE
_strcpy                                        text9        0033B0
_strlen                                        text11       003508
_strncmp                                       text4        002AB0
_tolower                                       text7        003556
_vfpfcnvrt                                     text3        001250
_vfpfcnvrt$1146                                cstackBANK0  00009F
_vfprintf                                      text2        00334E
_width                                         bssBANK0     0000D4
atoi@n                                         cstackCOMRAM 000010
atoi@neg                                       cstackCOMRAM 00000E
atoi@s                                         cstackCOMRAM 000008
efgtoa@c                                       cstackCOMRAM 00005B
efgtoa@d                                       cstackBANK0  000077
efgtoa@e                                       cstackBANK0  00008F
efgtoa@f                                       cstackCOMRAM 000057
efgtoa@fp                                      cstackCOMRAM 000055
efgtoa@g                                       cstackBANK0  00008B
efgtoa@h                                       cstackBANK0  000081
efgtoa@i                                       cstackBANK0  000089
efgtoa@l                                       cstackBANK0  000085
efgtoa@m                                       cstackBANK0  000071
efgtoa@mode                                    cstackBANK0  000080
efgtoa@n                                       cstackBANK0  000091
efgtoa@ne                                      cstackBANK0  00006F
efgtoa@nmode                                   cstackBANK0  00007F
efgtoa@ou                                      cstackBANK0  000073
efgtoa@p                                       cstackBANK0  00007B
efgtoa@pp                                      cstackBANK0  00006D
efgtoa@sign                                    cstackBANK0  000079
efgtoa@t                                       cstackBANK0  00006B
efgtoa@u                                       cstackBANK0  000093
efgtoa@w                                       cstackBANK0  00007D
end_of_initialization                          cinit        00365E
floorf@F526                                    bssBANK0     0000CA
floorf@e                                       cstackCOMRAM 00004F
floorf@m                                       cstackCOMRAM 00004B
floorf@u                                       cstackCOMRAM 000051
floorf@x                                       cstackCOMRAM 000041
fputc@c                                        cstackCOMRAM 000001
fputc@fp                                       cstackCOMRAM 000003
fputs@c                                        cstackCOMRAM 00000E
fputs@fp                                       cstackCOMRAM 00000C
fputs@i                                        cstackCOMRAM 00000F
fputs@s                                        cstackCOMRAM 00000A
intlevel0                                      text         000000
intlevel1                                      text         000000
intlevel2                                      text         000000
intlevel3                                      text         000000
isa$std                                        (abs)        000001
isa$xinst                                      (abs)        000000
isdigit@c                                      cstackCOMRAM 000001
isspace@c                                      cstackCOMRAM 000001
isupper@c                                      cstackCOMRAM 000001
pad@buf                                        cstackCOMRAM 000013
pad@fp                                         cstackCOMRAM 000011
pad@i                                          cstackCOMRAM 000018
pad@p                                          cstackCOMRAM 000015
pad@w                                          cstackCOMRAM 00001A
sprintf@ap                                     cstackBANK0  0000BD
sprintf@f                                      cstackBANK0  0000BF
sprintf@fmt                                    cstackBANK0  0000B3
sprintf@s                                      cstackBANK0  0000B1
stackhi                                        (abs)        000000
stacklo                                        (abs)        000000
start                                          init         000000
start_initialization                           cinit        003626
stoa@F1164                                     dataBANK0    0000E9
stoa@cp                                        cstackCOMRAM 00001A
stoa@fp                                        cstackCOMRAM 00000A
stoa@i                                         cstackCOMRAM 000016
stoa@l                                         cstackCOMRAM 00001E
stoa@nuls                                      cstackCOMRAM 00000F
stoa@p                                         cstackCOMRAM 00001C
stoa@s                                         cstackCOMRAM 00000C
stoa@w                                         cstackCOMRAM 000018
strcpy@d                                       cstackCOMRAM 000009
strcpy@dest                                    cstackCOMRAM 000001
strcpy@s                                       cstackCOMRAM 000007
strcpy@src                                     cstackCOMRAM 000003
strlen@a                                       cstackCOMRAM 000003
strlen@s                                       cstackCOMRAM 000001
strncmp@_l                                     cstackCOMRAM 000001
strncmp@_r                                     cstackCOMRAM 000003
strncmp@l                                      cstackCOMRAM 000008
strncmp@n                                      cstackCOMRAM 000005
strncmp@r                                      cstackCOMRAM 00000A
tolower@c                                      cstackCOMRAM 000007
vfpfcnvrt@ap                                   cstackBANK0  00009B
vfpfcnvrt@c                                    cstackBANK0  0000A8
vfpfcnvrt@cp                                   cstackBANK0  00009D
vfpfcnvrt@ct                                   cstackBANK0  0000A5
vfpfcnvrt@f                                    cstackBANK0  0000A1
vfpfcnvrt@fmt                                  cstackBANK0  000099
vfpfcnvrt@fp                                   cstackBANK0  000097
vfprintf@ap                                    cstackBANK0  0000AD
vfprintf@cfmt                                  cstackBANK0  0000AF
vfprintf@fmt                                   cstackBANK0  0000AB
vfprintf@fp                                    cstackBANK0  0000A9


MODULE INFORMATION

Module		Function		Class		Link	Load	Size
C:\Program Files\Microchip\xc8\v2.36\pic\sources\c99\common\putch.c
		_putch         		CODE           	3894	0000	2

C:\Program Files\Microchip\xc8\v2.36\pic\sources\c99\common\putch.c estimated size: 2

C:\Program Files\Microchip\xc8\v2.36\pic\sources\c99\common\nf_fputs.c
		_fputs         		CODE           	35E2	0000	68

C:\Program Files\Microchip\xc8\v2.36\pic\sources\c99\common\nf_fputs.c estimated size: 68

C:\Program Files\Microchip\xc8\v2.36\pic\sources\c99\common\strncmp.c
		_strncmp       		CODE           	2AB0	0000	282

C:\Program Files\Microchip\xc8\v2.36\pic\sources\c99\common\strncmp.c estimated size: 282

C:\Program Files\Microchip\xc8\v2.36\pic\sources\c99\common\tolower.c
		_tolower       		CODE           	3556	0000	70

C:\Program Files\Microchip\xc8\v2.36\pic\sources\c99\common\tolower.c estimated size: 70

C:\Program Files\Microchip\xc8\v2.36\pic\sources\c99\common\__fpclassifyf.c
		___fpclassifyf 		CODE           	2DD4	0000	254

C:\Program Files\Microchip\xc8\v2.36\pic\sources\c99\common\__fpclassifyf.c estimated size: 254

C:\Program Files\Microchip\xc8\v2.36\pic\sources\c99\common\sprcmul.c
		___flmul       		CODE           	1C34	0000	1066

C:\Program Files\Microchip\xc8\v2.36\pic\sources\c99\common\sprcmul.c estimated size: 1066

C:\Program Files\Microchip\xc8\v2.36\pic\sources\c99\common\floorf.c
		_floorf        		CODE           	23F8	0000	530

C:\Program Files\Microchip\xc8\v2.36\pic\sources\c99\common\floorf.c estimated size: 530

C:\Program Files\Microchip\xc8\v2.36\pic\sources\c99\common\sprcdiv.c
		___fldiv       		CODE           	205E	0000	922

C:\Program Files\Microchip\xc8\v2.36\pic\sources\c99\common\sprcdiv.c estimated size: 922

C:\Program Files\Microchip\xc8\v2.36\pic\sources\c99\common\atoi.c
		_atoi          		CODE           	295A	0000	342

C:\Program Files\Microchip\xc8\v2.36\pic\sources\c99\common\atoi.c estimated size: 342

C:\Program Files\Microchip\xc8\v2.36\pic\sources\c99\common\fleq.c
		___fleq        		CODE           	32A4	0000	170

C:\Program Files\Microchip\xc8\v2.36\pic\sources\c99\common\fleq.c estimated size: 170

C:\Program Files\Microchip\xc8\v2.36\pic\sources\c99\common\awmod.c
		___awmod       		CODE           	31F4	0000	176

C:\Program Files\Microchip\xc8\v2.36\pic\sources\c99\common\awmod.c estimated size: 176

C:\Program Files\Microchip\xc8\v2.36\pic\sources\c99\common\nf_sprintf.c
		_sprintf       		CODE           	3464	0000	82

C:\Program Files\Microchip\xc8\v2.36\pic\sources\c99\common\nf_sprintf.c estimated size: 82

C:\Program Files\Microchip\xc8\v2.36\pic\sources\c99\common\isspace.c
		_isspace       		CODE           	34B6	0000	82

C:\Program Files\Microchip\xc8\v2.36\pic\sources\c99\common\isspace.c estimated size: 82

C:\Program Files\Microchip\xc8\v2.36\pic\sources\c99\common\xxtofl.c
		___xxtofl      		CODE           	260A	0000	436

C:\Program Files\Microchip\xc8\v2.36\pic\sources\c99\common\xxtofl.c estimated size: 436

mcc_generated_files/pin_manager.c
		_PIN_MANAGER_Initialize		CODE           	378A	0000	54

mcc_generated_files/pin_manager.c estimated size: 54

C:\Program Files\Microchip\xc8\v2.36\pic\sources\c99\common\strlen.c
		_strlen        		CODE           	3508	0000	78

C:\Program Files\Microchip\xc8\v2.36\pic\sources\c99\common\strlen.c estimated size: 78

mcc_generated_files/adc.c
		_ADC_Initialize		CODE           	3824	0000	22
		_ADC_GetConversion		CODE           	36A8	0000	58

mcc_generated_files/adc.c estimated size: 80

C:\Program Files\Microchip\xc8\v2.36\pic\sources\c99\common\strcpy.c
		_strcpy        		CODE           	33B0	0000	92

C:\Program Files\Microchip\xc8\v2.36\pic\sources\c99\common\strcpy.c estimated size: 92

C:\Program Files\Microchip\xc8\v2.36\pic\sources\c99\common\nf_fputc.c
		_fputc         		CODE           	2FA0	0000	202

C:\Program Files\Microchip\xc8\v2.36\pic\sources\c99\common\nf_fputc.c estimated size: 202

C:\Program Files\Microchip\xc8\v2.36\pic\sources\c99\common\isdigit.c
		_isdigit       		CODE           	3752	0000	56

C:\Program Files\Microchip\xc8\v2.36\pic\sources\c99\common\isdigit.c estimated size: 56

C:\Program Files\Microchip\xc8\v2.36\pic\sources\c99\common\sprcadd.c
		___flsub       		CODE           	359C	0000	70
		___fladd       		CODE           	1774	0000	1216

C:\Program Files\Microchip\xc8\v2.36\pic\sources\c99\common\sprcadd.c estimated size: 1286

C:\Program Files\Microchip\xc8\v2.36\pic\sources\c99\common\awdiv.c
		___awdiv       		CODE           	3130	0000	196

C:\Program Files\Microchip\xc8\v2.36\pic\sources\c99\common\awdiv.c estimated size: 196

C:\Program Files\Microchip\xc8\v2.36\pic\sources\c99\common\doprnt.c
		_vfpfcnvrt     		CODE           	1250	0000	1316
		_efgtoa        		CODE           	0646	0000	3082
		_pad           		CODE           	306A	0000	198
		_vfprintf      		CODE           	334E	0000	98
		_stoa          		CODE           	27BE	0000	412

C:\Program Files\Microchip\xc8\v2.36\pic\sources\c99\common\doprnt.c estimated size: 5106

C:\Program Files\Microchip\xc8\v2.36\pic\sources\c99\common\fltol.c
		___fltol       		CODE           	2BCA	0000	262

C:\Program Files\Microchip\xc8\v2.36\pic\sources\c99\common\fltol.c estimated size: 262

shared
		__initialization		CODE           	3626	0000	56

shared estimated size: 56

mcc_generated_files/mcc.c
		_OSCILLATOR_Initialize		CODE           	386C	0000	10
		_SYSTEM_Initialize		CODE           	384E	0000	18

mcc_generated_files/mcc.c estimated size: 28

C:\Program Files\Microchip\xc8\v2.36\pic\sources\c99\common\flge.c
		___flge        		CODE           	2CD0	0000	260

C:\Program Files\Microchip\xc8\v2.36\pic\sources\c99\common\flge.c estimated size: 260

mcc_generated_files/eusart.c
		_EUSART_Write  		CODE           	380E	0000	22
		_EUSART_is_tx_done		CODE           	383A	0000	20
		_EUSART_Initialize		CODE           	3668	0000	64
		_EUSART_SetFramingErrorHandler		CODE           	3880	0000	10
		_EUSART_SetErrorHandler		CODE           	388A	0000	10
		_EUSART_SetOverrunErrorHandler		CODE           	3876	0000	10
		_EUSART_is_tx_ready		CODE           	37C0	0000	40

mcc_generated_files/eusart.c estimated size: 176

main.c
		_USART_String_Transmit		CODE           	340C	0000	88
		_main          		CODE           	2ED2	0000	206

main.c estimated size: 294

C:\Program Files\Microchip\xc8\v2.36\pic\sources\c99\common\Umul16.c
		___wmul        		CODE           	37E8	0000	38

C:\Program Files\Microchip\xc8\v2.36\pic\sources\c99\common\Umul16.c estimated size: 38

C:\Program Files\Microchip\xc8\v2.36\pic\sources\c99\common\flneg.c
		___flneg       		CODE           	371A	0000	56

C:\Program Files\Microchip\xc8\v2.36\pic\sources\c99\common\flneg.c estimated size: 56

C:\Program Files\Microchip\xc8\v2.36\pic\sources\c99\common\isupper.c
		_isupper       		CODE           	36E2	0000	56

C:\Program Files\Microchip\xc8\v2.36\pic\sources\c99\common\isupper.c estimated size: 56

